info: experimental features enabled: setup-scripts
warning: in config file .config/nextest.toml, ignoring unknown configuration keys: 
  - profile.ci.overrides.1.test-threads
  - scripts.setup.build-test-fixtures.platform
  - scripts.setup.prepare-test-env.platform
warning: field `anchors` is never read
  --> src/de.rs:14:5
   |
8  | pub struct YamlDeserializer<'de> {
   |            ---------------- field in this struct
...
14 |     anchors: Option<&'de HashMap<usize, Yaml>>,
   |     ^^^^^^^
   |
   = note: `#[warn(dead_code)]` on by default

warning: constant `MAX_EXPANSION_DEPTH` is never used
  --> src/de.rs:18:7
   |
18 | const MAX_EXPANSION_DEPTH: usize = 100;
   |       ^^^^^^^^^^^^^^^^^^^

warning: associated function `new` is never used
   --> src/de.rs:555:8
    |
553 | impl<'de, I> SeqDeserializer<'de, I> {
    | ------------------------------------ associated function in this implementation
554 |     #[inline]
555 |     fn new(iter: I) -> Self {
    |        ^^^

warning: associated function `new` is never used
   --> src/de.rs:615:8
    |
613 | impl<'de, I> MapDeserializer<'de, I> {
    | ------------------------------------ associated function in this implementation
614 |     #[inline]
615 |     fn new(iter: I) -> Self {
    |        ^^^

warning: field `alias_count` is never read
   --> src/parser/loader.rs:504:5
    |
496 | pub struct YamlReceiver {
    |            ------------ field in this struct
...
504 |     alias_count: usize,
    |     ^^^^^^^^^^^

warning: `yyaml` (lib) generated 5 warnings
warning: `yyaml` (lib test) generated 5 warnings (5 duplicates)
    Finished `test` profile [unoptimized + debuginfo] target(s) in 0.44s
────────────
 Nextest run ID 713ebd9c-095d-4e15-afc8-7dcc2ab40408 with nextest profile: default
    Starting 185 tests across 19 binaries
  TRY 1 FAIL [   1.268s] yyaml::test_de test_byte_order_mark
  stdout ───

    running 1 test
    test test_byte_order_mark ... FAILED

    failures:

    failures:
        test_byte_order_mark

    test result: FAILED. 0 passed; 1 failed; 0 ignored; 0 measured; 22 filtered out; finished in 1.26s

  stderr ───

    thread 'test_byte_order_mark' panicked at tests/test_de.rs:32:50:
    called `Result::unwrap()` on an `Err` value: Custom("expected sequence")
    stack backtrace:
       0:        0x102d4ca84 - std::backtrace_rs::backtrace::libunwind::trace::h55ff2b95044b23af
                                   at /rustc/a84ab0ce6c4557a2f01a3a6c3fdb0f92098db78d/library/std/src/../../backtrace/src/backtrace/libunwind.rs:117:9
       1:        0x102d4ca84 - std::backtrace_rs::backtrace::trace_unsynchronized::h27d3915c5fade0eb
                                   at /rustc/a84ab0ce6c4557a2f01a3a6c3fdb0f92098db78d/library/std/src/../../backtrace/src/backtrace/mod.rs:66:14
       2:        0x102d4ca84 - std::sys::backtrace::_print_fmt::h8814266628a35447
                                   at /rustc/a84ab0ce6c4557a2f01a3a6c3fdb0f92098db78d/library/std/src/sys/backtrace.rs:66:9
       3:        0x102d4ca84 - <std::sys::backtrace::BacktraceLock::print::DisplayBacktrace as core::fmt::Display>::fmt::h5e725fe22fa64edb
                                   at /rustc/a84ab0ce6c4557a2f01a3a6c3fdb0f92098db78d/library/std/src/sys/backtrace.rs:39:26
       4:        0x102d68f00 - core::fmt::rt::Argument::fmt::he1ba4eb06f4d26ae
                                   at /rustc/a84ab0ce6c4557a2f01a3a6c3fdb0f92098db78d/library/core/src/fmt/rt.rs:173:76
       5:        0x102d68f00 - core::fmt::write::h8e1a8a4d36399bb5
                                   at /rustc/a84ab0ce6c4557a2f01a3a6c3fdb0f92098db78d/library/core/src/fmt/mod.rs:1465:25
       6:        0x102d4a770 - std::io::default_write_fmt::hfe5ca79aa8977266
                                   at /rustc/a84ab0ce6c4557a2f01a3a6c3fdb0f92098db78d/library/std/src/io/mod.rs:639:11
       7:        0x102d4a770 - std::io::Write::write_fmt::h0e6971909a7068ed
                                   at /rustc/a84ab0ce6c4557a2f01a3a6c3fdb0f92098db78d/library/std/src/io/mod.rs:1954:13
       8:        0x102d4c938 - std::sys::backtrace::BacktraceLock::print::h356b93a0435479ac
                                   at /rustc/a84ab0ce6c4557a2f01a3a6c3fdb0f92098db78d/library/std/src/sys/backtrace.rs:42:9
       9:        0x102d4de98 - std::panicking::default_hook::{{closure}}::h96886c361ce2e5ed
                                   at /rustc/a84ab0ce6c4557a2f01a3a6c3fdb0f92098db78d/library/std/src/panicking.rs:300:27
      10:        0x102d4dce8 - std::panicking::default_hook::h205a855c3bc7384c
                                   at /rustc/a84ab0ce6c4557a2f01a3a6c3fdb0f92098db78d/library/std/src/panicking.rs:327:9
      11:        0x102d4e920 - std::panicking::rust_panic_with_hook::hf78b19a86c461f44
                                   at /rustc/a84ab0ce6c4557a2f01a3a6c3fdb0f92098db78d/library/std/src/panicking.rs:833:13
      12:        0x102d4e554 - std::panicking::begin_panic_handler::{{closure}}::h05c1a3f496032da4
                                   at /rustc/a84ab0ce6c4557a2f01a3a6c3fdb0f92098db78d/library/std/src/panicking.rs:706:13
      13:        0x102d4cf30 - std::sys::backtrace::__rust_end_short_backtrace::hb1ad2b94954f716c
                                   at /rustc/a84ab0ce6c4557a2f01a3a6c3fdb0f92098db78d/library/std/src/sys/backtrace.rs:168:18
      14:        0x102d4e230 - __rustc[c0c724db799d4e69]::rust_begin_unwind
                                   at /rustc/a84ab0ce6c4557a2f01a3a6c3fdb0f92098db78d/library/std/src/panicking.rs:697:5
      15:        0x102d7b634 - core::panicking::panic_fmt::hf0f4ee38d6b2b5ec
                                   at /rustc/a84ab0ce6c4557a2f01a3a6c3fdb0f92098db78d/library/core/src/panicking.rs:75:14
      16:        0x102d7b9ec - core::result::unwrap_failed::h3d4344ad99c2aa29
                                   at /rustc/a84ab0ce6c4557a2f01a3a6c3fdb0f92098db78d/library/core/src/result.rs:1761:5
      17:        0x102a8071c - core::result::Result<T,E>::unwrap::h69e497d1485cdbb4
                                   at /Users/davidmaple/.rustup/toolchains/nightly-aarch64-apple-darwin/lib/rustlib/src/rust/library/core/src/result.rs:1167:23
      18:        0x102a8071c - test_de::test_de::hd58c0b7282626489
                                   at /Volumes/samsung_t9/yyaml/tests/test_de.rs:32:50
      19:        0x102a4b93c - test_de::test_byte_order_mark::h584ab1a5af033637
                                   at /Volumes/samsung_t9/yyaml/tests/test_de.rs:372:5
      20:        0x102a8fd48 - test_de::test_byte_order_mark::{{closure}}::hb811676d6a14e746
                                   at /Volumes/samsung_t9/yyaml/tests/test_de.rs:369:26
      21:        0x102a63960 - core::ops::function::FnOnce::call_once::h8015b57ba507ceae
                                   at /Users/davidmaple/.rustup/toolchains/nightly-aarch64-apple-darwin/lib/rustlib/src/rust/library/core/src/ops/function.rs:250:5
      22:        0x102cd5110 - core::ops::function::FnOnce::call_once::h1d7d96894b57f1a8
                                   at /rustc/a84ab0ce6c4557a2f01a3a6c3fdb0f92098db78d/library/core/src/ops/function.rs:250:5
      23:        0x102cd5110 - test::__rust_begin_short_backtrace::h49df205d5e8fa5ed
                                   at /rustc/a84ab0ce6c4557a2f01a3a6c3fdb0f92098db78d/library/test/src/lib.rs:648:18
      24:        0x102cd4428 - test::run_test_in_process::{{closure}}::h541faf28c3f28e80
                                   at /rustc/a84ab0ce6c4557a2f01a3a6c3fdb0f92098db78d/library/test/src/lib.rs:671:74
      25:        0x102cd4428 - <core::panic::unwind_safe::AssertUnwindSafe<F> as core::ops::function::FnOnce<()>>::call_once::h236201a0c4e41711
                                   at /rustc/a84ab0ce6c4557a2f01a3a6c3fdb0f92098db78d/library/core/src/panic/unwind_safe.rs:272:9
      26:        0x102cd4428 - std::panicking::catch_unwind::do_call::hae5173175ee45e1c
                                   at /rustc/a84ab0ce6c4557a2f01a3a6c3fdb0f92098db78d/library/std/src/panicking.rs:589:40
      27:        0x102cd4428 - std::panicking::catch_unwind::h6a8d053f04cf2627
                                   at /rustc/a84ab0ce6c4557a2f01a3a6c3fdb0f92098db78d/library/std/src/panicking.rs:552:19
      28:        0x102cd4428 - std::panic::catch_unwind::hb283f1f01526f170
                                   at /rustc/a84ab0ce6c4557a2f01a3a6c3fdb0f92098db78d/library/std/src/panic.rs:359:14
      29:        0x102cd4428 - test::run_test_in_process::h9430f8627c0c1382
                                   at /rustc/a84ab0ce6c4557a2f01a3a6c3fdb0f92098db78d/library/test/src/lib.rs:671:27
      30:        0x102cd4428 - test::run_test::{{closure}}::h751bf9ca7de48114
                                   at /rustc/a84ab0ce6c4557a2f01a3a6c3fdb0f92098db78d/library/test/src/lib.rs:592:43
      31:        0x102ca46dc - test::run_test::{{closure}}::h86d6947403d809a5
                                   at /rustc/a84ab0ce6c4557a2f01a3a6c3fdb0f92098db78d/library/test/src/lib.rs:622:41
      32:        0x102ca46dc - std::sys::backtrace::__rust_begin_short_backtrace::ha06e6ebca7f7fc41
                                   at /rustc/a84ab0ce6c4557a2f01a3a6c3fdb0f92098db78d/library/std/src/sys/backtrace.rs:152:18
      33:        0x102ca7720 - std::thread::Builder::spawn_unchecked_::{{closure}}::{{closure}}::h340f74199c0374be
                                   at /rustc/a84ab0ce6c4557a2f01a3a6c3fdb0f92098db78d/library/std/src/thread/mod.rs:559:17
      34:        0x102ca7720 - <core::panic::unwind_safe::AssertUnwindSafe<F> as core::ops::function::FnOnce<()>>::call_once::hcab50c7bfdc5f301
                                   at /rustc/a84ab0ce6c4557a2f01a3a6c3fdb0f92098db78d/library/core/src/panic/unwind_safe.rs:272:9
      35:        0x102ca7720 - std::panicking::catch_unwind::do_call::h33579d92230f25ee
                                   at /rustc/a84ab0ce6c4557a2f01a3a6c3fdb0f92098db78d/library/std/src/panicking.rs:589:40
      36:        0x102ca7720 - std::panicking::catch_unwind::h3f0594f05de65a14
                                   at /rustc/a84ab0ce6c4557a2f01a3a6c3fdb0f92098db78d/library/std/src/panicking.rs:552:19
      37:        0x102ca7720 - std::panic::catch_unwind::h206b182460dad7bb
                                   at /rustc/a84ab0ce6c4557a2f01a3a6c3fdb0f92098db78d/library/std/src/panic.rs:359:14
      38:        0x102ca7720 - std::thread::Builder::spawn_unchecked_::{{closure}}::h65fc314577009d40
                                   at /rustc/a84ab0ce6c4557a2f01a3a6c3fdb0f92098db78d/library/std/src/thread/mod.rs:557:30
      39:        0x102ca7720 - core::ops::function::FnOnce::call_once{{vtable.shim}}::h55722ca4b30b1375
                                   at /rustc/a84ab0ce6c4557a2f01a3a6c3fdb0f92098db78d/library/core/src/ops/function.rs:250:5
      40:        0x102d50ca4 - <alloc::boxed::Box<F,A> as core::ops::function::FnOnce<Args>>::call_once::hc690e8f7f863e4a4
                                   at /rustc/a84ab0ce6c4557a2f01a3a6c3fdb0f92098db78d/library/alloc/src/boxed.rs:1971:9
      41:        0x102d50ca4 - <alloc::boxed::Box<F,A> as core::ops::function::FnOnce<Args>>::call_once::hbd7368fd73181a81
                                   at /rustc/a84ab0ce6c4557a2f01a3a6c3fdb0f92098db78d/library/alloc/src/boxed.rs:1971:9
      42:        0x102d50ca4 - std::sys::pal::unix::thread::Thread::new::thread_start::h68f6477ab49ddfa6
                                   at /rustc/a84ab0ce6c4557a2f01a3a6c3fdb0f92098db78d/library/std/src/sys/pal/unix/thread.rs:97:17
      43:        0x18cb17c0c - __pthread_cond_wait

   DELAY 2/2 by   0.100s yyaml::test_de test_byte_order_mark
  TRY 1 FAIL [   1.271s] yyaml::test_de test_borrowed
  stdout ───

    running 1 test
    PARSER DEBUG: Detected sequence start, forcing full parser
    test test_borrowed ... FAILED

    failures:

    failures:
        test_borrowed

    test result: FAILED. 0 passed; 1 failed; 0 ignored; 0 measured; 22 filtered out; finished in 1.26s

  stderr ───

    thread 'test_borrowed' panicked at tests/test_de.rs:56:5:
    assertion `left == right` failed
      left: ["plain nonàscii", "single quoted", "double quoted"]
     right: []
    stack backtrace:
       0:        0x102488a84 - std::backtrace_rs::backtrace::libunwind::trace::h55ff2b95044b23af
                                   at /rustc/a84ab0ce6c4557a2f01a3a6c3fdb0f92098db78d/library/std/src/../../backtrace/src/backtrace/libunwind.rs:117:9
       1:        0x102488a84 - std::backtrace_rs::backtrace::trace_unsynchronized::h27d3915c5fade0eb
                                   at /rustc/a84ab0ce6c4557a2f01a3a6c3fdb0f92098db78d/library/std/src/../../backtrace/src/backtrace/mod.rs:66:14
       2:        0x102488a84 - std::sys::backtrace::_print_fmt::h8814266628a35447
                                   at /rustc/a84ab0ce6c4557a2f01a3a6c3fdb0f92098db78d/library/std/src/sys/backtrace.rs:66:9
       3:        0x102488a84 - <std::sys::backtrace::BacktraceLock::print::DisplayBacktrace as core::fmt::Display>::fmt::h5e725fe22fa64edb
                                   at /rustc/a84ab0ce6c4557a2f01a3a6c3fdb0f92098db78d/library/std/src/sys/backtrace.rs:39:26
       4:        0x1024a4f00 - core::fmt::rt::Argument::fmt::he1ba4eb06f4d26ae
                                   at /rustc/a84ab0ce6c4557a2f01a3a6c3fdb0f92098db78d/library/core/src/fmt/rt.rs:173:76
       5:        0x1024a4f00 - core::fmt::write::h8e1a8a4d36399bb5
                                   at /rustc/a84ab0ce6c4557a2f01a3a6c3fdb0f92098db78d/library/core/src/fmt/mod.rs:1465:25
       6:        0x102486770 - std::io::default_write_fmt::hfe5ca79aa8977266
                                   at /rustc/a84ab0ce6c4557a2f01a3a6c3fdb0f92098db78d/library/std/src/io/mod.rs:639:11
       7:        0x102486770 - std::io::Write::write_fmt::h0e6971909a7068ed
                                   at /rustc/a84ab0ce6c4557a2f01a3a6c3fdb0f92098db78d/library/std/src/io/mod.rs:1954:13
       8:        0x102488938 - std::sys::backtrace::BacktraceLock::print::h356b93a0435479ac
                                   at /rustc/a84ab0ce6c4557a2f01a3a6c3fdb0f92098db78d/library/std/src/sys/backtrace.rs:42:9
       9:        0x102489e98 - std::panicking::default_hook::{{closure}}::h96886c361ce2e5ed
                                   at /rustc/a84ab0ce6c4557a2f01a3a6c3fdb0f92098db78d/library/std/src/panicking.rs:300:27
      10:        0x102489ce8 - std::panicking::default_hook::h205a855c3bc7384c
                                   at /rustc/a84ab0ce6c4557a2f01a3a6c3fdb0f92098db78d/library/std/src/panicking.rs:327:9
      11:        0x10248a920 - std::panicking::rust_panic_with_hook::hf78b19a86c461f44
                                   at /rustc/a84ab0ce6c4557a2f01a3a6c3fdb0f92098db78d/library/std/src/panicking.rs:833:13
      12:        0x10248a554 - std::panicking::begin_panic_handler::{{closure}}::h05c1a3f496032da4
                                   at /rustc/a84ab0ce6c4557a2f01a3a6c3fdb0f92098db78d/library/std/src/panicking.rs:706:13
      13:        0x102488f30 - std::sys::backtrace::__rust_end_short_backtrace::hb1ad2b94954f716c
                                   at /rustc/a84ab0ce6c4557a2f01a3a6c3fdb0f92098db78d/library/std/src/sys/backtrace.rs:168:18
      14:        0x10248a230 - __rustc[c0c724db799d4e69]::rust_begin_unwind
                                   at /rustc/a84ab0ce6c4557a2f01a3a6c3fdb0f92098db78d/library/std/src/panicking.rs:697:5
      15:        0x1024b7634 - core::panicking::panic_fmt::hf0f4ee38d6b2b5ec
                                   at /rustc/a84ab0ce6c4557a2f01a3a6c3fdb0f92098db78d/library/core/src/panicking.rs:75:14
      16:        0x1024b7990 - core::panicking::assert_failed_inner::h2609a8f103a6e931
      17:        0x1024ad43c - core::panicking::assert_failed::hc7e44219e45c6f7a
                                   at /Users/davidmaple/.rustup/toolchains/nightly-aarch64-apple-darwin/lib/rustlib/src/rust/library/core/src/panicking.rs:403:5
      18:        0x1021be96c - test_de::test_de_no_value::hcb0bd8d2b3cc4090
                                   at /Volumes/samsung_t9/yyaml/tests/test_de.rs:56:5
      19:        0x10218567c - test_de::test_borrowed::h6deb422ac90f7151
                                   at /Volumes/samsung_t9/yyaml/tests/test_de.rs:84:5
      20:        0x1021bf294 - test_de::test_borrowed::{{closure}}::h37bd9f8a07b412fc
                                   at /Volumes/samsung_t9/yyaml/tests/test_de.rs:77:19
      21:        0x10219f298 - core::ops::function::FnOnce::call_once::h09c4d9078ab1e8e6
                                   at /Users/davidmaple/.rustup/toolchains/nightly-aarch64-apple-darwin/lib/rustlib/src/rust/library/core/src/ops/function.rs:250:5
      22:        0x102411110 - core::ops::function::FnOnce::call_once::h1d7d96894b57f1a8
                                   at /rustc/a84ab0ce6c4557a2f01a3a6c3fdb0f92098db78d/library/core/src/ops/function.rs:250:5
      23:        0x102411110 - test::__rust_begin_short_backtrace::h49df205d5e8fa5ed
                                   at /rustc/a84ab0ce6c4557a2f01a3a6c3fdb0f92098db78d/library/test/src/lib.rs:648:18
      24:        0x102410428 - test::run_test_in_process::{{closure}}::h541faf28c3f28e80
                                   at /rustc/a84ab0ce6c4557a2f01a3a6c3fdb0f92098db78d/library/test/src/lib.rs:671:74
      25:        0x102410428 - <core::panic::unwind_safe::AssertUnwindSafe<F> as core::ops::function::FnOnce<()>>::call_once::h236201a0c4e41711
                                   at /rustc/a84ab0ce6c4557a2f01a3a6c3fdb0f92098db78d/library/core/src/panic/unwind_safe.rs:272:9
      26:        0x102410428 - std::panicking::catch_unwind::do_call::hae5173175ee45e1c
                                   at /rustc/a84ab0ce6c4557a2f01a3a6c3fdb0f92098db78d/library/std/src/panicking.rs:589:40
      27:        0x102410428 - std::panicking::catch_unwind::h6a8d053f04cf2627
                                   at /rustc/a84ab0ce6c4557a2f01a3a6c3fdb0f92098db78d/library/std/src/panicking.rs:552:19
      28:        0x102410428 - std::panic::catch_unwind::hb283f1f01526f170
                                   at /rustc/a84ab0ce6c4557a2f01a3a6c3fdb0f92098db78d/library/std/src/panic.rs:359:14
      29:        0x102410428 - test::run_test_in_process::h9430f8627c0c1382
                                   at /rustc/a84ab0ce6c4557a2f01a3a6c3fdb0f92098db78d/library/test/src/lib.rs:671:27
      30:        0x102410428 - test::run_test::{{closure}}::h751bf9ca7de48114
                                   at /rustc/a84ab0ce6c4557a2f01a3a6c3fdb0f92098db78d/library/test/src/lib.rs:592:43
      31:        0x1023e06dc - test::run_test::{{closure}}::h86d6947403d809a5
                                   at /rustc/a84ab0ce6c4557a2f01a3a6c3fdb0f92098db78d/library/test/src/lib.rs:622:41
      32:        0x1023e06dc - std::sys::backtrace::__rust_begin_short_backtrace::ha06e6ebca7f7fc41
                                   at /rustc/a84ab0ce6c4557a2f01a3a6c3fdb0f92098db78d/library/std/src/sys/backtrace.rs:152:18
      33:        0x1023e3720 - std::thread::Builder::spawn_unchecked_::{{closure}}::{{closure}}::h340f74199c0374be
                                   at /rustc/a84ab0ce6c4557a2f01a3a6c3fdb0f92098db78d/library/std/src/thread/mod.rs:559:17
      34:        0x1023e3720 - <core::panic::unwind_safe::AssertUnwindSafe<F> as core::ops::function::FnOnce<()>>::call_once::hcab50c7bfdc5f301
                                   at /rustc/a84ab0ce6c4557a2f01a3a6c3fdb0f92098db78d/library/core/src/panic/unwind_safe.rs:272:9
      35:        0x1023e3720 - std::panicking::catch_unwind::do_call::h33579d92230f25ee
                                   at /rustc/a84ab0ce6c4557a2f01a3a6c3fdb0f92098db78d/library/std/src/panicking.rs:589:40
      36:        0x1023e3720 - std::panicking::catch_unwind::h3f0594f05de65a14
                                   at /rustc/a84ab0ce6c4557a2f01a3a6c3fdb0f92098db78d/library/std/src/panicking.rs:552:19
      37:        0x1023e3720 - std::panic::catch_unwind::h206b182460dad7bb
                                   at /rustc/a84ab0ce6c4557a2f01a3a6c3fdb0f92098db78d/library/std/src/panic.rs:359:14
      38:        0x1023e3720 - std::thread::Builder::spawn_unchecked_::{{closure}}::h65fc314577009d40
                                   at /rustc/a84ab0ce6c4557a2f01a3a6c3fdb0f92098db78d/library/std/src/thread/mod.rs:557:30
      39:        0x1023e3720 - core::ops::function::FnOnce::call_once{{vtable.shim}}::h55722ca4b30b1375
                                   at /rustc/a84ab0ce6c4557a2f01a3a6c3fdb0f92098db78d/library/core/src/ops/function.rs:250:5
      40:        0x10248cca4 - <alloc::boxed::Box<F,A> as core::ops::function::FnOnce<Args>>::call_once::hc690e8f7f863e4a4
                                   at /rustc/a84ab0ce6c4557a2f01a3a6c3fdb0f92098db78d/library/alloc/src/boxed.rs:1971:9
      41:        0x10248cca4 - <alloc::boxed::Box<F,A> as core::ops::function::FnOnce<Args>>::call_once::hbd7368fd73181a81
                                   at /rustc/a84ab0ce6c4557a2f01a3a6c3fdb0f92098db78d/library/alloc/src/boxed.rs:1971:9
      42:        0x10248cca4 - std::sys::pal::unix::thread::Thread::new::thread_start::h68f6477ab49ddfa6
                                   at /rustc/a84ab0ce6c4557a2f01a3a6c3fdb0f92098db78d/library/std/src/sys/pal/unix/thread.rs:97:17
      43:        0x18cb17c0c - __pthread_cond_wait

   DELAY 2/2 by   0.100s yyaml::test_de test_borrowed
  TRY 1 FAIL [   1.266s] yyaml::test_de test_empty_string
  stdout ───

    running 1 test
    test test_empty_string ... FAILED

    failures:

    failures:
        test_empty_string

    test result: FAILED. 0 passed; 1 failed; 0 ignored; 0 measured; 22 filtered out; finished in 1.26s

  stderr ───

    thread 'test_empty_string' panicked at tests/test_de.rs:56:5:
    assertion `left == right` failed
      left: Struct { empty: "", tilde: "~" }
     right: Struct { empty: "", tilde: "" }
    stack backtrace:
       0:        0x101274a84 - std::backtrace_rs::backtrace::libunwind::trace::h55ff2b95044b23af
                                   at /rustc/a84ab0ce6c4557a2f01a3a6c3fdb0f92098db78d/library/std/src/../../backtrace/src/backtrace/libunwind.rs:117:9
       1:        0x101274a84 - std::backtrace_rs::backtrace::trace_unsynchronized::h27d3915c5fade0eb
                                   at /rustc/a84ab0ce6c4557a2f01a3a6c3fdb0f92098db78d/library/std/src/../../backtrace/src/backtrace/mod.rs:66:14
       2:        0x101274a84 - std::sys::backtrace::_print_fmt::h8814266628a35447
                                   at /rustc/a84ab0ce6c4557a2f01a3a6c3fdb0f92098db78d/library/std/src/sys/backtrace.rs:66:9
       3:        0x101274a84 - <std::sys::backtrace::BacktraceLock::print::DisplayBacktrace as core::fmt::Display>::fmt::h5e725fe22fa64edb
                                   at /rustc/a84ab0ce6c4557a2f01a3a6c3fdb0f92098db78d/library/std/src/sys/backtrace.rs:39:26
       4:        0x101290f00 - core::fmt::rt::Argument::fmt::he1ba4eb06f4d26ae
                                   at /rustc/a84ab0ce6c4557a2f01a3a6c3fdb0f92098db78d/library/core/src/fmt/rt.rs:173:76
       5:        0x101290f00 - core::fmt::write::h8e1a8a4d36399bb5
                                   at /rustc/a84ab0ce6c4557a2f01a3a6c3fdb0f92098db78d/library/core/src/fmt/mod.rs:1465:25
       6:        0x101272770 - std::io::default_write_fmt::hfe5ca79aa8977266
                                   at /rustc/a84ab0ce6c4557a2f01a3a6c3fdb0f92098db78d/library/std/src/io/mod.rs:639:11
       7:        0x101272770 - std::io::Write::write_fmt::h0e6971909a7068ed
                                   at /rustc/a84ab0ce6c4557a2f01a3a6c3fdb0f92098db78d/library/std/src/io/mod.rs:1954:13
       8:        0x101274938 - std::sys::backtrace::BacktraceLock::print::h356b93a0435479ac
                                   at /rustc/a84ab0ce6c4557a2f01a3a6c3fdb0f92098db78d/library/std/src/sys/backtrace.rs:42:9
       9:        0x101275e98 - std::panicking::default_hook::{{closure}}::h96886c361ce2e5ed
                                   at /rustc/a84ab0ce6c4557a2f01a3a6c3fdb0f92098db78d/library/std/src/panicking.rs:300:27
      10:        0x101275ce8 - std::panicking::default_hook::h205a855c3bc7384c
                                   at /rustc/a84ab0ce6c4557a2f01a3a6c3fdb0f92098db78d/library/std/src/panicking.rs:327:9
      11:        0x101276920 - std::panicking::rust_panic_with_hook::hf78b19a86c461f44
                                   at /rustc/a84ab0ce6c4557a2f01a3a6c3fdb0f92098db78d/library/std/src/panicking.rs:833:13
      12:        0x101276554 - std::panicking::begin_panic_handler::{{closure}}::h05c1a3f496032da4
                                   at /rustc/a84ab0ce6c4557a2f01a3a6c3fdb0f92098db78d/library/std/src/panicking.rs:706:13
      13:        0x101274f30 - std::sys::backtrace::__rust_end_short_backtrace::hb1ad2b94954f716c
                                   at /rustc/a84ab0ce6c4557a2f01a3a6c3fdb0f92098db78d/library/std/src/sys/backtrace.rs:168:18
      14:        0x101276230 - __rustc[c0c724db799d4e69]::rust_begin_unwind
                                   at /rustc/a84ab0ce6c4557a2f01a3a6c3fdb0f92098db78d/library/std/src/panicking.rs:697:5
      15:        0x1012a3634 - core::panicking::panic_fmt::hf0f4ee38d6b2b5ec
                                   at /rustc/a84ab0ce6c4557a2f01a3a6c3fdb0f92098db78d/library/core/src/panicking.rs:75:14
      16:        0x1012a3990 - core::panicking::assert_failed_inner::h2609a8f103a6e931
      17:        0x101298fc4 - core::panicking::assert_failed::h025bee049c3b5835
                                   at /Users/davidmaple/.rustup/toolchains/nightly-aarch64-apple-darwin/lib/rustlib/src/rust/library/core/src/panicking.rs:403:5
      18:        0x100faac84 - test_de::test_de_no_value::hf060c8b74a275029
                                   at /Volumes/samsung_t9/yyaml/tests/test_de.rs:56:5
      19:        0x100f72c94 - test_de::test_empty_string::hb56067aff959682a
                                   at /Volumes/samsung_t9/yyaml/tests/test_de.rs:292:5
      20:        0x100fb4b64 - test_de::test_empty_string::{{closure}}::hebcf3468cc8d186e
                                   at /Volumes/samsung_t9/yyaml/tests/test_de.rs:278:23
      21:        0x100f8b600 - core::ops::function::FnOnce::call_once::h3c41365f9f6bc292
                                   at /Users/davidmaple/.rustup/toolchains/nightly-aarch64-apple-darwin/lib/rustlib/src/rust/library/core/src/ops/function.rs:250:5
      22:        0x1011fd110 - core::ops::function::FnOnce::call_once::h1d7d96894b57f1a8
                                   at /rustc/a84ab0ce6c4557a2f01a3a6c3fdb0f92098db78d/library/core/src/ops/function.rs:250:5
      23:        0x1011fd110 - test::__rust_begin_short_backtrace::h49df205d5e8fa5ed
                                   at /rustc/a84ab0ce6c4557a2f01a3a6c3fdb0f92098db78d/library/test/src/lib.rs:648:18
      24:        0x1011fc428 - test::run_test_in_process::{{closure}}::h541faf28c3f28e80
                                   at /rustc/a84ab0ce6c4557a2f01a3a6c3fdb0f92098db78d/library/test/src/lib.rs:671:74
      25:        0x1011fc428 - <core::panic::unwind_safe::AssertUnwindSafe<F> as core::ops::function::FnOnce<()>>::call_once::h236201a0c4e41711
                                   at /rustc/a84ab0ce6c4557a2f01a3a6c3fdb0f92098db78d/library/core/src/panic/unwind_safe.rs:272:9
      26:        0x1011fc428 - std::panicking::catch_unwind::do_call::hae5173175ee45e1c
                                   at /rustc/a84ab0ce6c4557a2f01a3a6c3fdb0f92098db78d/library/std/src/panicking.rs:589:40
      27:        0x1011fc428 - std::panicking::catch_unwind::h6a8d053f04cf2627
                                   at /rustc/a84ab0ce6c4557a2f01a3a6c3fdb0f92098db78d/library/std/src/panicking.rs:552:19
      28:        0x1011fc428 - std::panic::catch_unwind::hb283f1f01526f170
                                   at /rustc/a84ab0ce6c4557a2f01a3a6c3fdb0f92098db78d/library/std/src/panic.rs:359:14
      29:        0x1011fc428 - test::run_test_in_process::h9430f8627c0c1382
                                   at /rustc/a84ab0ce6c4557a2f01a3a6c3fdb0f92098db78d/library/test/src/lib.rs:671:27
      30:        0x1011fc428 - test::run_test::{{closure}}::h751bf9ca7de48114
                                   at /rustc/a84ab0ce6c4557a2f01a3a6c3fdb0f92098db78d/library/test/src/lib.rs:592:43
      31:        0x1011cc6dc - test::run_test::{{closure}}::h86d6947403d809a5
                                   at /rustc/a84ab0ce6c4557a2f01a3a6c3fdb0f92098db78d/library/test/src/lib.rs:622:41
      32:        0x1011cc6dc - std::sys::backtrace::__rust_begin_short_backtrace::ha06e6ebca7f7fc41
                                   at /rustc/a84ab0ce6c4557a2f01a3a6c3fdb0f92098db78d/library/std/src/sys/backtrace.rs:152:18
      33:        0x1011cf720 - std::thread::Builder::spawn_unchecked_::{{closure}}::{{closure}}::h340f74199c0374be
                                   at /rustc/a84ab0ce6c4557a2f01a3a6c3fdb0f92098db78d/library/std/src/thread/mod.rs:559:17
      34:        0x1011cf720 - <core::panic::unwind_safe::AssertUnwindSafe<F> as core::ops::function::FnOnce<()>>::call_once::hcab50c7bfdc5f301
                                   at /rustc/a84ab0ce6c4557a2f01a3a6c3fdb0f92098db78d/library/core/src/panic/unwind_safe.rs:272:9
      35:        0x1011cf720 - std::panicking::catch_unwind::do_call::h33579d92230f25ee
                                   at /rustc/a84ab0ce6c4557a2f01a3a6c3fdb0f92098db78d/library/std/src/panicking.rs:589:40
      36:        0x1011cf720 - std::panicking::catch_unwind::h3f0594f05de65a14
                                   at /rustc/a84ab0ce6c4557a2f01a3a6c3fdb0f92098db78d/library/std/src/panicking.rs:552:19
      37:        0x1011cf720 - std::panic::catch_unwind::h206b182460dad7bb
                                   at /rustc/a84ab0ce6c4557a2f01a3a6c3fdb0f92098db78d/library/std/src/panic.rs:359:14
      38:        0x1011cf720 - std::thread::Builder::spawn_unchecked_::{{closure}}::h65fc314577009d40
                                   at /rustc/a84ab0ce6c4557a2f01a3a6c3fdb0f92098db78d/library/std/src/thread/mod.rs:557:30
      39:        0x1011cf720 - core::ops::function::FnOnce::call_once{{vtable.shim}}::h55722ca4b30b1375
                                   at /rustc/a84ab0ce6c4557a2f01a3a6c3fdb0f92098db78d/library/core/src/ops/function.rs:250:5
      40:        0x101278ca4 - <alloc::boxed::Box<F,A> as core::ops::function::FnOnce<Args>>::call_once::hc690e8f7f863e4a4
                                   at /rustc/a84ab0ce6c4557a2f01a3a6c3fdb0f92098db78d/library/alloc/src/boxed.rs:1971:9
      41:        0x101278ca4 - <alloc::boxed::Box<F,A> as core::ops::function::FnOnce<Args>>::call_once::hbd7368fd73181a81
                                   at /rustc/a84ab0ce6c4557a2f01a3a6c3fdb0f92098db78d/library/alloc/src/boxed.rs:1971:9
      42:        0x101278ca4 - std::sys::pal::unix::thread::Thread::new::thread_start::h68f6477ab49ddfa6
                                   at /rustc/a84ab0ce6c4557a2f01a3a6c3fdb0f92098db78d/library/std/src/sys/pal/unix/thread.rs:97:17
      43:        0x18cb17c0c - __pthread_cond_wait

   DELAY 2/2 by   0.100s yyaml::test_de test_empty_string
  TRY 1 FAIL [   1.279s] yyaml::test_de test_de_mapping
  stdout ───

    running 1 test
    test test_de_mapping ... FAILED

    failures:

    failures:
        test_de_mapping

    test result: FAILED. 0 passed; 1 failed; 0 ignored; 0 measured; 22 filtered out; finished in 1.27s

  stderr ───

    thread 'test_de_mapping' panicked at tests/test_de.rs:33:5:
    assertion `left == right` failed
      left: Data { substructure: Mapping({String("a"): String("foo"), String("b"): String("bar")}) }
     right: Data { substructure: Mapping({}) }
    stack backtrace:
       0:        0x100ae0a84 - std::backtrace_rs::backtrace::libunwind::trace::h55ff2b95044b23af
                                   at /rustc/a84ab0ce6c4557a2f01a3a6c3fdb0f92098db78d/library/std/src/../../backtrace/src/backtrace/libunwind.rs:117:9
       1:        0x100ae0a84 - std::backtrace_rs::backtrace::trace_unsynchronized::h27d3915c5fade0eb
                                   at /rustc/a84ab0ce6c4557a2f01a3a6c3fdb0f92098db78d/library/std/src/../../backtrace/src/backtrace/mod.rs:66:14
       2:        0x100ae0a84 - std::sys::backtrace::_print_fmt::h8814266628a35447
                                   at /rustc/a84ab0ce6c4557a2f01a3a6c3fdb0f92098db78d/library/std/src/sys/backtrace.rs:66:9
       3:        0x100ae0a84 - <std::sys::backtrace::BacktraceLock::print::DisplayBacktrace as core::fmt::Display>::fmt::h5e725fe22fa64edb
                                   at /rustc/a84ab0ce6c4557a2f01a3a6c3fdb0f92098db78d/library/std/src/sys/backtrace.rs:39:26
       4:        0x100afcf00 - core::fmt::rt::Argument::fmt::he1ba4eb06f4d26ae
                                   at /rustc/a84ab0ce6c4557a2f01a3a6c3fdb0f92098db78d/library/core/src/fmt/rt.rs:173:76
       5:        0x100afcf00 - core::fmt::write::h8e1a8a4d36399bb5
                                   at /rustc/a84ab0ce6c4557a2f01a3a6c3fdb0f92098db78d/library/core/src/fmt/mod.rs:1465:25
       6:        0x100ade770 - std::io::default_write_fmt::hfe5ca79aa8977266
                                   at /rustc/a84ab0ce6c4557a2f01a3a6c3fdb0f92098db78d/library/std/src/io/mod.rs:639:11
       7:        0x100ade770 - std::io::Write::write_fmt::h0e6971909a7068ed
                                   at /rustc/a84ab0ce6c4557a2f01a3a6c3fdb0f92098db78d/library/std/src/io/mod.rs:1954:13
       8:        0x100ae0938 - std::sys::backtrace::BacktraceLock::print::h356b93a0435479ac
                                   at /rustc/a84ab0ce6c4557a2f01a3a6c3fdb0f92098db78d/library/std/src/sys/backtrace.rs:42:9
       9:        0x100ae1e98 - std::panicking::default_hook::{{closure}}::h96886c361ce2e5ed
                                   at /rustc/a84ab0ce6c4557a2f01a3a6c3fdb0f92098db78d/library/std/src/panicking.rs:300:27
      10:        0x100ae1ce8 - std::panicking::default_hook::h205a855c3bc7384c
                                   at /rustc/a84ab0ce6c4557a2f01a3a6c3fdb0f92098db78d/library/std/src/panicking.rs:327:9
      11:        0x100ae2920 - std::panicking::rust_panic_with_hook::hf78b19a86c461f44
                                   at /rustc/a84ab0ce6c4557a2f01a3a6c3fdb0f92098db78d/library/std/src/panicking.rs:833:13
      12:        0x100ae2554 - std::panicking::begin_panic_handler::{{closure}}::h05c1a3f496032da4
                                   at /rustc/a84ab0ce6c4557a2f01a3a6c3fdb0f92098db78d/library/std/src/panicking.rs:706:13
      13:        0x100ae0f30 - std::sys::backtrace::__rust_end_short_backtrace::hb1ad2b94954f716c
                                   at /rustc/a84ab0ce6c4557a2f01a3a6c3fdb0f92098db78d/library/std/src/sys/backtrace.rs:168:18
      14:        0x100ae2230 - __rustc[c0c724db799d4e69]::rust_begin_unwind
                                   at /rustc/a84ab0ce6c4557a2f01a3a6c3fdb0f92098db78d/library/std/src/panicking.rs:697:5
      15:        0x100b0f634 - core::panicking::panic_fmt::hf0f4ee38d6b2b5ec
                                   at /rustc/a84ab0ce6c4557a2f01a3a6c3fdb0f92098db78d/library/core/src/panicking.rs:75:14
      16:        0x100b0f990 - core::panicking::assert_failed_inner::h2609a8f103a6e931
      17:        0x100b05078 - core::panicking::assert_failed::h2535fcdf603569c5
                                   at /Users/davidmaple/.rustup/toolchains/nightly-aarch64-apple-darwin/lib/rustlib/src/rust/library/core/src/panicking.rs:403:5
      18:        0x10081068c - test_de::test_de::h534daf3eeb665e43
                                   at /Volumes/samsung_t9/yyaml/tests/test_de.rs:33:5
      19:        0x1007df748 - test_de::test_de_mapping::hec3d5d8d533bb0e5
                                   at /Volumes/samsung_t9/yyaml/tests/test_de.rs:365:5
      20:        0x100822c0c - test_de::test_de_mapping::{{closure}}::h9426c119997676b3
                                   at /Volumes/samsung_t9/yyaml/tests/test_de.rs:342:21
      21:        0x1007f7a94 - core::ops::function::FnOnce::call_once::h9f6c8356185a71a3
                                   at /Users/davidmaple/.rustup/toolchains/nightly-aarch64-apple-darwin/lib/rustlib/src/rust/library/core/src/ops/function.rs:250:5
      22:        0x100a69110 - core::ops::function::FnOnce::call_once::h1d7d96894b57f1a8
                                   at /rustc/a84ab0ce6c4557a2f01a3a6c3fdb0f92098db78d/library/core/src/ops/function.rs:250:5
      23:        0x100a69110 - test::__rust_begin_short_backtrace::h49df205d5e8fa5ed
                                   at /rustc/a84ab0ce6c4557a2f01a3a6c3fdb0f92098db78d/library/test/src/lib.rs:648:18
      24:        0x100a68428 - test::run_test_in_process::{{closure}}::h541faf28c3f28e80
                                   at /rustc/a84ab0ce6c4557a2f01a3a6c3fdb0f92098db78d/library/test/src/lib.rs:671:74
      25:        0x100a68428 - <core::panic::unwind_safe::AssertUnwindSafe<F> as core::ops::function::FnOnce<()>>::call_once::h236201a0c4e41711
                                   at /rustc/a84ab0ce6c4557a2f01a3a6c3fdb0f92098db78d/library/core/src/panic/unwind_safe.rs:272:9
      26:        0x100a68428 - std::panicking::catch_unwind::do_call::hae5173175ee45e1c
                                   at /rustc/a84ab0ce6c4557a2f01a3a6c3fdb0f92098db78d/library/std/src/panicking.rs:589:40
      27:        0x100a68428 - std::panicking::catch_unwind::h6a8d053f04cf2627
                                   at /rustc/a84ab0ce6c4557a2f01a3a6c3fdb0f92098db78d/library/std/src/panicking.rs:552:19
      28:        0x100a68428 - std::panic::catch_unwind::hb283f1f01526f170
                                   at /rustc/a84ab0ce6c4557a2f01a3a6c3fdb0f92098db78d/library/std/src/panic.rs:359:14
      29:        0x100a68428 - test::run_test_in_process::h9430f8627c0c1382
                                   at /rustc/a84ab0ce6c4557a2f01a3a6c3fdb0f92098db78d/library/test/src/lib.rs:671:27
      30:        0x100a68428 - test::run_test::{{closure}}::h751bf9ca7de48114
                                   at /rustc/a84ab0ce6c4557a2f01a3a6c3fdb0f92098db78d/library/test/src/lib.rs:592:43
      31:        0x100a386dc - test::run_test::{{closure}}::h86d6947403d809a5
                                   at /rustc/a84ab0ce6c4557a2f01a3a6c3fdb0f92098db78d/library/test/src/lib.rs:622:41
      32:        0x100a386dc - std::sys::backtrace::__rust_begin_short_backtrace::ha06e6ebca7f7fc41
                                   at /rustc/a84ab0ce6c4557a2f01a3a6c3fdb0f92098db78d/library/std/src/sys/backtrace.rs:152:18
      33:        0x100a3b720 - std::thread::Builder::spawn_unchecked_::{{closure}}::{{closure}}::h340f74199c0374be
                                   at /rustc/a84ab0ce6c4557a2f01a3a6c3fdb0f92098db78d/library/std/src/thread/mod.rs:559:17
      34:        0x100a3b720 - <core::panic::unwind_safe::AssertUnwindSafe<F> as core::ops::function::FnOnce<()>>::call_once::hcab50c7bfdc5f301
                                   at /rustc/a84ab0ce6c4557a2f01a3a6c3fdb0f92098db78d/library/core/src/panic/unwind_safe.rs:272:9
      35:        0x100a3b720 - std::panicking::catch_unwind::do_call::h33579d92230f25ee
                                   at /rustc/a84ab0ce6c4557a2f01a3a6c3fdb0f92098db78d/library/std/src/panicking.rs:589:40
      36:        0x100a3b720 - std::panicking::catch_unwind::h3f0594f05de65a14
                                   at /rustc/a84ab0ce6c4557a2f01a3a6c3fdb0f92098db78d/library/std/src/panicking.rs:552:19
      37:        0x100a3b720 - std::panic::catch_unwind::h206b182460dad7bb
                                   at /rustc/a84ab0ce6c4557a2f01a3a6c3fdb0f92098db78d/library/std/src/panic.rs:359:14
      38:        0x100a3b720 - std::thread::Builder::spawn_unchecked_::{{closure}}::h65fc314577009d40
                                   at /rustc/a84ab0ce6c4557a2f01a3a6c3fdb0f92098db78d/library/std/src/thread/mod.rs:557:30
      39:        0x100a3b720 - core::ops::function::FnOnce::call_once{{vtable.shim}}::h55722ca4b30b1375
                                   at /rustc/a84ab0ce6c4557a2f01a3a6c3fdb0f92098db78d/library/core/src/ops/function.rs:250:5
      40:        0x100ae4ca4 - <alloc::boxed::Box<F,A> as core::ops::function::FnOnce<Args>>::call_once::hc690e8f7f863e4a4
                                   at /rustc/a84ab0ce6c4557a2f01a3a6c3fdb0f92098db78d/library/alloc/src/boxed.rs:1971:9
      41:        0x100ae4ca4 - <alloc::boxed::Box<F,A> as core::ops::function::FnOnce<Args>>::call_once::hbd7368fd73181a81
                                   at /rustc/a84ab0ce6c4557a2f01a3a6c3fdb0f92098db78d/library/alloc/src/boxed.rs:1971:9
      42:        0x100ae4ca4 - std::sys::pal::unix::thread::Thread::new::thread_start::h68f6477ab49ddfa6
                                   at /rustc/a84ab0ce6c4557a2f01a3a6c3fdb0f92098db78d/library/std/src/sys/pal/unix/thread.rs:97:17
      43:        0x18cb17c0c - __pthread_cond_wait

   DELAY 2/2 by   0.100s yyaml::test_de test_de_mapping
  TRY 1 FAIL [   1.277s] yyaml::test_de test_enum_representations
  stdout ───

    running 1 test
    PARSER DEBUG: Detected sequence start, forcing full parser
    test test_enum_representations ... FAILED

    failures:

    failures:
        test_enum_representations

    test result: FAILED. 0 passed; 1 failed; 0 ignored; 0 measured; 22 filtered out; finished in 1.26s

  stderr ───

    thread 'test_enum_representations' panicked at tests/test_de.rs:33:5:
    assertion `left == right` failed
      left: [Unit, Unit, Unit, Unit, Unit, Tuple(0, 0), Tuple(0, 0), Struct { x: 0, y: 0 }, Struct { x: 0, y: 0 }, String("..."), String("..."), Number(0.0)]
     right: []
    stack backtrace:
       0:        0x100b70a84 - std::backtrace_rs::backtrace::libunwind::trace::h55ff2b95044b23af
                                   at /rustc/a84ab0ce6c4557a2f01a3a6c3fdb0f92098db78d/library/std/src/../../backtrace/src/backtrace/libunwind.rs:117:9
       1:        0x100b70a84 - std::backtrace_rs::backtrace::trace_unsynchronized::h27d3915c5fade0eb
                                   at /rustc/a84ab0ce6c4557a2f01a3a6c3fdb0f92098db78d/library/std/src/../../backtrace/src/backtrace/mod.rs:66:14
       2:        0x100b70a84 - std::sys::backtrace::_print_fmt::h8814266628a35447
                                   at /rustc/a84ab0ce6c4557a2f01a3a6c3fdb0f92098db78d/library/std/src/sys/backtrace.rs:66:9
       3:        0x100b70a84 - <std::sys::backtrace::BacktraceLock::print::DisplayBacktrace as core::fmt::Display>::fmt::h5e725fe22fa64edb
                                   at /rustc/a84ab0ce6c4557a2f01a3a6c3fdb0f92098db78d/library/std/src/sys/backtrace.rs:39:26
       4:        0x100b8cf00 - core::fmt::rt::Argument::fmt::he1ba4eb06f4d26ae
                                   at /rustc/a84ab0ce6c4557a2f01a3a6c3fdb0f92098db78d/library/core/src/fmt/rt.rs:173:76
       5:        0x100b8cf00 - core::fmt::write::h8e1a8a4d36399bb5
                                   at /rustc/a84ab0ce6c4557a2f01a3a6c3fdb0f92098db78d/library/core/src/fmt/mod.rs:1465:25
       6:        0x100b6e770 - std::io::default_write_fmt::hfe5ca79aa8977266
                                   at /rustc/a84ab0ce6c4557a2f01a3a6c3fdb0f92098db78d/library/std/src/io/mod.rs:639:11
       7:        0x100b6e770 - std::io::Write::write_fmt::h0e6971909a7068ed
                                   at /rustc/a84ab0ce6c4557a2f01a3a6c3fdb0f92098db78d/library/std/src/io/mod.rs:1954:13
       8:        0x100b70938 - std::sys::backtrace::BacktraceLock::print::h356b93a0435479ac
                                   at /rustc/a84ab0ce6c4557a2f01a3a6c3fdb0f92098db78d/library/std/src/sys/backtrace.rs:42:9
       9:        0x100b71e98 - std::panicking::default_hook::{{closure}}::h96886c361ce2e5ed
                                   at /rustc/a84ab0ce6c4557a2f01a3a6c3fdb0f92098db78d/library/std/src/panicking.rs:300:27
      10:        0x100b71ce8 - std::panicking::default_hook::h205a855c3bc7384c
                                   at /rustc/a84ab0ce6c4557a2f01a3a6c3fdb0f92098db78d/library/std/src/panicking.rs:327:9
      11:        0x100b72920 - std::panicking::rust_panic_with_hook::hf78b19a86c461f44
                                   at /rustc/a84ab0ce6c4557a2f01a3a6c3fdb0f92098db78d/library/std/src/panicking.rs:833:13
      12:        0x100b72554 - std::panicking::begin_panic_handler::{{closure}}::h05c1a3f496032da4
                                   at /rustc/a84ab0ce6c4557a2f01a3a6c3fdb0f92098db78d/library/std/src/panicking.rs:706:13
      13:        0x100b70f30 - std::sys::backtrace::__rust_end_short_backtrace::hb1ad2b94954f716c
                                   at /rustc/a84ab0ce6c4557a2f01a3a6c3fdb0f92098db78d/library/std/src/sys/backtrace.rs:168:18
      14:        0x100b72230 - __rustc[c0c724db799d4e69]::rust_begin_unwind
                                   at /rustc/a84ab0ce6c4557a2f01a3a6c3fdb0f92098db78d/library/std/src/panicking.rs:697:5
      15:        0x100b9f634 - core::panicking::panic_fmt::hf0f4ee38d6b2b5ec
                                   at /rustc/a84ab0ce6c4557a2f01a3a6c3fdb0f92098db78d/library/core/src/panicking.rs:75:14
      16:        0x100b9f990 - core::panicking::assert_failed_inner::h2609a8f103a6e931
      17:        0x100b950b4 - core::panicking::assert_failed::h2c68fc850f6ad8e1
                                   at /Users/davidmaple/.rustup/toolchains/nightly-aarch64-apple-darwin/lib/rustlib/src/rust/library/core/src/panicking.rs:403:5
      18:        0x1008a2f68 - test_de::test_de::hae7c8211c0c1cfe0
                                   at /Volumes/samsung_t9/yyaml/tests/test_de.rs:33:5
      19:        0x10086e3e0 - test_de::test_enum_representations::h26694b50e33a2297
                                   at /Volumes/samsung_t9/yyaml/tests/test_de.rs:252:5
      20:        0x1008aee7c - test_de::test_enum_representations::{{closure}}::hf316c13a7e137a3d
                                   at /Volumes/samsung_t9/yyaml/tests/test_de.rs:208:31
      21:        0x100887c5c - core::ops::function::FnOnce::call_once::hd528e7ca949191d1
                                   at /Users/davidmaple/.rustup/toolchains/nightly-aarch64-apple-darwin/lib/rustlib/src/rust/library/core/src/ops/function.rs:250:5
      22:        0x100af9110 - core::ops::function::FnOnce::call_once::h1d7d96894b57f1a8
                                   at /rustc/a84ab0ce6c4557a2f01a3a6c3fdb0f92098db78d/library/core/src/ops/function.rs:250:5
      23:        0x100af9110 - test::__rust_begin_short_backtrace::h49df205d5e8fa5ed
                                   at /rustc/a84ab0ce6c4557a2f01a3a6c3fdb0f92098db78d/library/test/src/lib.rs:648:18
      24:        0x100af8428 - test::run_test_in_process::{{closure}}::h541faf28c3f28e80
                                   at /rustc/a84ab0ce6c4557a2f01a3a6c3fdb0f92098db78d/library/test/src/lib.rs:671:74
      25:        0x100af8428 - <core::panic::unwind_safe::AssertUnwindSafe<F> as core::ops::function::FnOnce<()>>::call_once::h236201a0c4e41711
                                   at /rustc/a84ab0ce6c4557a2f01a3a6c3fdb0f92098db78d/library/core/src/panic/unwind_safe.rs:272:9
      26:        0x100af8428 - std::panicking::catch_unwind::do_call::hae5173175ee45e1c
                                   at /rustc/a84ab0ce6c4557a2f01a3a6c3fdb0f92098db78d/library/std/src/panicking.rs:589:40
      27:        0x100af8428 - std::panicking::catch_unwind::h6a8d053f04cf2627
                                   at /rustc/a84ab0ce6c4557a2f01a3a6c3fdb0f92098db78d/library/std/src/panicking.rs:552:19
      28:        0x100af8428 - std::panic::catch_unwind::hb283f1f01526f170
                                   at /rustc/a84ab0ce6c4557a2f01a3a6c3fdb0f92098db78d/library/std/src/panic.rs:359:14
      29:        0x100af8428 - test::run_test_in_process::h9430f8627c0c1382
                                   at /rustc/a84ab0ce6c4557a2f01a3a6c3fdb0f92098db78d/library/test/src/lib.rs:671:27
      30:        0x100af8428 - test::run_test::{{closure}}::h751bf9ca7de48114
                                   at /rustc/a84ab0ce6c4557a2f01a3a6c3fdb0f92098db78d/library/test/src/lib.rs:592:43
      31:        0x100ac86dc - test::run_test::{{closure}}::h86d6947403d809a5
                                   at /rustc/a84ab0ce6c4557a2f01a3a6c3fdb0f92098db78d/library/test/src/lib.rs:622:41
      32:        0x100ac86dc - std::sys::backtrace::__rust_begin_short_backtrace::ha06e6ebca7f7fc41
                                   at /rustc/a84ab0ce6c4557a2f01a3a6c3fdb0f92098db78d/library/std/src/sys/backtrace.rs:152:18
      33:        0x100acb720 - std::thread::Builder::spawn_unchecked_::{{closure}}::{{closure}}::h340f74199c0374be
                                   at /rustc/a84ab0ce6c4557a2f01a3a6c3fdb0f92098db78d/library/std/src/thread/mod.rs:559:17
      34:        0x100acb720 - <core::panic::unwind_safe::AssertUnwindSafe<F> as core::ops::function::FnOnce<()>>::call_once::hcab50c7bfdc5f301
                                   at /rustc/a84ab0ce6c4557a2f01a3a6c3fdb0f92098db78d/library/core/src/panic/unwind_safe.rs:272:9
      35:        0x100acb720 - std::panicking::catch_unwind::do_call::h33579d92230f25ee
                                   at /rustc/a84ab0ce6c4557a2f01a3a6c3fdb0f92098db78d/library/std/src/panicking.rs:589:40
      36:        0x100acb720 - std::panicking::catch_unwind::h3f0594f05de65a14
                                   at /rustc/a84ab0ce6c4557a2f01a3a6c3fdb0f92098db78d/library/std/src/panicking.rs:552:19
      37:        0x100acb720 - std::panic::catch_unwind::h206b182460dad7bb
                                   at /rustc/a84ab0ce6c4557a2f01a3a6c3fdb0f92098db78d/library/std/src/panic.rs:359:14
      38:        0x100acb720 - std::thread::Builder::spawn_unchecked_::{{closure}}::h65fc314577009d40
                                   at /rustc/a84ab0ce6c4557a2f01a3a6c3fdb0f92098db78d/library/std/src/thread/mod.rs:557:30
      39:        0x100acb720 - core::ops::function::FnOnce::call_once{{vtable.shim}}::h55722ca4b30b1375
                                   at /rustc/a84ab0ce6c4557a2f01a3a6c3fdb0f92098db78d/library/core/src/ops/function.rs:250:5
      40:        0x100b74ca4 - <alloc::boxed::Box<F,A> as core::ops::function::FnOnce<Args>>::call_once::hc690e8f7f863e4a4
                                   at /rustc/a84ab0ce6c4557a2f01a3a6c3fdb0f92098db78d/library/alloc/src/boxed.rs:1971:9
      41:        0x100b74ca4 - <alloc::boxed::Box<F,A> as core::ops::function::FnOnce<Args>>::call_once::hbd7368fd73181a81
                                   at /rustc/a84ab0ce6c4557a2f01a3a6c3fdb0f92098db78d/library/alloc/src/boxed.rs:1971:9
      42:        0x100b74ca4 - std::sys::pal::unix::thread::Thread::new::thread_start::h68f6477ab49ddfa6
                                   at /rustc/a84ab0ce6c4557a2f01a3a6c3fdb0f92098db78d/library/std/src/sys/pal/unix/thread.rs:97:17
      43:        0x18cb17c0c - __pthread_cond_wait

   DELAY 2/2 by   0.100s yyaml::test_de test_enum_representations
  TRY 1 FAIL [   1.303s] yyaml::test_de test_i128_big
  stdout ───

    running 1 test
    test test_i128_big ... FAILED

    failures:

    failures:
        test_i128_big

    test result: FAILED. 0 passed; 1 failed; 0 ignored; 0 measured; 22 filtered out; finished in 1.28s

  stderr ───

    thread 'test_i128_big' panicked at tests/test_de.rs:306:58:
    called `Result::unwrap()` on an `Err` value: Custom("expected integer")
    stack backtrace:
       0:        0x102cf0a84 - std::backtrace_rs::backtrace::libunwind::trace::h55ff2b95044b23af
                                   at /rustc/a84ab0ce6c4557a2f01a3a6c3fdb0f92098db78d/library/std/src/../../backtrace/src/backtrace/libunwind.rs:117:9
       1:        0x102cf0a84 - std::backtrace_rs::backtrace::trace_unsynchronized::h27d3915c5fade0eb
                                   at /rustc/a84ab0ce6c4557a2f01a3a6c3fdb0f92098db78d/library/std/src/../../backtrace/src/backtrace/mod.rs:66:14
       2:        0x102cf0a84 - std::sys::backtrace::_print_fmt::h8814266628a35447
                                   at /rustc/a84ab0ce6c4557a2f01a3a6c3fdb0f92098db78d/library/std/src/sys/backtrace.rs:66:9
       3:        0x102cf0a84 - <std::sys::backtrace::BacktraceLock::print::DisplayBacktrace as core::fmt::Display>::fmt::h5e725fe22fa64edb
                                   at /rustc/a84ab0ce6c4557a2f01a3a6c3fdb0f92098db78d/library/std/src/sys/backtrace.rs:39:26
       4:        0x102d0cf00 - core::fmt::rt::Argument::fmt::he1ba4eb06f4d26ae
                                   at /rustc/a84ab0ce6c4557a2f01a3a6c3fdb0f92098db78d/library/core/src/fmt/rt.rs:173:76
       5:        0x102d0cf00 - core::fmt::write::h8e1a8a4d36399bb5
                                   at /rustc/a84ab0ce6c4557a2f01a3a6c3fdb0f92098db78d/library/core/src/fmt/mod.rs:1465:25
       6:        0x102cee770 - std::io::default_write_fmt::hfe5ca79aa8977266
                                   at /rustc/a84ab0ce6c4557a2f01a3a6c3fdb0f92098db78d/library/std/src/io/mod.rs:639:11
       7:        0x102cee770 - std::io::Write::write_fmt::h0e6971909a7068ed
                                   at /rustc/a84ab0ce6c4557a2f01a3a6c3fdb0f92098db78d/library/std/src/io/mod.rs:1954:13
       8:        0x102cf0938 - std::sys::backtrace::BacktraceLock::print::h356b93a0435479ac
                                   at /rustc/a84ab0ce6c4557a2f01a3a6c3fdb0f92098db78d/library/std/src/sys/backtrace.rs:42:9
       9:        0x102cf1e98 - std::panicking::default_hook::{{closure}}::h96886c361ce2e5ed
                                   at /rustc/a84ab0ce6c4557a2f01a3a6c3fdb0f92098db78d/library/std/src/panicking.rs:300:27
      10:        0x102cf1ce8 - std::panicking::default_hook::h205a855c3bc7384c
                                   at /rustc/a84ab0ce6c4557a2f01a3a6c3fdb0f92098db78d/library/std/src/panicking.rs:327:9
      11:        0x102cf2920 - std::panicking::rust_panic_with_hook::hf78b19a86c461f44
                                   at /rustc/a84ab0ce6c4557a2f01a3a6c3fdb0f92098db78d/library/std/src/panicking.rs:833:13
      12:        0x102cf2554 - std::panicking::begin_panic_handler::{{closure}}::h05c1a3f496032da4
                                   at /rustc/a84ab0ce6c4557a2f01a3a6c3fdb0f92098db78d/library/std/src/panicking.rs:706:13
      13:        0x102cf0f30 - std::sys::backtrace::__rust_end_short_backtrace::hb1ad2b94954f716c
                                   at /rustc/a84ab0ce6c4557a2f01a3a6c3fdb0f92098db78d/library/std/src/sys/backtrace.rs:168:18
      14:        0x102cf2230 - __rustc[c0c724db799d4e69]::rust_begin_unwind
                                   at /rustc/a84ab0ce6c4557a2f01a3a6c3fdb0f92098db78d/library/std/src/panicking.rs:697:5
      15:        0x102d1f634 - core::panicking::panic_fmt::hf0f4ee38d6b2b5ec
                                   at /rustc/a84ab0ce6c4557a2f01a3a6c3fdb0f92098db78d/library/core/src/panicking.rs:75:14
      16:        0x102d1f9ec - core::result::unwrap_failed::h3d4344ad99c2aa29
                                   at /rustc/a84ab0ce6c4557a2f01a3a6c3fdb0f92098db78d/library/core/src/result.rs:1761:5
      17:        0x1029eefc0 - core::result::Result<T,E>::unwrap::hfa32eaa7a7670cd9
                                   at /Users/davidmaple/.rustup/toolchains/nightly-aarch64-apple-darwin/lib/rustlib/src/rust/library/core/src/result.rs:1167:23
      18:        0x1029eefc0 - test_de::test_i128_big::h28e2a5737951e7e1
                                   at /Volumes/samsung_t9/yyaml/tests/test_de.rs:306:58
      19:        0x102a31b8c - test_de::test_i128_big::{{closure}}::ha17105f97755ba6a
                                   at /Volumes/samsung_t9/yyaml/tests/test_de.rs:296:19
      20:        0x102a076e0 - core::ops::function::FnOnce::call_once::h45514ca29685fe8f
                                   at /Users/davidmaple/.rustup/toolchains/nightly-aarch64-apple-darwin/lib/rustlib/src/rust/library/core/src/ops/function.rs:250:5
      21:        0x102c79110 - core::ops::function::FnOnce::call_once::h1d7d96894b57f1a8
                                   at /rustc/a84ab0ce6c4557a2f01a3a6c3fdb0f92098db78d/library/core/src/ops/function.rs:250:5
      22:        0x102c79110 - test::__rust_begin_short_backtrace::h49df205d5e8fa5ed
                                   at /rustc/a84ab0ce6c4557a2f01a3a6c3fdb0f92098db78d/library/test/src/lib.rs:648:18
      23:        0x102c78428 - test::run_test_in_process::{{closure}}::h541faf28c3f28e80
                                   at /rustc/a84ab0ce6c4557a2f01a3a6c3fdb0f92098db78d/library/test/src/lib.rs:671:74
      24:        0x102c78428 - <core::panic::unwind_safe::AssertUnwindSafe<F> as core::ops::function::FnOnce<()>>::call_once::h236201a0c4e41711
                                   at /rustc/a84ab0ce6c4557a2f01a3a6c3fdb0f92098db78d/library/core/src/panic/unwind_safe.rs:272:9
      25:        0x102c78428 - std::panicking::catch_unwind::do_call::hae5173175ee45e1c
                                   at /rustc/a84ab0ce6c4557a2f01a3a6c3fdb0f92098db78d/library/std/src/panicking.rs:589:40
      26:        0x102c78428 - std::panicking::catch_unwind::h6a8d053f04cf2627
                                   at /rustc/a84ab0ce6c4557a2f01a3a6c3fdb0f92098db78d/library/std/src/panicking.rs:552:19
      27:        0x102c78428 - std::panic::catch_unwind::hb283f1f01526f170
                                   at /rustc/a84ab0ce6c4557a2f01a3a6c3fdb0f92098db78d/library/std/src/panic.rs:359:14
      28:        0x102c78428 - test::run_test_in_process::h9430f8627c0c1382
                                   at /rustc/a84ab0ce6c4557a2f01a3a6c3fdb0f92098db78d/library/test/src/lib.rs:671:27
      29:        0x102c78428 - test::run_test::{{closure}}::h751bf9ca7de48114
                                   at /rustc/a84ab0ce6c4557a2f01a3a6c3fdb0f92098db78d/library/test/src/lib.rs:592:43
      30:        0x102c486dc - test::run_test::{{closure}}::h86d6947403d809a5
                                   at /rustc/a84ab0ce6c4557a2f01a3a6c3fdb0f92098db78d/library/test/src/lib.rs:622:41
      31:        0x102c486dc - std::sys::backtrace::__rust_begin_short_backtrace::ha06e6ebca7f7fc41
                                   at /rustc/a84ab0ce6c4557a2f01a3a6c3fdb0f92098db78d/library/std/src/sys/backtrace.rs:152:18
      32:        0x102c4b720 - std::thread::Builder::spawn_unchecked_::{{closure}}::{{closure}}::h340f74199c0374be
                                   at /rustc/a84ab0ce6c4557a2f01a3a6c3fdb0f92098db78d/library/std/src/thread/mod.rs:559:17
      33:        0x102c4b720 - <core::panic::unwind_safe::AssertUnwindSafe<F> as core::ops::function::FnOnce<()>>::call_once::hcab50c7bfdc5f301
                                   at /rustc/a84ab0ce6c4557a2f01a3a6c3fdb0f92098db78d/library/core/src/panic/unwind_safe.rs:272:9
      34:        0x102c4b720 - std::panicking::catch_unwind::do_call::h33579d92230f25ee
                                   at /rustc/a84ab0ce6c4557a2f01a3a6c3fdb0f92098db78d/library/std/src/panicking.rs:589:40
      35:        0x102c4b720 - std::panicking::catch_unwind::h3f0594f05de65a14
                                   at /rustc/a84ab0ce6c4557a2f01a3a6c3fdb0f92098db78d/library/std/src/panicking.rs:552:19
      36:        0x102c4b720 - std::panic::catch_unwind::h206b182460dad7bb
                                   at /rustc/a84ab0ce6c4557a2f01a3a6c3fdb0f92098db78d/library/std/src/panic.rs:359:14
      37:        0x102c4b720 - std::thread::Builder::spawn_unchecked_::{{closure}}::h65fc314577009d40
                                   at /rustc/a84ab0ce6c4557a2f01a3a6c3fdb0f92098db78d/library/std/src/thread/mod.rs:557:30
      38:        0x102c4b720 - core::ops::function::FnOnce::call_once{{vtable.shim}}::h55722ca4b30b1375
                                   at /rustc/a84ab0ce6c4557a2f01a3a6c3fdb0f92098db78d/library/core/src/ops/function.rs:250:5
      39:        0x102cf4ca4 - <alloc::boxed::Box<F,A> as core::ops::function::FnOnce<Args>>::call_once::hc690e8f7f863e4a4
                                   at /rustc/a84ab0ce6c4557a2f01a3a6c3fdb0f92098db78d/library/alloc/src/boxed.rs:1971:9
      40:        0x102cf4ca4 - <alloc::boxed::Box<F,A> as core::ops::function::FnOnce<Args>>::call_once::hbd7368fd73181a81
                                   at /rustc/a84ab0ce6c4557a2f01a3a6c3fdb0f92098db78d/library/alloc/src/boxed.rs:1971:9
      41:        0x102cf4ca4 - std::sys::pal::unix::thread::Thread::new::thread_start::h68f6477ab49ddfa6
                                   at /rustc/a84ab0ce6c4557a2f01a3a6c3fdb0f92098db78d/library/std/src/sys/pal/unix/thread.rs:97:17
      42:        0x18cb17c0c - __pthread_cond_wait

   DELAY 2/2 by   0.100s yyaml::test_de test_i128_big
  TRY 1 FAIL [   1.300s] yyaml::test_de test_no_required_fields
  stdout ───

    running 1 test
    test test_no_required_fields ... FAILED

    failures:

    failures:
        test_no_required_fields

    test result: FAILED. 0 passed; 1 failed; 0 ignored; 0 measured; 22 filtered out; finished in 1.28s

  stderr ───

    thread 'test_no_required_fields' panicked at tests/test_de.rs:572:73:
    called `Result::unwrap()` on an `Err` value: Custom("expected mapping")
    stack backtrace:
       0:        0x100394a84 - std::backtrace_rs::backtrace::libunwind::trace::h55ff2b95044b23af
                                   at /rustc/a84ab0ce6c4557a2f01a3a6c3fdb0f92098db78d/library/std/src/../../backtrace/src/backtrace/libunwind.rs:117:9
       1:        0x100394a84 - std::backtrace_rs::backtrace::trace_unsynchronized::h27d3915c5fade0eb
                                   at /rustc/a84ab0ce6c4557a2f01a3a6c3fdb0f92098db78d/library/std/src/../../backtrace/src/backtrace/mod.rs:66:14
       2:        0x100394a84 - std::sys::backtrace::_print_fmt::h8814266628a35447
                                   at /rustc/a84ab0ce6c4557a2f01a3a6c3fdb0f92098db78d/library/std/src/sys/backtrace.rs:66:9
       3:        0x100394a84 - <std::sys::backtrace::BacktraceLock::print::DisplayBacktrace as core::fmt::Display>::fmt::h5e725fe22fa64edb
                                   at /rustc/a84ab0ce6c4557a2f01a3a6c3fdb0f92098db78d/library/std/src/sys/backtrace.rs:39:26
       4:        0x1003b0f00 - core::fmt::rt::Argument::fmt::he1ba4eb06f4d26ae
                                   at /rustc/a84ab0ce6c4557a2f01a3a6c3fdb0f92098db78d/library/core/src/fmt/rt.rs:173:76
       5:        0x1003b0f00 - core::fmt::write::h8e1a8a4d36399bb5
                                   at /rustc/a84ab0ce6c4557a2f01a3a6c3fdb0f92098db78d/library/core/src/fmt/mod.rs:1465:25
       6:        0x100392770 - std::io::default_write_fmt::hfe5ca79aa8977266
                                   at /rustc/a84ab0ce6c4557a2f01a3a6c3fdb0f92098db78d/library/std/src/io/mod.rs:639:11
       7:        0x100392770 - std::io::Write::write_fmt::h0e6971909a7068ed
                                   at /rustc/a84ab0ce6c4557a2f01a3a6c3fdb0f92098db78d/library/std/src/io/mod.rs:1954:13
       8:        0x100394938 - std::sys::backtrace::BacktraceLock::print::h356b93a0435479ac
                                   at /rustc/a84ab0ce6c4557a2f01a3a6c3fdb0f92098db78d/library/std/src/sys/backtrace.rs:42:9
       9:        0x100395e98 - std::panicking::default_hook::{{closure}}::h96886c361ce2e5ed
                                   at /rustc/a84ab0ce6c4557a2f01a3a6c3fdb0f92098db78d/library/std/src/panicking.rs:300:27
      10:        0x100395ce8 - std::panicking::default_hook::h205a855c3bc7384c
                                   at /rustc/a84ab0ce6c4557a2f01a3a6c3fdb0f92098db78d/library/std/src/panicking.rs:327:9
      11:        0x100396920 - std::panicking::rust_panic_with_hook::hf78b19a86c461f44
                                   at /rustc/a84ab0ce6c4557a2f01a3a6c3fdb0f92098db78d/library/std/src/panicking.rs:833:13
      12:        0x100396554 - std::panicking::begin_panic_handler::{{closure}}::h05c1a3f496032da4
                                   at /rustc/a84ab0ce6c4557a2f01a3a6c3fdb0f92098db78d/library/std/src/panicking.rs:706:13
      13:        0x100394f30 - std::sys::backtrace::__rust_end_short_backtrace::hb1ad2b94954f716c
                                   at /rustc/a84ab0ce6c4557a2f01a3a6c3fdb0f92098db78d/library/std/src/sys/backtrace.rs:168:18
      14:        0x100396230 - __rustc[c0c724db799d4e69]::rust_begin_unwind
                                   at /rustc/a84ab0ce6c4557a2f01a3a6c3fdb0f92098db78d/library/std/src/panicking.rs:697:5
      15:        0x1003c3634 - core::panicking::panic_fmt::hf0f4ee38d6b2b5ec
                                   at /rustc/a84ab0ce6c4557a2f01a3a6c3fdb0f92098db78d/library/core/src/panicking.rs:75:14
      16:        0x1003c39ec - core::result::unwrap_failed::h3d4344ad99c2aa29
                                   at /rustc/a84ab0ce6c4557a2f01a3a6c3fdb0f92098db78d/library/core/src/result.rs:1761:5
      17:        0x100095234 - core::result::Result<T,E>::unwrap::hf4a9f021ef9e05d1
                                   at /Users/davidmaple/.rustup/toolchains/nightly-aarch64-apple-darwin/lib/rustlib/src/rust/library/core/src/result.rs:1167:23
      18:        0x100095234 - test_de::test_no_required_fields::hf59418415649261b
                                   at /Volumes/samsung_t9/yyaml/tests/test_de.rs:572:73
      19:        0x1000dce0c - test_de::test_no_required_fields::{{closure}}::h445f2ad0a2664d91
                                   at /Volumes/samsung_t9/yyaml/tests/test_de.rs:564:29
      20:        0x1000abdd8 - core::ops::function::FnOnce::call_once::hf277341e50c7ab99
                                   at /Users/davidmaple/.rustup/toolchains/nightly-aarch64-apple-darwin/lib/rustlib/src/rust/library/core/src/ops/function.rs:250:5
      21:        0x10031d110 - core::ops::function::FnOnce::call_once::h1d7d96894b57f1a8
                                   at /rustc/a84ab0ce6c4557a2f01a3a6c3fdb0f92098db78d/library/core/src/ops/function.rs:250:5
      22:        0x10031d110 - test::__rust_begin_short_backtrace::h49df205d5e8fa5ed
                                   at /rustc/a84ab0ce6c4557a2f01a3a6c3fdb0f92098db78d/library/test/src/lib.rs:648:18
      23:        0x10031c428 - test::run_test_in_process::{{closure}}::h541faf28c3f28e80
                                   at /rustc/a84ab0ce6c4557a2f01a3a6c3fdb0f92098db78d/library/test/src/lib.rs:671:74
      24:        0x10031c428 - <core::panic::unwind_safe::AssertUnwindSafe<F> as core::ops::function::FnOnce<()>>::call_once::h236201a0c4e41711
                                   at /rustc/a84ab0ce6c4557a2f01a3a6c3fdb0f92098db78d/library/core/src/panic/unwind_safe.rs:272:9
      25:        0x10031c428 - std::panicking::catch_unwind::do_call::hae5173175ee45e1c
                                   at /rustc/a84ab0ce6c4557a2f01a3a6c3fdb0f92098db78d/library/std/src/panicking.rs:589:40
      26:        0x10031c428 - std::panicking::catch_unwind::h6a8d053f04cf2627
                                   at /rustc/a84ab0ce6c4557a2f01a3a6c3fdb0f92098db78d/library/std/src/panicking.rs:552:19
      27:        0x10031c428 - std::panic::catch_unwind::hb283f1f01526f170
                                   at /rustc/a84ab0ce6c4557a2f01a3a6c3fdb0f92098db78d/library/std/src/panic.rs:359:14
      28:        0x10031c428 - test::run_test_in_process::h9430f8627c0c1382
                                   at /rustc/a84ab0ce6c4557a2f01a3a6c3fdb0f92098db78d/library/test/src/lib.rs:671:27
      29:        0x10031c428 - test::run_test::{{closure}}::h751bf9ca7de48114
                                   at /rustc/a84ab0ce6c4557a2f01a3a6c3fdb0f92098db78d/library/test/src/lib.rs:592:43
      30:        0x1002ec6dc - test::run_test::{{closure}}::h86d6947403d809a5
                                   at /rustc/a84ab0ce6c4557a2f01a3a6c3fdb0f92098db78d/library/test/src/lib.rs:622:41
      31:        0x1002ec6dc - std::sys::backtrace::__rust_begin_short_backtrace::ha06e6ebca7f7fc41
                                   at /rustc/a84ab0ce6c4557a2f01a3a6c3fdb0f92098db78d/library/std/src/sys/backtrace.rs:152:18
      32:        0x1002ef720 - std::thread::Builder::spawn_unchecked_::{{closure}}::{{closure}}::h340f74199c0374be
                                   at /rustc/a84ab0ce6c4557a2f01a3a6c3fdb0f92098db78d/library/std/src/thread/mod.rs:559:17
      33:        0x1002ef720 - <core::panic::unwind_safe::AssertUnwindSafe<F> as core::ops::function::FnOnce<()>>::call_once::hcab50c7bfdc5f301
                                   at /rustc/a84ab0ce6c4557a2f01a3a6c3fdb0f92098db78d/library/core/src/panic/unwind_safe.rs:272:9
      34:        0x1002ef720 - std::panicking::catch_unwind::do_call::h33579d92230f25ee
                                   at /rustc/a84ab0ce6c4557a2f01a3a6c3fdb0f92098db78d/library/std/src/panicking.rs:589:40
      35:        0x1002ef720 - std::panicking::catch_unwind::h3f0594f05de65a14
                                   at /rustc/a84ab0ce6c4557a2f01a3a6c3fdb0f92098db78d/library/std/src/panicking.rs:552:19
      36:        0x1002ef720 - std::panic::catch_unwind::h206b182460dad7bb
                                   at /rustc/a84ab0ce6c4557a2f01a3a6c3fdb0f92098db78d/library/std/src/panic.rs:359:14
      37:        0x1002ef720 - std::thread::Builder::spawn_unchecked_::{{closure}}::h65fc314577009d40
                                   at /rustc/a84ab0ce6c4557a2f01a3a6c3fdb0f92098db78d/library/std/src/thread/mod.rs:557:30
      38:        0x1002ef720 - core::ops::function::FnOnce::call_once{{vtable.shim}}::h55722ca4b30b1375
                                   at /rustc/a84ab0ce6c4557a2f01a3a6c3fdb0f92098db78d/library/core/src/ops/function.rs:250:5
      39:        0x100398ca4 - <alloc::boxed::Box<F,A> as core::ops::function::FnOnce<Args>>::call_once::hc690e8f7f863e4a4
                                   at /rustc/a84ab0ce6c4557a2f01a3a6c3fdb0f92098db78d/library/alloc/src/boxed.rs:1971:9
      40:        0x100398ca4 - <alloc::boxed::Box<F,A> as core::ops::function::FnOnce<Args>>::call_once::hbd7368fd73181a81
                                   at /rustc/a84ab0ce6c4557a2f01a3a6c3fdb0f92098db78d/library/alloc/src/boxed.rs:1971:9
      41:        0x100398ca4 - std::sys::pal::unix::thread::Thread::new::thread_start::h68f6477ab49ddfa6
                                   at /rustc/a84ab0ce6c4557a2f01a3a6c3fdb0f92098db78d/library/std/src/sys/pal/unix/thread.rs:97:17
      42:        0x18cb17c0c - __pthread_cond_wait

   DELAY 2/2 by   0.100s yyaml::test_de test_no_required_fields
  TRY 1 FAIL [   1.308s] yyaml::test_de test_python_safe_dump
  stdout ───

    running 1 test
    test test_python_safe_dump ... FAILED

    failures:

    failures:
        test_python_safe_dump

    test result: FAILED. 0 passed; 1 failed; 0 ignored; 0 measured; 22 filtered out; finished in 1.29s

  stderr ───

    thread 'test_python_safe_dump' panicked at tests/test_de.rs:32:50:
    called `Result::unwrap()` on an `Err` value: Scan(ScanError { mark: Marker { index: 8, line: 1, col: 8 }, info: "invalid tag handle format (must be !, !!, or !word!)" })
    stack backtrace:
       0:        0x1045f4a84 - std::backtrace_rs::backtrace::libunwind::trace::h55ff2b95044b23af
                                   at /rustc/a84ab0ce6c4557a2f01a3a6c3fdb0f92098db78d/library/std/src/../../backtrace/src/backtrace/libunwind.rs:117:9
       1:        0x1045f4a84 - std::backtrace_rs::backtrace::trace_unsynchronized::h27d3915c5fade0eb
                                   at /rustc/a84ab0ce6c4557a2f01a3a6c3fdb0f92098db78d/library/std/src/../../backtrace/src/backtrace/mod.rs:66:14
       2:        0x1045f4a84 - std::sys::backtrace::_print_fmt::h8814266628a35447
                                   at /rustc/a84ab0ce6c4557a2f01a3a6c3fdb0f92098db78d/library/std/src/sys/backtrace.rs:66:9
       3:        0x1045f4a84 - <std::sys::backtrace::BacktraceLock::print::DisplayBacktrace as core::fmt::Display>::fmt::h5e725fe22fa64edb
                                   at /rustc/a84ab0ce6c4557a2f01a3a6c3fdb0f92098db78d/library/std/src/sys/backtrace.rs:39:26
       4:        0x104610f00 - core::fmt::rt::Argument::fmt::he1ba4eb06f4d26ae
                                   at /rustc/a84ab0ce6c4557a2f01a3a6c3fdb0f92098db78d/library/core/src/fmt/rt.rs:173:76
       5:        0x104610f00 - core::fmt::write::h8e1a8a4d36399bb5
                                   at /rustc/a84ab0ce6c4557a2f01a3a6c3fdb0f92098db78d/library/core/src/fmt/mod.rs:1465:25
       6:        0x1045f2770 - std::io::default_write_fmt::hfe5ca79aa8977266
                                   at /rustc/a84ab0ce6c4557a2f01a3a6c3fdb0f92098db78d/library/std/src/io/mod.rs:639:11
       7:        0x1045f2770 - std::io::Write::write_fmt::h0e6971909a7068ed
                                   at /rustc/a84ab0ce6c4557a2f01a3a6c3fdb0f92098db78d/library/std/src/io/mod.rs:1954:13
       8:        0x1045f4938 - std::sys::backtrace::BacktraceLock::print::h356b93a0435479ac
                                   at /rustc/a84ab0ce6c4557a2f01a3a6c3fdb0f92098db78d/library/std/src/sys/backtrace.rs:42:9
       9:        0x1045f5e98 - std::panicking::default_hook::{{closure}}::h96886c361ce2e5ed
                                   at /rustc/a84ab0ce6c4557a2f01a3a6c3fdb0f92098db78d/library/std/src/panicking.rs:300:27
      10:        0x1045f5ce8 - std::panicking::default_hook::h205a855c3bc7384c
                                   at /rustc/a84ab0ce6c4557a2f01a3a6c3fdb0f92098db78d/library/std/src/panicking.rs:327:9
      11:        0x1045f6920 - std::panicking::rust_panic_with_hook::hf78b19a86c461f44
                                   at /rustc/a84ab0ce6c4557a2f01a3a6c3fdb0f92098db78d/library/std/src/panicking.rs:833:13
      12:        0x1045f6554 - std::panicking::begin_panic_handler::{{closure}}::h05c1a3f496032da4
                                   at /rustc/a84ab0ce6c4557a2f01a3a6c3fdb0f92098db78d/library/std/src/panicking.rs:706:13
      13:        0x1045f4f30 - std::sys::backtrace::__rust_end_short_backtrace::hb1ad2b94954f716c
                                   at /rustc/a84ab0ce6c4557a2f01a3a6c3fdb0f92098db78d/library/std/src/sys/backtrace.rs:168:18
      14:        0x1045f6230 - __rustc[c0c724db799d4e69]::rust_begin_unwind
                                   at /rustc/a84ab0ce6c4557a2f01a3a6c3fdb0f92098db78d/library/std/src/panicking.rs:697:5
      15:        0x104623634 - core::panicking::panic_fmt::hf0f4ee38d6b2b5ec
                                   at /rustc/a84ab0ce6c4557a2f01a3a6c3fdb0f92098db78d/library/core/src/panicking.rs:75:14
      16:        0x1046239ec - core::result::unwrap_failed::h3d4344ad99c2aa29
                                   at /rustc/a84ab0ce6c4557a2f01a3a6c3fdb0f92098db78d/library/core/src/result.rs:1761:5
      17:        0x1043276c0 - core::result::Result<T,E>::unwrap::hf2296c5052f43a56
                                   at /Users/davidmaple/.rustup/toolchains/nightly-aarch64-apple-darwin/lib/rustlib/src/rust/library/core/src/result.rs:1167:23
      18:        0x1043276c0 - test_de::test_de::hb6da060ec272285d
                                   at /Volumes/samsung_t9/yyaml/tests/test_de.rs:32:50
      19:        0x1042f5bc0 - test_de::test_python_safe_dump::h863bca2d8f0d2987
                                   at /Volumes/samsung_t9/yyaml/tests/test_de.rs:634:5
      20:        0x10433f90c - test_de::test_python_safe_dump::{{closure}}::h956038a43d41bb3e
                                   at /Volumes/samsung_t9/yyaml/tests/test_de.rs:613:27
      21:        0x10430b238 - core::ops::function::FnOnce::call_once::h06806bc4fae767bc
                                   at /Users/davidmaple/.rustup/toolchains/nightly-aarch64-apple-darwin/lib/rustlib/src/rust/library/core/src/ops/function.rs:250:5
      22:        0x10457d110 - core::ops::function::FnOnce::call_once::h1d7d96894b57f1a8
                                   at /rustc/a84ab0ce6c4557a2f01a3a6c3fdb0f92098db78d/library/core/src/ops/function.rs:250:5
      23:        0x10457d110 - test::__rust_begin_short_backtrace::h49df205d5e8fa5ed
                                   at /rustc/a84ab0ce6c4557a2f01a3a6c3fdb0f92098db78d/library/test/src/lib.rs:648:18
      24:        0x10457c428 - test::run_test_in_process::{{closure}}::h541faf28c3f28e80
                                   at /rustc/a84ab0ce6c4557a2f01a3a6c3fdb0f92098db78d/library/test/src/lib.rs:671:74
      25:        0x10457c428 - <core::panic::unwind_safe::AssertUnwindSafe<F> as core::ops::function::FnOnce<()>>::call_once::h236201a0c4e41711
                                   at /rustc/a84ab0ce6c4557a2f01a3a6c3fdb0f92098db78d/library/core/src/panic/unwind_safe.rs:272:9
      26:        0x10457c428 - std::panicking::catch_unwind::do_call::hae5173175ee45e1c
                                   at /rustc/a84ab0ce6c4557a2f01a3a6c3fdb0f92098db78d/library/std/src/panicking.rs:589:40
      27:        0x10457c428 - std::panicking::catch_unwind::h6a8d053f04cf2627
                                   at /rustc/a84ab0ce6c4557a2f01a3a6c3fdb0f92098db78d/library/std/src/panicking.rs:552:19
      28:        0x10457c428 - std::panic::catch_unwind::hb283f1f01526f170
                                   at /rustc/a84ab0ce6c4557a2f01a3a6c3fdb0f92098db78d/library/std/src/panic.rs:359:14
      29:        0x10457c428 - test::run_test_in_process::h9430f8627c0c1382
                                   at /rustc/a84ab0ce6c4557a2f01a3a6c3fdb0f92098db78d/library/test/src/lib.rs:671:27
      30:        0x10457c428 - test::run_test::{{closure}}::h751bf9ca7de48114
                                   at /rustc/a84ab0ce6c4557a2f01a3a6c3fdb0f92098db78d/library/test/src/lib.rs:592:43
      31:        0x10454c6dc - test::run_test::{{closure}}::h86d6947403d809a5
                                   at /rustc/a84ab0ce6c4557a2f01a3a6c3fdb0f92098db78d/library/test/src/lib.rs:622:41
      32:        0x10454c6dc - std::sys::backtrace::__rust_begin_short_backtrace::ha06e6ebca7f7fc41
                                   at /rustc/a84ab0ce6c4557a2f01a3a6c3fdb0f92098db78d/library/std/src/sys/backtrace.rs:152:18
      33:        0x10454f720 - std::thread::Builder::spawn_unchecked_::{{closure}}::{{closure}}::h340f74199c0374be
                                   at /rustc/a84ab0ce6c4557a2f01a3a6c3fdb0f92098db78d/library/std/src/thread/mod.rs:559:17
      34:        0x10454f720 - <core::panic::unwind_safe::AssertUnwindSafe<F> as core::ops::function::FnOnce<()>>::call_once::hcab50c7bfdc5f301
                                   at /rustc/a84ab0ce6c4557a2f01a3a6c3fdb0f92098db78d/library/core/src/panic/unwind_safe.rs:272:9
      35:        0x10454f720 - std::panicking::catch_unwind::do_call::h33579d92230f25ee
                                   at /rustc/a84ab0ce6c4557a2f01a3a6c3fdb0f92098db78d/library/std/src/panicking.rs:589:40
      36:        0x10454f720 - std::panicking::catch_unwind::h3f0594f05de65a14
                                   at /rustc/a84ab0ce6c4557a2f01a3a6c3fdb0f92098db78d/library/std/src/panicking.rs:552:19
      37:        0x10454f720 - std::panic::catch_unwind::h206b182460dad7bb
                                   at /rustc/a84ab0ce6c4557a2f01a3a6c3fdb0f92098db78d/library/std/src/panic.rs:359:14
      38:        0x10454f720 - std::thread::Builder::spawn_unchecked_::{{closure}}::h65fc314577009d40
                                   at /rustc/a84ab0ce6c4557a2f01a3a6c3fdb0f92098db78d/library/std/src/thread/mod.rs:557:30
      39:        0x10454f720 - core::ops::function::FnOnce::call_once{{vtable.shim}}::h55722ca4b30b1375
                                   at /rustc/a84ab0ce6c4557a2f01a3a6c3fdb0f92098db78d/library/core/src/ops/function.rs:250:5
      40:        0x1045f8ca4 - <alloc::boxed::Box<F,A> as core::ops::function::FnOnce<Args>>::call_once::hc690e8f7f863e4a4
                                   at /rustc/a84ab0ce6c4557a2f01a3a6c3fdb0f92098db78d/library/alloc/src/boxed.rs:1971:9
      41:        0x1045f8ca4 - <alloc::boxed::Box<F,A> as core::ops::function::FnOnce<Args>>::call_once::hbd7368fd73181a81
                                   at /rustc/a84ab0ce6c4557a2f01a3a6c3fdb0f92098db78d/library/alloc/src/boxed.rs:1971:9
      42:        0x1045f8ca4 - std::sys::pal::unix::thread::Thread::new::thread_start::h68f6477ab49ddfa6
                                   at /rustc/a84ab0ce6c4557a2f01a3a6c3fdb0f92098db78d/library/std/src/sys/pal/unix/thread.rs:97:17
      43:        0x18cb17c0c - __pthread_cond_wait

   DELAY 2/2 by   0.100s yyaml::test_de test_python_safe_dump
  TRY 1 FAIL [   1.312s] yyaml::test_de test_nan
  stdout ───

    running 1 test
    test test_nan ... FAILED

    failures:

    failures:
        test_nan

    test result: FAILED. 0 passed; 1 failed; 0 ignored; 0 measured; 22 filtered out; finished in 1.29s

  stderr ───

    thread 'test_nan' panicked at tests/test_de.rs:472:45:
    called `Result::unwrap()` on an `Err` value: Custom("invalid f32")
    stack backtrace:
       0:        0x102be8a84 - std::backtrace_rs::backtrace::libunwind::trace::h55ff2b95044b23af
                                   at /rustc/a84ab0ce6c4557a2f01a3a6c3fdb0f92098db78d/library/std/src/../../backtrace/src/backtrace/libunwind.rs:117:9
       1:        0x102be8a84 - std::backtrace_rs::backtrace::trace_unsynchronized::h27d3915c5fade0eb
                                   at /rustc/a84ab0ce6c4557a2f01a3a6c3fdb0f92098db78d/library/std/src/../../backtrace/src/backtrace/mod.rs:66:14
       2:        0x102be8a84 - std::sys::backtrace::_print_fmt::h8814266628a35447
                                   at /rustc/a84ab0ce6c4557a2f01a3a6c3fdb0f92098db78d/library/std/src/sys/backtrace.rs:66:9
       3:        0x102be8a84 - <std::sys::backtrace::BacktraceLock::print::DisplayBacktrace as core::fmt::Display>::fmt::h5e725fe22fa64edb
                                   at /rustc/a84ab0ce6c4557a2f01a3a6c3fdb0f92098db78d/library/std/src/sys/backtrace.rs:39:26
       4:        0x102c04f00 - core::fmt::rt::Argument::fmt::he1ba4eb06f4d26ae
                                   at /rustc/a84ab0ce6c4557a2f01a3a6c3fdb0f92098db78d/library/core/src/fmt/rt.rs:173:76
       5:        0x102c04f00 - core::fmt::write::h8e1a8a4d36399bb5
                                   at /rustc/a84ab0ce6c4557a2f01a3a6c3fdb0f92098db78d/library/core/src/fmt/mod.rs:1465:25
       6:        0x102be6770 - std::io::default_write_fmt::hfe5ca79aa8977266
                                   at /rustc/a84ab0ce6c4557a2f01a3a6c3fdb0f92098db78d/library/std/src/io/mod.rs:639:11
       7:        0x102be6770 - std::io::Write::write_fmt::h0e6971909a7068ed
                                   at /rustc/a84ab0ce6c4557a2f01a3a6c3fdb0f92098db78d/library/std/src/io/mod.rs:1954:13
       8:        0x102be8938 - std::sys::backtrace::BacktraceLock::print::h356b93a0435479ac
                                   at /rustc/a84ab0ce6c4557a2f01a3a6c3fdb0f92098db78d/library/std/src/sys/backtrace.rs:42:9
       9:        0x102be9e98 - std::panicking::default_hook::{{closure}}::h96886c361ce2e5ed
                                   at /rustc/a84ab0ce6c4557a2f01a3a6c3fdb0f92098db78d/library/std/src/panicking.rs:300:27
      10:        0x102be9ce8 - std::panicking::default_hook::h205a855c3bc7384c
                                   at /rustc/a84ab0ce6c4557a2f01a3a6c3fdb0f92098db78d/library/std/src/panicking.rs:327:9
      11:        0x102bea920 - std::panicking::rust_panic_with_hook::hf78b19a86c461f44
                                   at /rustc/a84ab0ce6c4557a2f01a3a6c3fdb0f92098db78d/library/std/src/panicking.rs:833:13
      12:        0x102bea554 - std::panicking::begin_panic_handler::{{closure}}::h05c1a3f496032da4
                                   at /rustc/a84ab0ce6c4557a2f01a3a6c3fdb0f92098db78d/library/std/src/panicking.rs:706:13
      13:        0x102be8f30 - std::sys::backtrace::__rust_end_short_backtrace::hb1ad2b94954f716c
                                   at /rustc/a84ab0ce6c4557a2f01a3a6c3fdb0f92098db78d/library/std/src/sys/backtrace.rs:168:18
      14:        0x102bea230 - __rustc[c0c724db799d4e69]::rust_begin_unwind
                                   at /rustc/a84ab0ce6c4557a2f01a3a6c3fdb0f92098db78d/library/std/src/panicking.rs:697:5
      15:        0x102c17634 - core::panicking::panic_fmt::hf0f4ee38d6b2b5ec
                                   at /rustc/a84ab0ce6c4557a2f01a3a6c3fdb0f92098db78d/library/core/src/panicking.rs:75:14
      16:        0x102c179ec - core::result::unwrap_failed::h3d4344ad99c2aa29
                                   at /rustc/a84ab0ce6c4557a2f01a3a6c3fdb0f92098db78d/library/core/src/result.rs:1761:5
      17:        0x1028e8750 - core::result::Result<T,E>::unwrap::hf0692d5baa4236e9
                                   at /Users/davidmaple/.rustup/toolchains/nightly-aarch64-apple-darwin/lib/rustlib/src/rust/library/core/src/result.rs:1167:23
      18:        0x1028e8750 - test_de::test_nan::hcfaa69ab095e5b18
                                   at /Volumes/samsung_t9/yyaml/tests/test_de.rs:472:45
      19:        0x10292c754 - test_de::test_nan::{{closure}}::h8c88781d852864be
                                   at /Volumes/samsung_t9/yyaml/tests/test_de.rs:470:14
      20:        0x1028ffd1c - core::ops::function::FnOnce::call_once::he32f095a8091e9a5
                                   at /Users/davidmaple/.rustup/toolchains/nightly-aarch64-apple-darwin/lib/rustlib/src/rust/library/core/src/ops/function.rs:250:5
      21:        0x102b71110 - core::ops::function::FnOnce::call_once::h1d7d96894b57f1a8
                                   at /rustc/a84ab0ce6c4557a2f01a3a6c3fdb0f92098db78d/library/core/src/ops/function.rs:250:5
      22:        0x102b71110 - test::__rust_begin_short_backtrace::h49df205d5e8fa5ed
                                   at /rustc/a84ab0ce6c4557a2f01a3a6c3fdb0f92098db78d/library/test/src/lib.rs:648:18
      23:        0x102b70428 - test::run_test_in_process::{{closure}}::h541faf28c3f28e80
                                   at /rustc/a84ab0ce6c4557a2f01a3a6c3fdb0f92098db78d/library/test/src/lib.rs:671:74
      24:        0x102b70428 - <core::panic::unwind_safe::AssertUnwindSafe<F> as core::ops::function::FnOnce<()>>::call_once::h236201a0c4e41711
                                   at /rustc/a84ab0ce6c4557a2f01a3a6c3fdb0f92098db78d/library/core/src/panic/unwind_safe.rs:272:9
      25:        0x102b70428 - std::panicking::catch_unwind::do_call::hae5173175ee45e1c
                                   at /rustc/a84ab0ce6c4557a2f01a3a6c3fdb0f92098db78d/library/std/src/panicking.rs:589:40
      26:        0x102b70428 - std::panicking::catch_unwind::h6a8d053f04cf2627
                                   at /rustc/a84ab0ce6c4557a2f01a3a6c3fdb0f92098db78d/library/std/src/panicking.rs:552:19
      27:        0x102b70428 - std::panic::catch_unwind::hb283f1f01526f170
                                   at /rustc/a84ab0ce6c4557a2f01a3a6c3fdb0f92098db78d/library/std/src/panic.rs:359:14
      28:        0x102b70428 - test::run_test_in_process::h9430f8627c0c1382
                                   at /rustc/a84ab0ce6c4557a2f01a3a6c3fdb0f92098db78d/library/test/src/lib.rs:671:27
      29:        0x102b70428 - test::run_test::{{closure}}::h751bf9ca7de48114
                                   at /rustc/a84ab0ce6c4557a2f01a3a6c3fdb0f92098db78d/library/test/src/lib.rs:592:43
      30:        0x102b406dc - test::run_test::{{closure}}::h86d6947403d809a5
                                   at /rustc/a84ab0ce6c4557a2f01a3a6c3fdb0f92098db78d/library/test/src/lib.rs:622:41
      31:        0x102b406dc - std::sys::backtrace::__rust_begin_short_backtrace::ha06e6ebca7f7fc41
                                   at /rustc/a84ab0ce6c4557a2f01a3a6c3fdb0f92098db78d/library/std/src/sys/backtrace.rs:152:18
      32:        0x102b43720 - std::thread::Builder::spawn_unchecked_::{{closure}}::{{closure}}::h340f74199c0374be
                                   at /rustc/a84ab0ce6c4557a2f01a3a6c3fdb0f92098db78d/library/std/src/thread/mod.rs:559:17
      33:        0x102b43720 - <core::panic::unwind_safe::AssertUnwindSafe<F> as core::ops::function::FnOnce<()>>::call_once::hcab50c7bfdc5f301
                                   at /rustc/a84ab0ce6c4557a2f01a3a6c3fdb0f92098db78d/library/core/src/panic/unwind_safe.rs:272:9
      34:        0x102b43720 - std::panicking::catch_unwind::do_call::h33579d92230f25ee
                                   at /rustc/a84ab0ce6c4557a2f01a3a6c3fdb0f92098db78d/library/std/src/panicking.rs:589:40
      35:        0x102b43720 - std::panicking::catch_unwind::h3f0594f05de65a14
                                   at /rustc/a84ab0ce6c4557a2f01a3a6c3fdb0f92098db78d/library/std/src/panicking.rs:552:19
      36:        0x102b43720 - std::panic::catch_unwind::h206b182460dad7bb
                                   at /rustc/a84ab0ce6c4557a2f01a3a6c3fdb0f92098db78d/library/std/src/panic.rs:359:14
      37:        0x102b43720 - std::thread::Builder::spawn_unchecked_::{{closure}}::h65fc314577009d40
                                   at /rustc/a84ab0ce6c4557a2f01a3a6c3fdb0f92098db78d/library/std/src/thread/mod.rs:557:30
      38:        0x102b43720 - core::ops::function::FnOnce::call_once{{vtable.shim}}::h55722ca4b30b1375
                                   at /rustc/a84ab0ce6c4557a2f01a3a6c3fdb0f92098db78d/library/core/src/ops/function.rs:250:5
      39:        0x102becca4 - <alloc::boxed::Box<F,A> as core::ops::function::FnOnce<Args>>::call_once::hc690e8f7f863e4a4
                                   at /rustc/a84ab0ce6c4557a2f01a3a6c3fdb0f92098db78d/library/alloc/src/boxed.rs:1971:9
      40:        0x102becca4 - <alloc::boxed::Box<F,A> as core::ops::function::FnOnce<Args>>::call_once::hbd7368fd73181a81
                                   at /rustc/a84ab0ce6c4557a2f01a3a6c3fdb0f92098db78d/library/alloc/src/boxed.rs:1971:9
      41:        0x102becca4 - std::sys::pal::unix::thread::Thread::new::thread_start::h68f6477ab49ddfa6
                                   at /rustc/a84ab0ce6c4557a2f01a3a6c3fdb0f92098db78d/library/std/src/sys/pal/unix/thread.rs:97:17
      42:        0x18cb17c0c - __pthread_cond_wait

   DELAY 2/2 by   0.100s yyaml::test_de test_nan
  TRY 1 FAIL [   1.310s] yyaml::test_de test_tag_resolution
  stdout ───

    running 1 test
    PARSER DEBUG: Detected sequence start, forcing full parser
    test test_tag_resolution ... FAILED

    failures:

    failures:
        test_tag_resolution

    test result: FAILED. 0 passed; 1 failed; 0 ignored; 0 measured; 22 filtered out; finished in 1.29s

  stderr ───

    thread 'test_tag_resolution' panicked at tests/test_de.rs:33:5:
    assertion `left == right` failed
      left: [Null, Null, Null, Null, Null, Bool(true), Bool(true), Bool(true), Bool(false), Bool(false), Bool(false), String("y"), String("Y"), String("yes"), String("Yes"), String("YES"), String("n"), String("N"), String("no"), String("No"), String("NO"), String("on"), String("On"), String("ON"), String("off"), String("Off"), String("OFF")]
     right: []
    stack backtrace:
       0:        0x102960a84 - std::backtrace_rs::backtrace::libunwind::trace::h55ff2b95044b23af
                                   at /rustc/a84ab0ce6c4557a2f01a3a6c3fdb0f92098db78d/library/std/src/../../backtrace/src/backtrace/libunwind.rs:117:9
       1:        0x102960a84 - std::backtrace_rs::backtrace::trace_unsynchronized::h27d3915c5fade0eb
                                   at /rustc/a84ab0ce6c4557a2f01a3a6c3fdb0f92098db78d/library/std/src/../../backtrace/src/backtrace/mod.rs:66:14
       2:        0x102960a84 - std::sys::backtrace::_print_fmt::h8814266628a35447
                                   at /rustc/a84ab0ce6c4557a2f01a3a6c3fdb0f92098db78d/library/std/src/sys/backtrace.rs:66:9
       3:        0x102960a84 - <std::sys::backtrace::BacktraceLock::print::DisplayBacktrace as core::fmt::Display>::fmt::h5e725fe22fa64edb
                                   at /rustc/a84ab0ce6c4557a2f01a3a6c3fdb0f92098db78d/library/std/src/sys/backtrace.rs:39:26
       4:        0x10297cf00 - core::fmt::rt::Argument::fmt::he1ba4eb06f4d26ae
                                   at /rustc/a84ab0ce6c4557a2f01a3a6c3fdb0f92098db78d/library/core/src/fmt/rt.rs:173:76
       5:        0x10297cf00 - core::fmt::write::h8e1a8a4d36399bb5
                                   at /rustc/a84ab0ce6c4557a2f01a3a6c3fdb0f92098db78d/library/core/src/fmt/mod.rs:1465:25
       6:        0x10295e770 - std::io::default_write_fmt::hfe5ca79aa8977266
                                   at /rustc/a84ab0ce6c4557a2f01a3a6c3fdb0f92098db78d/library/std/src/io/mod.rs:639:11
       7:        0x10295e770 - std::io::Write::write_fmt::h0e6971909a7068ed
                                   at /rustc/a84ab0ce6c4557a2f01a3a6c3fdb0f92098db78d/library/std/src/io/mod.rs:1954:13
       8:        0x102960938 - std::sys::backtrace::BacktraceLock::print::h356b93a0435479ac
                                   at /rustc/a84ab0ce6c4557a2f01a3a6c3fdb0f92098db78d/library/std/src/sys/backtrace.rs:42:9
       9:        0x102961e98 - std::panicking::default_hook::{{closure}}::h96886c361ce2e5ed
                                   at /rustc/a84ab0ce6c4557a2f01a3a6c3fdb0f92098db78d/library/std/src/panicking.rs:300:27
      10:        0x102961ce8 - std::panicking::default_hook::h205a855c3bc7384c
                                   at /rustc/a84ab0ce6c4557a2f01a3a6c3fdb0f92098db78d/library/std/src/panicking.rs:327:9
      11:        0x102962920 - std::panicking::rust_panic_with_hook::hf78b19a86c461f44
                                   at /rustc/a84ab0ce6c4557a2f01a3a6c3fdb0f92098db78d/library/std/src/panicking.rs:833:13
      12:        0x102962554 - std::panicking::begin_panic_handler::{{closure}}::h05c1a3f496032da4
                                   at /rustc/a84ab0ce6c4557a2f01a3a6c3fdb0f92098db78d/library/std/src/panicking.rs:706:13
      13:        0x102960f30 - std::sys::backtrace::__rust_end_short_backtrace::hb1ad2b94954f716c
                                   at /rustc/a84ab0ce6c4557a2f01a3a6c3fdb0f92098db78d/library/std/src/sys/backtrace.rs:168:18
      14:        0x102962230 - __rustc[c0c724db799d4e69]::rust_begin_unwind
                                   at /rustc/a84ab0ce6c4557a2f01a3a6c3fdb0f92098db78d/library/std/src/panicking.rs:697:5
      15:        0x10298f634 - core::panicking::panic_fmt::hf0f4ee38d6b2b5ec
                                   at /rustc/a84ab0ce6c4557a2f01a3a6c3fdb0f92098db78d/library/core/src/panicking.rs:75:14
      16:        0x10298f990 - core::panicking::assert_failed_inner::h2609a8f103a6e931
      17:        0x102985400 - core::panicking::assert_failed::hbbc3daab84ecc5e8
                                   at /Users/davidmaple/.rustup/toolchains/nightly-aarch64-apple-darwin/lib/rustlib/src/rust/library/core/src/panicking.rs:403:5
      18:        0x102691f40 - test_de::test_de::ha2b88523805fd34a
                                   at /Volumes/samsung_t9/yyaml/tests/test_de.rs:33:5
      19:        0x1026624fc - test_de::test_tag_resolution::h69ae9a879dfdd52d
                                   at /Volumes/samsung_t9/yyaml/tests/test_de.rs:700:5
      20:        0x1026ac61c - test_de::test_tag_resolution::{{closure}}::h09d54c6557e0d7ad
                                   at /Volumes/samsung_t9/yyaml/tests/test_de.rs:638:25
      21:        0x102677a34 - core::ops::function::FnOnce::call_once::h9aedc51533297d98
                                   at /Users/davidmaple/.rustup/toolchains/nightly-aarch64-apple-darwin/lib/rustlib/src/rust/library/core/src/ops/function.rs:250:5
      22:        0x1028e9110 - core::ops::function::FnOnce::call_once::h1d7d96894b57f1a8
                                   at /rustc/a84ab0ce6c4557a2f01a3a6c3fdb0f92098db78d/library/core/src/ops/function.rs:250:5
      23:        0x1028e9110 - test::__rust_begin_short_backtrace::h49df205d5e8fa5ed
                                   at /rustc/a84ab0ce6c4557a2f01a3a6c3fdb0f92098db78d/library/test/src/lib.rs:648:18
      24:        0x1028e8428 - test::run_test_in_process::{{closure}}::h541faf28c3f28e80
                                   at /rustc/a84ab0ce6c4557a2f01a3a6c3fdb0f92098db78d/library/test/src/lib.rs:671:74
      25:        0x1028e8428 - <core::panic::unwind_safe::AssertUnwindSafe<F> as core::ops::function::FnOnce<()>>::call_once::h236201a0c4e41711
                                   at /rustc/a84ab0ce6c4557a2f01a3a6c3fdb0f92098db78d/library/core/src/panic/unwind_safe.rs:272:9
      26:        0x1028e8428 - std::panicking::catch_unwind::do_call::hae5173175ee45e1c
                                   at /rustc/a84ab0ce6c4557a2f01a3a6c3fdb0f92098db78d/library/std/src/panicking.rs:589:40
      27:        0x1028e8428 - std::panicking::catch_unwind::h6a8d053f04cf2627
                                   at /rustc/a84ab0ce6c4557a2f01a3a6c3fdb0f92098db78d/library/std/src/panicking.rs:552:19
      28:        0x1028e8428 - std::panic::catch_unwind::hb283f1f01526f170
                                   at /rustc/a84ab0ce6c4557a2f01a3a6c3fdb0f92098db78d/library/std/src/panic.rs:359:14
      29:        0x1028e8428 - test::run_test_in_process::h9430f8627c0c1382
                                   at /rustc/a84ab0ce6c4557a2f01a3a6c3fdb0f92098db78d/library/test/src/lib.rs:671:27
      30:        0x1028e8428 - test::run_test::{{closure}}::h751bf9ca7de48114
                                   at /rustc/a84ab0ce6c4557a2f01a3a6c3fdb0f92098db78d/library/test/src/lib.rs:592:43
      31:        0x1028b86dc - test::run_test::{{closure}}::h86d6947403d809a5
                                   at /rustc/a84ab0ce6c4557a2f01a3a6c3fdb0f92098db78d/library/test/src/lib.rs:622:41
      32:        0x1028b86dc - std::sys::backtrace::__rust_begin_short_backtrace::ha06e6ebca7f7fc41
                                   at /rustc/a84ab0ce6c4557a2f01a3a6c3fdb0f92098db78d/library/std/src/sys/backtrace.rs:152:18
      33:        0x1028bb720 - std::thread::Builder::spawn_unchecked_::{{closure}}::{{closure}}::h340f74199c0374be
                                   at /rustc/a84ab0ce6c4557a2f01a3a6c3fdb0f92098db78d/library/std/src/thread/mod.rs:559:17
      34:        0x1028bb720 - <core::panic::unwind_safe::AssertUnwindSafe<F> as core::ops::function::FnOnce<()>>::call_once::hcab50c7bfdc5f301
                                   at /rustc/a84ab0ce6c4557a2f01a3a6c3fdb0f92098db78d/library/core/src/panic/unwind_safe.rs:272:9
      35:        0x1028bb720 - std::panicking::catch_unwind::do_call::h33579d92230f25ee
                                   at /rustc/a84ab0ce6c4557a2f01a3a6c3fdb0f92098db78d/library/std/src/panicking.rs:589:40
      36:        0x1028bb720 - std::panicking::catch_unwind::h3f0594f05de65a14
                                   at /rustc/a84ab0ce6c4557a2f01a3a6c3fdb0f92098db78d/library/std/src/panicking.rs:552:19
      37:        0x1028bb720 - std::panic::catch_unwind::h206b182460dad7bb
                                   at /rustc/a84ab0ce6c4557a2f01a3a6c3fdb0f92098db78d/library/std/src/panic.rs:359:14
      38:        0x1028bb720 - std::thread::Builder::spawn_unchecked_::{{closure}}::h65fc314577009d40
                                   at /rustc/a84ab0ce6c4557a2f01a3a6c3fdb0f92098db78d/library/std/src/thread/mod.rs:557:30
      39:        0x1028bb720 - core::ops::function::FnOnce::call_once{{vtable.shim}}::h55722ca4b30b1375
                                   at /rustc/a84ab0ce6c4557a2f01a3a6c3fdb0f92098db78d/library/core/src/ops/function.rs:250:5
      40:        0x102964ca4 - <alloc::boxed::Box<F,A> as core::ops::function::FnOnce<Args>>::call_once::hc690e8f7f863e4a4
                                   at /rustc/a84ab0ce6c4557a2f01a3a6c3fdb0f92098db78d/library/alloc/src/boxed.rs:1971:9
      41:        0x102964ca4 - <alloc::boxed::Box<F,A> as core::ops::function::FnOnce<Args>>::call_once::hbd7368fd73181a81
                                   at /rustc/a84ab0ce6c4557a2f01a3a6c3fdb0f92098db78d/library/alloc/src/boxed.rs:1971:9
      42:        0x102964ca4 - std::sys::pal::unix::thread::Thread::new::thread_start::h68f6477ab49ddfa6
                                   at /rustc/a84ab0ce6c4557a2f01a3a6c3fdb0f92098db78d/library/std/src/sys/pal/unix/thread.rs:97:17
      43:        0x18cb17c0c - __pthread_cond_wait

   DELAY 2/2 by   0.100s yyaml::test_de test_tag_resolution
  TRY 1 FAIL [   1.303s] yyaml::test_de test_u128_big
  stdout ───

    running 1 test
    test test_u128_big ... FAILED

    failures:

    failures:
        test_u128_big

    test result: FAILED. 0 passed; 1 failed; 0 ignored; 0 measured; 22 filtered out; finished in 1.29s

  stderr ───

    thread 'test_u128_big' panicked at tests/test_de.rs:320:58:
    called `Result::unwrap()` on an `Err` value: Custom("expected integer")
    stack backtrace:
       0:        0x10453ca84 - std::backtrace_rs::backtrace::libunwind::trace::h55ff2b95044b23af
                                   at /rustc/a84ab0ce6c4557a2f01a3a6c3fdb0f92098db78d/library/std/src/../../backtrace/src/backtrace/libunwind.rs:117:9
       1:        0x10453ca84 - std::backtrace_rs::backtrace::trace_unsynchronized::h27d3915c5fade0eb
                                   at /rustc/a84ab0ce6c4557a2f01a3a6c3fdb0f92098db78d/library/std/src/../../backtrace/src/backtrace/mod.rs:66:14
       2:        0x10453ca84 - std::sys::backtrace::_print_fmt::h8814266628a35447
                                   at /rustc/a84ab0ce6c4557a2f01a3a6c3fdb0f92098db78d/library/std/src/sys/backtrace.rs:66:9
       3:        0x10453ca84 - <std::sys::backtrace::BacktraceLock::print::DisplayBacktrace as core::fmt::Display>::fmt::h5e725fe22fa64edb
                                   at /rustc/a84ab0ce6c4557a2f01a3a6c3fdb0f92098db78d/library/std/src/sys/backtrace.rs:39:26
       4:        0x104558f00 - core::fmt::rt::Argument::fmt::he1ba4eb06f4d26ae
                                   at /rustc/a84ab0ce6c4557a2f01a3a6c3fdb0f92098db78d/library/core/src/fmt/rt.rs:173:76
       5:        0x104558f00 - core::fmt::write::h8e1a8a4d36399bb5
                                   at /rustc/a84ab0ce6c4557a2f01a3a6c3fdb0f92098db78d/library/core/src/fmt/mod.rs:1465:25
       6:        0x10453a770 - std::io::default_write_fmt::hfe5ca79aa8977266
                                   at /rustc/a84ab0ce6c4557a2f01a3a6c3fdb0f92098db78d/library/std/src/io/mod.rs:639:11
       7:        0x10453a770 - std::io::Write::write_fmt::h0e6971909a7068ed
                                   at /rustc/a84ab0ce6c4557a2f01a3a6c3fdb0f92098db78d/library/std/src/io/mod.rs:1954:13
       8:        0x10453c938 - std::sys::backtrace::BacktraceLock::print::h356b93a0435479ac
                                   at /rustc/a84ab0ce6c4557a2f01a3a6c3fdb0f92098db78d/library/std/src/sys/backtrace.rs:42:9
       9:        0x10453de98 - std::panicking::default_hook::{{closure}}::h96886c361ce2e5ed
                                   at /rustc/a84ab0ce6c4557a2f01a3a6c3fdb0f92098db78d/library/std/src/panicking.rs:300:27
      10:        0x10453dce8 - std::panicking::default_hook::h205a855c3bc7384c
                                   at /rustc/a84ab0ce6c4557a2f01a3a6c3fdb0f92098db78d/library/std/src/panicking.rs:327:9
      11:        0x10453e920 - std::panicking::rust_panic_with_hook::hf78b19a86c461f44
                                   at /rustc/a84ab0ce6c4557a2f01a3a6c3fdb0f92098db78d/library/std/src/panicking.rs:833:13
      12:        0x10453e554 - std::panicking::begin_panic_handler::{{closure}}::h05c1a3f496032da4
                                   at /rustc/a84ab0ce6c4557a2f01a3a6c3fdb0f92098db78d/library/std/src/panicking.rs:706:13
      13:        0x10453cf30 - std::sys::backtrace::__rust_end_short_backtrace::hb1ad2b94954f716c
                                   at /rustc/a84ab0ce6c4557a2f01a3a6c3fdb0f92098db78d/library/std/src/sys/backtrace.rs:168:18
      14:        0x10453e230 - __rustc[c0c724db799d4e69]::rust_begin_unwind
                                   at /rustc/a84ab0ce6c4557a2f01a3a6c3fdb0f92098db78d/library/std/src/panicking.rs:697:5
      15:        0x10456b634 - core::panicking::panic_fmt::hf0f4ee38d6b2b5ec
                                   at /rustc/a84ab0ce6c4557a2f01a3a6c3fdb0f92098db78d/library/core/src/panicking.rs:75:14
      16:        0x10456b9ec - core::result::unwrap_failed::h3d4344ad99c2aa29
                                   at /rustc/a84ab0ce6c4557a2f01a3a6c3fdb0f92098db78d/library/core/src/result.rs:1761:5
      17:        0x10423b284 - core::result::Result<T,E>::unwrap::hed564979cd18fce1
                                   at /Users/davidmaple/.rustup/toolchains/nightly-aarch64-apple-darwin/lib/rustlib/src/rust/library/core/src/result.rs:1167:23
      18:        0x10423b284 - test_de::test_u128_big::h08c89d4887b2bbc0
                                   at /Volumes/samsung_t9/yyaml/tests/test_de.rs:320:58
      19:        0x10427dbb8 - test_de::test_u128_big::{{closure}}::hdb9f018c496b9ce7
                                   at /Volumes/samsung_t9/yyaml/tests/test_de.rs:310:19
      20:        0x1042537c4 - core::ops::function::FnOnce::call_once::h558a5109614a9fd9
                                   at /Users/davidmaple/.rustup/toolchains/nightly-aarch64-apple-darwin/lib/rustlib/src/rust/library/core/src/ops/function.rs:250:5
      21:        0x1044c5110 - core::ops::function::FnOnce::call_once::h1d7d96894b57f1a8
                                   at /rustc/a84ab0ce6c4557a2f01a3a6c3fdb0f92098db78d/library/core/src/ops/function.rs:250:5
      22:        0x1044c5110 - test::__rust_begin_short_backtrace::h49df205d5e8fa5ed
                                   at /rustc/a84ab0ce6c4557a2f01a3a6c3fdb0f92098db78d/library/test/src/lib.rs:648:18
      23:        0x1044c4428 - test::run_test_in_process::{{closure}}::h541faf28c3f28e80
                                   at /rustc/a84ab0ce6c4557a2f01a3a6c3fdb0f92098db78d/library/test/src/lib.rs:671:74
      24:        0x1044c4428 - <core::panic::unwind_safe::AssertUnwindSafe<F> as core::ops::function::FnOnce<()>>::call_once::h236201a0c4e41711
                                   at /rustc/a84ab0ce6c4557a2f01a3a6c3fdb0f92098db78d/library/core/src/panic/unwind_safe.rs:272:9
      25:        0x1044c4428 - std::panicking::catch_unwind::do_call::hae5173175ee45e1c
                                   at /rustc/a84ab0ce6c4557a2f01a3a6c3fdb0f92098db78d/library/std/src/panicking.rs:589:40
      26:        0x1044c4428 - std::panicking::catch_unwind::h6a8d053f04cf2627
                                   at /rustc/a84ab0ce6c4557a2f01a3a6c3fdb0f92098db78d/library/std/src/panicking.rs:552:19
      27:        0x1044c4428 - std::panic::catch_unwind::hb283f1f01526f170
                                   at /rustc/a84ab0ce6c4557a2f01a3a6c3fdb0f92098db78d/library/std/src/panic.rs:359:14
      28:        0x1044c4428 - test::run_test_in_process::h9430f8627c0c1382
                                   at /rustc/a84ab0ce6c4557a2f01a3a6c3fdb0f92098db78d/library/test/src/lib.rs:671:27
      29:        0x1044c4428 - test::run_test::{{closure}}::h751bf9ca7de48114
                                   at /rustc/a84ab0ce6c4557a2f01a3a6c3fdb0f92098db78d/library/test/src/lib.rs:592:43
      30:        0x1044946dc - test::run_test::{{closure}}::h86d6947403d809a5
                                   at /rustc/a84ab0ce6c4557a2f01a3a6c3fdb0f92098db78d/library/test/src/lib.rs:622:41
      31:        0x1044946dc - std::sys::backtrace::__rust_begin_short_backtrace::ha06e6ebca7f7fc41
                                   at /rustc/a84ab0ce6c4557a2f01a3a6c3fdb0f92098db78d/library/std/src/sys/backtrace.rs:152:18
      32:        0x104497720 - std::thread::Builder::spawn_unchecked_::{{closure}}::{{closure}}::h340f74199c0374be
                                   at /rustc/a84ab0ce6c4557a2f01a3a6c3fdb0f92098db78d/library/std/src/thread/mod.rs:559:17
      33:        0x104497720 - <core::panic::unwind_safe::AssertUnwindSafe<F> as core::ops::function::FnOnce<()>>::call_once::hcab50c7bfdc5f301
                                   at /rustc/a84ab0ce6c4557a2f01a3a6c3fdb0f92098db78d/library/core/src/panic/unwind_safe.rs:272:9
      34:        0x104497720 - std::panicking::catch_unwind::do_call::h33579d92230f25ee
                                   at /rustc/a84ab0ce6c4557a2f01a3a6c3fdb0f92098db78d/library/std/src/panicking.rs:589:40
      35:        0x104497720 - std::panicking::catch_unwind::h3f0594f05de65a14
                                   at /rustc/a84ab0ce6c4557a2f01a3a6c3fdb0f92098db78d/library/std/src/panicking.rs:552:19
      36:        0x104497720 - std::panic::catch_unwind::h206b182460dad7bb
                                   at /rustc/a84ab0ce6c4557a2f01a3a6c3fdb0f92098db78d/library/std/src/panic.rs:359:14
      37:        0x104497720 - std::thread::Builder::spawn_unchecked_::{{closure}}::h65fc314577009d40
                                   at /rustc/a84ab0ce6c4557a2f01a3a6c3fdb0f92098db78d/library/std/src/thread/mod.rs:557:30
      38:        0x104497720 - core::ops::function::FnOnce::call_once{{vtable.shim}}::h55722ca4b30b1375
                                   at /rustc/a84ab0ce6c4557a2f01a3a6c3fdb0f92098db78d/library/core/src/ops/function.rs:250:5
      39:        0x104540ca4 - <alloc::boxed::Box<F,A> as core::ops::function::FnOnce<Args>>::call_once::hc690e8f7f863e4a4
                                   at /rustc/a84ab0ce6c4557a2f01a3a6c3fdb0f92098db78d/library/alloc/src/boxed.rs:1971:9
      40:        0x104540ca4 - <alloc::boxed::Box<F,A> as core::ops::function::FnOnce<Args>>::call_once::hbd7368fd73181a81
                                   at /rustc/a84ab0ce6c4557a2f01a3a6c3fdb0f92098db78d/library/alloc/src/boxed.rs:1971:9
      41:        0x104540ca4 - std::sys::pal::unix::thread::Thread::new::thread_start::h68f6477ab49ddfa6
                                   at /rustc/a84ab0ce6c4557a2f01a3a6c3fdb0f92098db78d/library/std/src/sys/pal/unix/thread.rs:97:17
      42:        0x18cb17c0c - __pthread_cond_wait

   DELAY 2/2 by   0.100s yyaml::test_de test_u128_big
  TRY 1 FAIL [   1.317s] yyaml::test_error test_bad_float
  stdout ───

    running 1 test
    test test_bad_float ... FAILED

    failures:

    failures:
        test_bad_float

    test result: FAILED. 0 passed; 1 failed; 0 ignored; 0 measured; 28 filtered out; finished in 1.30s

  stderr ───

    thread 'test_bad_float' panicked at tests/test_error.rs:21:5:
    assertion `left == right` failed
      left: "invalid value: string \"str\", expected a float at line 2 column 1"
     right: "scan error: invalid tag handle format (must be !, !!, or !word!) at line 2 col 2"
    stack backtrace:
       0:        0x102d789b8 - std::backtrace_rs::backtrace::libunwind::trace::h55ff2b95044b23af
                                   at /rustc/a84ab0ce6c4557a2f01a3a6c3fdb0f92098db78d/library/std/src/../../backtrace/src/backtrace/libunwind.rs:117:9
       1:        0x102d789b8 - std::backtrace_rs::backtrace::trace_unsynchronized::h27d3915c5fade0eb
                                   at /rustc/a84ab0ce6c4557a2f01a3a6c3fdb0f92098db78d/library/std/src/../../backtrace/src/backtrace/mod.rs:66:14
       2:        0x102d789b8 - std::sys::backtrace::_print_fmt::h8814266628a35447
                                   at /rustc/a84ab0ce6c4557a2f01a3a6c3fdb0f92098db78d/library/std/src/sys/backtrace.rs:66:9
       3:        0x102d789b8 - <std::sys::backtrace::BacktraceLock::print::DisplayBacktrace as core::fmt::Display>::fmt::h5e725fe22fa64edb
                                   at /rustc/a84ab0ce6c4557a2f01a3a6c3fdb0f92098db78d/library/std/src/sys/backtrace.rs:39:26
       4:        0x102d945f8 - core::fmt::rt::Argument::fmt::he1ba4eb06f4d26ae
                                   at /rustc/a84ab0ce6c4557a2f01a3a6c3fdb0f92098db78d/library/core/src/fmt/rt.rs:173:76
       5:        0x102d945f8 - core::fmt::write::h8e1a8a4d36399bb5
                                   at /rustc/a84ab0ce6c4557a2f01a3a6c3fdb0f92098db78d/library/core/src/fmt/mod.rs:1465:25
       6:        0x102d766a4 - std::io::default_write_fmt::hfe5ca79aa8977266
                                   at /rustc/a84ab0ce6c4557a2f01a3a6c3fdb0f92098db78d/library/std/src/io/mod.rs:639:11
       7:        0x102d766a4 - std::io::Write::write_fmt::h0e6971909a7068ed
                                   at /rustc/a84ab0ce6c4557a2f01a3a6c3fdb0f92098db78d/library/std/src/io/mod.rs:1954:13
       8:        0x102d7886c - std::sys::backtrace::BacktraceLock::print::h356b93a0435479ac
                                   at /rustc/a84ab0ce6c4557a2f01a3a6c3fdb0f92098db78d/library/std/src/sys/backtrace.rs:42:9
       9:        0x102d79dcc - std::panicking::default_hook::{{closure}}::h96886c361ce2e5ed
                                   at /rustc/a84ab0ce6c4557a2f01a3a6c3fdb0f92098db78d/library/std/src/panicking.rs:300:27
      10:        0x102d79c1c - std::panicking::default_hook::h205a855c3bc7384c
                                   at /rustc/a84ab0ce6c4557a2f01a3a6c3fdb0f92098db78d/library/std/src/panicking.rs:327:9
      11:        0x102d7a854 - std::panicking::rust_panic_with_hook::hf78b19a86c461f44
                                   at /rustc/a84ab0ce6c4557a2f01a3a6c3fdb0f92098db78d/library/std/src/panicking.rs:833:13
      12:        0x102d7a488 - std::panicking::begin_panic_handler::{{closure}}::h05c1a3f496032da4
                                   at /rustc/a84ab0ce6c4557a2f01a3a6c3fdb0f92098db78d/library/std/src/panicking.rs:706:13
      13:        0x102d78e64 - std::sys::backtrace::__rust_end_short_backtrace::hb1ad2b94954f716c
                                   at /rustc/a84ab0ce6c4557a2f01a3a6c3fdb0f92098db78d/library/std/src/sys/backtrace.rs:168:18
      14:        0x102d7a164 - __rustc[c0c724db799d4e69]::rust_begin_unwind
                                   at /rustc/a84ab0ce6c4557a2f01a3a6c3fdb0f92098db78d/library/std/src/panicking.rs:697:5
      15:        0x102da1bd4 - core::panicking::panic_fmt::hf0f4ee38d6b2b5ec
                                   at /rustc/a84ab0ce6c4557a2f01a3a6c3fdb0f92098db78d/library/core/src/panicking.rs:75:14
      16:        0x102da1f30 - core::panicking::assert_failed_inner::h2609a8f103a6e931
      17:        0x102d9ae20 - core::panicking::assert_failed::h446f6aaf66963ac2
                                   at /Users/davidmaple/.rustup/toolchains/nightly-aarch64-apple-darwin/lib/rustlib/src/rust/library/core/src/panicking.rs:403:5
      18:        0x102c83c6c - test_error::test_error::h6a79b37cdda3dc11
                                   at /Volumes/samsung_t9/yyaml/tests/test_error.rs:21:5
      19:        0x102cb9ef4 - test_error::test_bad_float::h64fa738deed56f10
                                   at /Volumes/samsung_t9/yyaml/tests/test_error.rs:302:5
      20:        0x102c8ad34 - test_error::test_bad_float::{{closure}}::h4d01d794189bf7df
                                   at /Volumes/samsung_t9/yyaml/tests/test_error.rs:296:20
      21:        0x102cc8df8 - core::ops::function::FnOnce::call_once::hd51f328482cf8a45
                                   at /Users/davidmaple/.rustup/toolchains/nightly-aarch64-apple-darwin/lib/rustlib/src/rust/library/core/src/ops/function.rs:250:5
      22:        0x102d0188c - core::ops::function::FnOnce::call_once::h1d7d96894b57f1a8
                                   at /rustc/a84ab0ce6c4557a2f01a3a6c3fdb0f92098db78d/library/core/src/ops/function.rs:250:5
      23:        0x102d0188c - test::__rust_begin_short_backtrace::h49df205d5e8fa5ed
                                   at /rustc/a84ab0ce6c4557a2f01a3a6c3fdb0f92098db78d/library/test/src/lib.rs:648:18
      24:        0x102d00ba4 - test::run_test_in_process::{{closure}}::h541faf28c3f28e80
                                   at /rustc/a84ab0ce6c4557a2f01a3a6c3fdb0f92098db78d/library/test/src/lib.rs:671:74
      25:        0x102d00ba4 - <core::panic::unwind_safe::AssertUnwindSafe<F> as core::ops::function::FnOnce<()>>::call_once::h236201a0c4e41711
                                   at /rustc/a84ab0ce6c4557a2f01a3a6c3fdb0f92098db78d/library/core/src/panic/unwind_safe.rs:272:9
      26:        0x102d00ba4 - std::panicking::catch_unwind::do_call::hae5173175ee45e1c
                                   at /rustc/a84ab0ce6c4557a2f01a3a6c3fdb0f92098db78d/library/std/src/panicking.rs:589:40
      27:        0x102d00ba4 - std::panicking::catch_unwind::h6a8d053f04cf2627
                                   at /rustc/a84ab0ce6c4557a2f01a3a6c3fdb0f92098db78d/library/std/src/panicking.rs:552:19
      28:        0x102d00ba4 - std::panic::catch_unwind::hb283f1f01526f170
                                   at /rustc/a84ab0ce6c4557a2f01a3a6c3fdb0f92098db78d/library/std/src/panic.rs:359:14
      29:        0x102d00ba4 - test::run_test_in_process::h9430f8627c0c1382
                                   at /rustc/a84ab0ce6c4557a2f01a3a6c3fdb0f92098db78d/library/test/src/lib.rs:671:27
      30:        0x102d00ba4 - test::run_test::{{closure}}::h751bf9ca7de48114
                                   at /rustc/a84ab0ce6c4557a2f01a3a6c3fdb0f92098db78d/library/test/src/lib.rs:592:43
      31:        0x102cd0e58 - test::run_test::{{closure}}::h86d6947403d809a5
                                   at /rustc/a84ab0ce6c4557a2f01a3a6c3fdb0f92098db78d/library/test/src/lib.rs:622:41
      32:        0x102cd0e58 - std::sys::backtrace::__rust_begin_short_backtrace::ha06e6ebca7f7fc41
                                   at /rustc/a84ab0ce6c4557a2f01a3a6c3fdb0f92098db78d/library/std/src/sys/backtrace.rs:152:18
      33:        0x102cd3e9c - std::thread::Builder::spawn_unchecked_::{{closure}}::{{closure}}::h340f74199c0374be
                                   at /rustc/a84ab0ce6c4557a2f01a3a6c3fdb0f92098db78d/library/std/src/thread/mod.rs:559:17
      34:        0x102cd3e9c - <core::panic::unwind_safe::AssertUnwindSafe<F> as core::ops::function::FnOnce<()>>::call_once::hcab50c7bfdc5f301
                                   at /rustc/a84ab0ce6c4557a2f01a3a6c3fdb0f92098db78d/library/core/src/panic/unwind_safe.rs:272:9
      35:        0x102cd3e9c - std::panicking::catch_unwind::do_call::h33579d92230f25ee
                                   at /rustc/a84ab0ce6c4557a2f01a3a6c3fdb0f92098db78d/library/std/src/panicking.rs:589:40
      36:        0x102cd3e9c - std::panicking::catch_unwind::h3f0594f05de65a14
                                   at /rustc/a84ab0ce6c4557a2f01a3a6c3fdb0f92098db78d/library/std/src/panicking.rs:552:19
      37:        0x102cd3e9c - std::panic::catch_unwind::h206b182460dad7bb
                                   at /rustc/a84ab0ce6c4557a2f01a3a6c3fdb0f92098db78d/library/std/src/panic.rs:359:14
      38:        0x102cd3e9c - std::thread::Builder::spawn_unchecked_::{{closure}}::h65fc314577009d40
                                   at /rustc/a84ab0ce6c4557a2f01a3a6c3fdb0f92098db78d/library/std/src/thread/mod.rs:557:30
      39:        0x102cd3e9c - core::ops::function::FnOnce::call_once{{vtable.shim}}::h55722ca4b30b1375
                                   at /rustc/a84ab0ce6c4557a2f01a3a6c3fdb0f92098db78d/library/core/src/ops/function.rs:250:5
      40:        0x102d7cbbc - <alloc::boxed::Box<F,A> as core::ops::function::FnOnce<Args>>::call_once::hc690e8f7f863e4a4
                                   at /rustc/a84ab0ce6c4557a2f01a3a6c3fdb0f92098db78d/library/alloc/src/boxed.rs:1971:9
      41:        0x102d7cbbc - <alloc::boxed::Box<F,A> as core::ops::function::FnOnce<Args>>::call_once::hbd7368fd73181a81
                                   at /rustc/a84ab0ce6c4557a2f01a3a6c3fdb0f92098db78d/library/alloc/src/boxed.rs:1971:9
      42:        0x102d7cbbc - std::sys::pal::unix::thread::Thread::new::thread_start::h68f6477ab49ddfa6
                                   at /rustc/a84ab0ce6c4557a2f01a3a6c3fdb0f92098db78d/library/std/src/sys/pal/unix/thread.rs:97:17
      43:        0x18cb17c0c - __pthread_cond_wait

   DELAY 2/2 by   0.100s yyaml::test_error test_bad_float
  TRY 1 FAIL [   1.316s] yyaml::test_error test_duplicate_keys
  stdout ───

    running 1 test
    test test_duplicate_keys ... FAILED

    failures:

    failures:
        test_duplicate_keys

    test result: FAILED. 0 passed; 1 failed; 0 ignored; 0 measured; 28 filtered out; finished in 1.30s

  stderr ───

    thread 'test_duplicate_keys' panicked at tests/test_error.rs:21:33:
    called `Result::unwrap_err()` on an `Ok` value: Mapping(Mapping({String("thing"): Bool(false)}))
    stack backtrace:
       0:        0x1043ac9b8 - std::backtrace_rs::backtrace::libunwind::trace::h55ff2b95044b23af
                                   at /rustc/a84ab0ce6c4557a2f01a3a6c3fdb0f92098db78d/library/std/src/../../backtrace/src/backtrace/libunwind.rs:117:9
       1:        0x1043ac9b8 - std::backtrace_rs::backtrace::trace_unsynchronized::h27d3915c5fade0eb
                                   at /rustc/a84ab0ce6c4557a2f01a3a6c3fdb0f92098db78d/library/std/src/../../backtrace/src/backtrace/mod.rs:66:14
       2:        0x1043ac9b8 - std::sys::backtrace::_print_fmt::h8814266628a35447
                                   at /rustc/a84ab0ce6c4557a2f01a3a6c3fdb0f92098db78d/library/std/src/sys/backtrace.rs:66:9
       3:        0x1043ac9b8 - <std::sys::backtrace::BacktraceLock::print::DisplayBacktrace as core::fmt::Display>::fmt::h5e725fe22fa64edb
                                   at /rustc/a84ab0ce6c4557a2f01a3a6c3fdb0f92098db78d/library/std/src/sys/backtrace.rs:39:26
       4:        0x1043c85f8 - core::fmt::rt::Argument::fmt::he1ba4eb06f4d26ae
                                   at /rustc/a84ab0ce6c4557a2f01a3a6c3fdb0f92098db78d/library/core/src/fmt/rt.rs:173:76
       5:        0x1043c85f8 - core::fmt::write::h8e1a8a4d36399bb5
                                   at /rustc/a84ab0ce6c4557a2f01a3a6c3fdb0f92098db78d/library/core/src/fmt/mod.rs:1465:25
       6:        0x1043aa6a4 - std::io::default_write_fmt::hfe5ca79aa8977266
                                   at /rustc/a84ab0ce6c4557a2f01a3a6c3fdb0f92098db78d/library/std/src/io/mod.rs:639:11
       7:        0x1043aa6a4 - std::io::Write::write_fmt::h0e6971909a7068ed
                                   at /rustc/a84ab0ce6c4557a2f01a3a6c3fdb0f92098db78d/library/std/src/io/mod.rs:1954:13
       8:        0x1043ac86c - std::sys::backtrace::BacktraceLock::print::h356b93a0435479ac
                                   at /rustc/a84ab0ce6c4557a2f01a3a6c3fdb0f92098db78d/library/std/src/sys/backtrace.rs:42:9
       9:        0x1043addcc - std::panicking::default_hook::{{closure}}::h96886c361ce2e5ed
                                   at /rustc/a84ab0ce6c4557a2f01a3a6c3fdb0f92098db78d/library/std/src/panicking.rs:300:27
      10:        0x1043adc1c - std::panicking::default_hook::h205a855c3bc7384c
                                   at /rustc/a84ab0ce6c4557a2f01a3a6c3fdb0f92098db78d/library/std/src/panicking.rs:327:9
      11:        0x1043ae854 - std::panicking::rust_panic_with_hook::hf78b19a86c461f44
                                   at /rustc/a84ab0ce6c4557a2f01a3a6c3fdb0f92098db78d/library/std/src/panicking.rs:833:13
      12:        0x1043ae488 - std::panicking::begin_panic_handler::{{closure}}::h05c1a3f496032da4
                                   at /rustc/a84ab0ce6c4557a2f01a3a6c3fdb0f92098db78d/library/std/src/panicking.rs:706:13
      13:        0x1043ace64 - std::sys::backtrace::__rust_end_short_backtrace::hb1ad2b94954f716c
                                   at /rustc/a84ab0ce6c4557a2f01a3a6c3fdb0f92098db78d/library/std/src/sys/backtrace.rs:168:18
      14:        0x1043ae164 - __rustc[c0c724db799d4e69]::rust_begin_unwind
                                   at /rustc/a84ab0ce6c4557a2f01a3a6c3fdb0f92098db78d/library/std/src/panicking.rs:697:5
      15:        0x1043d5bd4 - core::panicking::panic_fmt::hf0f4ee38d6b2b5ec
                                   at /rustc/a84ab0ce6c4557a2f01a3a6c3fdb0f92098db78d/library/core/src/panicking.rs:75:14
      16:        0x1043d5f8c - core::result::unwrap_failed::h3d4344ad99c2aa29
                                   at /rustc/a84ab0ce6c4557a2f01a3a6c3fdb0f92098db78d/library/core/src/result.rs:1761:5
      17:        0x1042e1250 - core::result::Result<T,E>::unwrap_err::hd9e9ac7c4920bdf4
                                   at /Users/davidmaple/.rustup/toolchains/nightly-aarch64-apple-darwin/lib/rustlib/src/rust/library/core/src/result.rs:1261:22
      18:        0x1042b76e8 - test_error::test_error::h63c74bbfb1c708a8
                                   at /Volumes/samsung_t9/yyaml/tests/test_error.rs:21:33
      19:        0x1042ee998 - test_error::test_duplicate_keys::hd51583583482f91b
                                   at /Volumes/samsung_t9/yyaml/tests/test_error.rs:473:5
      20:        0x1042c12ec - test_error::test_duplicate_keys::{{closure}}::h9e622d91a4cfa38a
                                   at /Volumes/samsung_t9/yyaml/tests/test_error.rs:466:25
      21:        0x1042fcf3c - core::ops::function::FnOnce::call_once::hef80379775c6093b
                                   at /Users/davidmaple/.rustup/toolchains/nightly-aarch64-apple-darwin/lib/rustlib/src/rust/library/core/src/ops/function.rs:250:5
      22:        0x10433588c - core::ops::function::FnOnce::call_once::h1d7d96894b57f1a8
                                   at /rustc/a84ab0ce6c4557a2f01a3a6c3fdb0f92098db78d/library/core/src/ops/function.rs:250:5
      23:        0x10433588c - test::__rust_begin_short_backtrace::h49df205d5e8fa5ed
                                   at /rustc/a84ab0ce6c4557a2f01a3a6c3fdb0f92098db78d/library/test/src/lib.rs:648:18
      24:        0x104334ba4 - test::run_test_in_process::{{closure}}::h541faf28c3f28e80
                                   at /rustc/a84ab0ce6c4557a2f01a3a6c3fdb0f92098db78d/library/test/src/lib.rs:671:74
      25:        0x104334ba4 - <core::panic::unwind_safe::AssertUnwindSafe<F> as core::ops::function::FnOnce<()>>::call_once::h236201a0c4e41711
                                   at /rustc/a84ab0ce6c4557a2f01a3a6c3fdb0f92098db78d/library/core/src/panic/unwind_safe.rs:272:9
      26:        0x104334ba4 - std::panicking::catch_unwind::do_call::hae5173175ee45e1c
                                   at /rustc/a84ab0ce6c4557a2f01a3a6c3fdb0f92098db78d/library/std/src/panicking.rs:589:40
      27:        0x104334ba4 - std::panicking::catch_unwind::h6a8d053f04cf2627
                                   at /rustc/a84ab0ce6c4557a2f01a3a6c3fdb0f92098db78d/library/std/src/panicking.rs:552:19
      28:        0x104334ba4 - std::panic::catch_unwind::hb283f1f01526f170
                                   at /rustc/a84ab0ce6c4557a2f01a3a6c3fdb0f92098db78d/library/std/src/panic.rs:359:14
      29:        0x104334ba4 - test::run_test_in_process::h9430f8627c0c1382
                                   at /rustc/a84ab0ce6c4557a2f01a3a6c3fdb0f92098db78d/library/test/src/lib.rs:671:27
      30:        0x104334ba4 - test::run_test::{{closure}}::h751bf9ca7de48114
                                   at /rustc/a84ab0ce6c4557a2f01a3a6c3fdb0f92098db78d/library/test/src/lib.rs:592:43
      31:        0x104304e58 - test::run_test::{{closure}}::h86d6947403d809a5
                                   at /rustc/a84ab0ce6c4557a2f01a3a6c3fdb0f92098db78d/library/test/src/lib.rs:622:41
      32:        0x104304e58 - std::sys::backtrace::__rust_begin_short_backtrace::ha06e6ebca7f7fc41
                                   at /rustc/a84ab0ce6c4557a2f01a3a6c3fdb0f92098db78d/library/std/src/sys/backtrace.rs:152:18
      33:        0x104307e9c - std::thread::Builder::spawn_unchecked_::{{closure}}::{{closure}}::h340f74199c0374be
                                   at /rustc/a84ab0ce6c4557a2f01a3a6c3fdb0f92098db78d/library/std/src/thread/mod.rs:559:17
      34:        0x104307e9c - <core::panic::unwind_safe::AssertUnwindSafe<F> as core::ops::function::FnOnce<()>>::call_once::hcab50c7bfdc5f301
                                   at /rustc/a84ab0ce6c4557a2f01a3a6c3fdb0f92098db78d/library/core/src/panic/unwind_safe.rs:272:9
      35:        0x104307e9c - std::panicking::catch_unwind::do_call::h33579d92230f25ee
                                   at /rustc/a84ab0ce6c4557a2f01a3a6c3fdb0f92098db78d/library/std/src/panicking.rs:589:40
      36:        0x104307e9c - std::panicking::catch_unwind::h3f0594f05de65a14
                                   at /rustc/a84ab0ce6c4557a2f01a3a6c3fdb0f92098db78d/library/std/src/panicking.rs:552:19
      37:        0x104307e9c - std::panic::catch_unwind::h206b182460dad7bb
                                   at /rustc/a84ab0ce6c4557a2f01a3a6c3fdb0f92098db78d/library/std/src/panic.rs:359:14
      38:        0x104307e9c - std::thread::Builder::spawn_unchecked_::{{closure}}::h65fc314577009d40
                                   at /rustc/a84ab0ce6c4557a2f01a3a6c3fdb0f92098db78d/library/std/src/thread/mod.rs:557:30
      39:        0x104307e9c - core::ops::function::FnOnce::call_once{{vtable.shim}}::h55722ca4b30b1375
                                   at /rustc/a84ab0ce6c4557a2f01a3a6c3fdb0f92098db78d/library/core/src/ops/function.rs:250:5
      40:        0x1043b0bbc - <alloc::boxed::Box<F,A> as core::ops::function::FnOnce<Args>>::call_once::hc690e8f7f863e4a4
                                   at /rustc/a84ab0ce6c4557a2f01a3a6c3fdb0f92098db78d/library/alloc/src/boxed.rs:1971:9
      41:        0x1043b0bbc - <alloc::boxed::Box<F,A> as core::ops::function::FnOnce<Args>>::call_once::hbd7368fd73181a81
                                   at /rustc/a84ab0ce6c4557a2f01a3a6c3fdb0f92098db78d/library/alloc/src/boxed.rs:1971:9
      42:        0x1043b0bbc - std::sys::pal::unix::thread::Thread::new::thread_start::h68f6477ab49ddfa6
                                   at /rustc/a84ab0ce6c4557a2f01a3a6c3fdb0f92098db78d/library/std/src/sys/pal/unix/thread.rs:97:17
      43:        0x18cb17c0c - __pthread_cond_wait

   DELAY 2/2 by   0.100s yyaml::test_error test_duplicate_keys
  TRY 1 FAIL [   1.316s] yyaml::test_error test_deserialize_nested_enum
  stdout ───

    running 1 test
    test test_deserialize_nested_enum ... FAILED

    failures:

    failures:
        test_deserialize_nested_enum

    test result: FAILED. 0 passed; 1 failed; 0 ignored; 0 measured; 28 filtered out; finished in 1.29s

  stderr ───

    thread 'test_deserialize_nested_enum' panicked at tests/test_error.rs:21:5:
    assertion `left == right` failed
      left: "deserializing nested enum in Outer::Inner from YAML is not supported yet at line 2 column 1"
     right: "custom: expected string or single-entry map for enum"
    stack backtrace:
       0:        0x1022549b8 - std::backtrace_rs::backtrace::libunwind::trace::h55ff2b95044b23af
                                   at /rustc/a84ab0ce6c4557a2f01a3a6c3fdb0f92098db78d/library/std/src/../../backtrace/src/backtrace/libunwind.rs:117:9
       1:        0x1022549b8 - std::backtrace_rs::backtrace::trace_unsynchronized::h27d3915c5fade0eb
                                   at /rustc/a84ab0ce6c4557a2f01a3a6c3fdb0f92098db78d/library/std/src/../../backtrace/src/backtrace/mod.rs:66:14
       2:        0x1022549b8 - std::sys::backtrace::_print_fmt::h8814266628a35447
                                   at /rustc/a84ab0ce6c4557a2f01a3a6c3fdb0f92098db78d/library/std/src/sys/backtrace.rs:66:9
       3:        0x1022549b8 - <std::sys::backtrace::BacktraceLock::print::DisplayBacktrace as core::fmt::Display>::fmt::h5e725fe22fa64edb
                                   at /rustc/a84ab0ce6c4557a2f01a3a6c3fdb0f92098db78d/library/std/src/sys/backtrace.rs:39:26
       4:        0x1022705f8 - core::fmt::rt::Argument::fmt::he1ba4eb06f4d26ae
                                   at /rustc/a84ab0ce6c4557a2f01a3a6c3fdb0f92098db78d/library/core/src/fmt/rt.rs:173:76
       5:        0x1022705f8 - core::fmt::write::h8e1a8a4d36399bb5
                                   at /rustc/a84ab0ce6c4557a2f01a3a6c3fdb0f92098db78d/library/core/src/fmt/mod.rs:1465:25
       6:        0x1022526a4 - std::io::default_write_fmt::hfe5ca79aa8977266
                                   at /rustc/a84ab0ce6c4557a2f01a3a6c3fdb0f92098db78d/library/std/src/io/mod.rs:639:11
       7:        0x1022526a4 - std::io::Write::write_fmt::h0e6971909a7068ed
                                   at /rustc/a84ab0ce6c4557a2f01a3a6c3fdb0f92098db78d/library/std/src/io/mod.rs:1954:13
       8:        0x10225486c - std::sys::backtrace::BacktraceLock::print::h356b93a0435479ac
                                   at /rustc/a84ab0ce6c4557a2f01a3a6c3fdb0f92098db78d/library/std/src/sys/backtrace.rs:42:9
       9:        0x102255dcc - std::panicking::default_hook::{{closure}}::h96886c361ce2e5ed
                                   at /rustc/a84ab0ce6c4557a2f01a3a6c3fdb0f92098db78d/library/std/src/panicking.rs:300:27
      10:        0x102255c1c - std::panicking::default_hook::h205a855c3bc7384c
                                   at /rustc/a84ab0ce6c4557a2f01a3a6c3fdb0f92098db78d/library/std/src/panicking.rs:327:9
      11:        0x102256854 - std::panicking::rust_panic_with_hook::hf78b19a86c461f44
                                   at /rustc/a84ab0ce6c4557a2f01a3a6c3fdb0f92098db78d/library/std/src/panicking.rs:833:13
      12:        0x102256488 - std::panicking::begin_panic_handler::{{closure}}::h05c1a3f496032da4
                                   at /rustc/a84ab0ce6c4557a2f01a3a6c3fdb0f92098db78d/library/std/src/panicking.rs:706:13
      13:        0x102254e64 - std::sys::backtrace::__rust_end_short_backtrace::hb1ad2b94954f716c
                                   at /rustc/a84ab0ce6c4557a2f01a3a6c3fdb0f92098db78d/library/std/src/sys/backtrace.rs:168:18
      14:        0x102256164 - __rustc[c0c724db799d4e69]::rust_begin_unwind
                                   at /rustc/a84ab0ce6c4557a2f01a3a6c3fdb0f92098db78d/library/std/src/panicking.rs:697:5
      15:        0x10227dbd4 - core::panicking::panic_fmt::hf0f4ee38d6b2b5ec
                                   at /rustc/a84ab0ce6c4557a2f01a3a6c3fdb0f92098db78d/library/core/src/panicking.rs:75:14
      16:        0x10227df30 - core::panicking::assert_failed_inner::h2609a8f103a6e931
      17:        0x102276e20 - core::panicking::assert_failed::h446f6aaf66963ac2
                                   at /Users/davidmaple/.rustup/toolchains/nightly-aarch64-apple-darwin/lib/rustlib/src/rust/library/core/src/panicking.rs:403:5
      18:        0x1021619dc - test_error::test_error::hd48bd00e17a1a987
                                   at /Volumes/samsung_t9/yyaml/tests/test_error.rs:21:5
      19:        0x102195aa4 - test_error::test_deserialize_nested_enum::hfb8ae01cea992cb9
                                   at /Volumes/samsung_t9/yyaml/tests/test_error.rs:227:5
      20:        0x1021657d8 - test_error::test_deserialize_nested_enum::{{closure}}::h490892ca63b1e7f2
                                   at /Volumes/samsung_t9/yyaml/tests/test_error.rs:212:34
      21:        0x1021a4ae8 - core::ops::function::FnOnce::call_once::haa7fe1d4bb825024
                                   at /Users/davidmaple/.rustup/toolchains/nightly-aarch64-apple-darwin/lib/rustlib/src/rust/library/core/src/ops/function.rs:250:5
      22:        0x1021dd88c - core::ops::function::FnOnce::call_once::h1d7d96894b57f1a8
                                   at /rustc/a84ab0ce6c4557a2f01a3a6c3fdb0f92098db78d/library/core/src/ops/function.rs:250:5
      23:        0x1021dd88c - test::__rust_begin_short_backtrace::h49df205d5e8fa5ed
                                   at /rustc/a84ab0ce6c4557a2f01a3a6c3fdb0f92098db78d/library/test/src/lib.rs:648:18
      24:        0x1021dcba4 - test::run_test_in_process::{{closure}}::h541faf28c3f28e80
                                   at /rustc/a84ab0ce6c4557a2f01a3a6c3fdb0f92098db78d/library/test/src/lib.rs:671:74
      25:        0x1021dcba4 - <core::panic::unwind_safe::AssertUnwindSafe<F> as core::ops::function::FnOnce<()>>::call_once::h236201a0c4e41711
                                   at /rustc/a84ab0ce6c4557a2f01a3a6c3fdb0f92098db78d/library/core/src/panic/unwind_safe.rs:272:9
      26:        0x1021dcba4 - std::panicking::catch_unwind::do_call::hae5173175ee45e1c
                                   at /rustc/a84ab0ce6c4557a2f01a3a6c3fdb0f92098db78d/library/std/src/panicking.rs:589:40
      27:        0x1021dcba4 - std::panicking::catch_unwind::h6a8d053f04cf2627
                                   at /rustc/a84ab0ce6c4557a2f01a3a6c3fdb0f92098db78d/library/std/src/panicking.rs:552:19
      28:        0x1021dcba4 - std::panic::catch_unwind::hb283f1f01526f170
                                   at /rustc/a84ab0ce6c4557a2f01a3a6c3fdb0f92098db78d/library/std/src/panic.rs:359:14
      29:        0x1021dcba4 - test::run_test_in_process::h9430f8627c0c1382
                                   at /rustc/a84ab0ce6c4557a2f01a3a6c3fdb0f92098db78d/library/test/src/lib.rs:671:27
      30:        0x1021dcba4 - test::run_test::{{closure}}::h751bf9ca7de48114
                                   at /rustc/a84ab0ce6c4557a2f01a3a6c3fdb0f92098db78d/library/test/src/lib.rs:592:43
      31:        0x1021ace58 - test::run_test::{{closure}}::h86d6947403d809a5
                                   at /rustc/a84ab0ce6c4557a2f01a3a6c3fdb0f92098db78d/library/test/src/lib.rs:622:41
      32:        0x1021ace58 - std::sys::backtrace::__rust_begin_short_backtrace::ha06e6ebca7f7fc41
                                   at /rustc/a84ab0ce6c4557a2f01a3a6c3fdb0f92098db78d/library/std/src/sys/backtrace.rs:152:18
      33:        0x1021afe9c - std::thread::Builder::spawn_unchecked_::{{closure}}::{{closure}}::h340f74199c0374be
                                   at /rustc/a84ab0ce6c4557a2f01a3a6c3fdb0f92098db78d/library/std/src/thread/mod.rs:559:17
      34:        0x1021afe9c - <core::panic::unwind_safe::AssertUnwindSafe<F> as core::ops::function::FnOnce<()>>::call_once::hcab50c7bfdc5f301
                                   at /rustc/a84ab0ce6c4557a2f01a3a6c3fdb0f92098db78d/library/core/src/panic/unwind_safe.rs:272:9
      35:        0x1021afe9c - std::panicking::catch_unwind::do_call::h33579d92230f25ee
                                   at /rustc/a84ab0ce6c4557a2f01a3a6c3fdb0f92098db78d/library/std/src/panicking.rs:589:40
      36:        0x1021afe9c - std::panicking::catch_unwind::h3f0594f05de65a14
                                   at /rustc/a84ab0ce6c4557a2f01a3a6c3fdb0f92098db78d/library/std/src/panicking.rs:552:19
      37:        0x1021afe9c - std::panic::catch_unwind::h206b182460dad7bb
                                   at /rustc/a84ab0ce6c4557a2f01a3a6c3fdb0f92098db78d/library/std/src/panic.rs:359:14
      38:        0x1021afe9c - std::thread::Builder::spawn_unchecked_::{{closure}}::h65fc314577009d40
                                   at /rustc/a84ab0ce6c4557a2f01a3a6c3fdb0f92098db78d/library/std/src/thread/mod.rs:557:30
      39:        0x1021afe9c - core::ops::function::FnOnce::call_once{{vtable.shim}}::h55722ca4b30b1375
                                   at /rustc/a84ab0ce6c4557a2f01a3a6c3fdb0f92098db78d/library/core/src/ops/function.rs:250:5
      40:        0x102258bbc - <alloc::boxed::Box<F,A> as core::ops::function::FnOnce<Args>>::call_once::hc690e8f7f863e4a4
                                   at /rustc/a84ab0ce6c4557a2f01a3a6c3fdb0f92098db78d/library/alloc/src/boxed.rs:1971:9
      41:        0x102258bbc - <alloc::boxed::Box<F,A> as core::ops::function::FnOnce<Args>>::call_once::hbd7368fd73181a81
                                   at /rustc/a84ab0ce6c4557a2f01a3a6c3fdb0f92098db78d/library/alloc/src/boxed.rs:1971:9
      42:        0x102258bbc - std::sys::pal::unix::thread::Thread::new::thread_start::h68f6477ab49ddfa6
                                   at /rustc/a84ab0ce6c4557a2f01a3a6c3fdb0f92098db78d/library/std/src/sys/pal/unix/thread.rs:97:17
      43:        0x18cb17c0c - __pthread_cond_wait

   DELAY 2/2 by   0.100s yyaml::test_error test_deserialize_nested_enum
  TRY 1 FAIL [   1.318s] yyaml::test_error test_bad_int
  stdout ───

    running 1 test
    test test_bad_int ... FAILED

    failures:

    failures:
        test_bad_int

    test result: FAILED. 0 passed; 1 failed; 0 ignored; 0 measured; 28 filtered out; finished in 1.31s

  stderr ───

    thread 'test_bad_int' panicked at tests/test_error.rs:21:5:
    assertion `left == right` failed
      left: "invalid value: string \"str\", expected an integer at line 2 column 1"
     right: "scan error: invalid tag handle format (must be !, !!, or !word!) at line 2 col 2"
    stack backtrace:
       0:        0x1041a89b8 - std::backtrace_rs::backtrace::libunwind::trace::h55ff2b95044b23af
                                   at /rustc/a84ab0ce6c4557a2f01a3a6c3fdb0f92098db78d/library/std/src/../../backtrace/src/backtrace/libunwind.rs:117:9
       1:        0x1041a89b8 - std::backtrace_rs::backtrace::trace_unsynchronized::h27d3915c5fade0eb
                                   at /rustc/a84ab0ce6c4557a2f01a3a6c3fdb0f92098db78d/library/std/src/../../backtrace/src/backtrace/mod.rs:66:14
       2:        0x1041a89b8 - std::sys::backtrace::_print_fmt::h8814266628a35447
                                   at /rustc/a84ab0ce6c4557a2f01a3a6c3fdb0f92098db78d/library/std/src/sys/backtrace.rs:66:9
       3:        0x1041a89b8 - <std::sys::backtrace::BacktraceLock::print::DisplayBacktrace as core::fmt::Display>::fmt::h5e725fe22fa64edb
                                   at /rustc/a84ab0ce6c4557a2f01a3a6c3fdb0f92098db78d/library/std/src/sys/backtrace.rs:39:26
       4:        0x1041c45f8 - core::fmt::rt::Argument::fmt::he1ba4eb06f4d26ae
                                   at /rustc/a84ab0ce6c4557a2f01a3a6c3fdb0f92098db78d/library/core/src/fmt/rt.rs:173:76
       5:        0x1041c45f8 - core::fmt::write::h8e1a8a4d36399bb5
                                   at /rustc/a84ab0ce6c4557a2f01a3a6c3fdb0f92098db78d/library/core/src/fmt/mod.rs:1465:25
       6:        0x1041a66a4 - std::io::default_write_fmt::hfe5ca79aa8977266
                                   at /rustc/a84ab0ce6c4557a2f01a3a6c3fdb0f92098db78d/library/std/src/io/mod.rs:639:11
       7:        0x1041a66a4 - std::io::Write::write_fmt::h0e6971909a7068ed
                                   at /rustc/a84ab0ce6c4557a2f01a3a6c3fdb0f92098db78d/library/std/src/io/mod.rs:1954:13
       8:        0x1041a886c - std::sys::backtrace::BacktraceLock::print::h356b93a0435479ac
                                   at /rustc/a84ab0ce6c4557a2f01a3a6c3fdb0f92098db78d/library/std/src/sys/backtrace.rs:42:9
       9:        0x1041a9dcc - std::panicking::default_hook::{{closure}}::h96886c361ce2e5ed
                                   at /rustc/a84ab0ce6c4557a2f01a3a6c3fdb0f92098db78d/library/std/src/panicking.rs:300:27
      10:        0x1041a9c1c - std::panicking::default_hook::h205a855c3bc7384c
                                   at /rustc/a84ab0ce6c4557a2f01a3a6c3fdb0f92098db78d/library/std/src/panicking.rs:327:9
      11:        0x1041aa854 - std::panicking::rust_panic_with_hook::hf78b19a86c461f44
                                   at /rustc/a84ab0ce6c4557a2f01a3a6c3fdb0f92098db78d/library/std/src/panicking.rs:833:13
      12:        0x1041aa488 - std::panicking::begin_panic_handler::{{closure}}::h05c1a3f496032da4
                                   at /rustc/a84ab0ce6c4557a2f01a3a6c3fdb0f92098db78d/library/std/src/panicking.rs:706:13
      13:        0x1041a8e64 - std::sys::backtrace::__rust_end_short_backtrace::hb1ad2b94954f716c
                                   at /rustc/a84ab0ce6c4557a2f01a3a6c3fdb0f92098db78d/library/std/src/sys/backtrace.rs:168:18
      14:        0x1041aa164 - __rustc[c0c724db799d4e69]::rust_begin_unwind
                                   at /rustc/a84ab0ce6c4557a2f01a3a6c3fdb0f92098db78d/library/std/src/panicking.rs:697:5
      15:        0x1041d1bd4 - core::panicking::panic_fmt::hf0f4ee38d6b2b5ec
                                   at /rustc/a84ab0ce6c4557a2f01a3a6c3fdb0f92098db78d/library/core/src/panicking.rs:75:14
      16:        0x1041d1f30 - core::panicking::assert_failed_inner::h2609a8f103a6e931
      17:        0x1041cae20 - core::panicking::assert_failed::h446f6aaf66963ac2
                                   at /Users/davidmaple/.rustup/toolchains/nightly-aarch64-apple-darwin/lib/rustlib/src/rust/library/core/src/panicking.rs:403:5
      18:        0x1040b39f8 - test_error::test_error::h64378f4aa02a6efe
                                   at /Volumes/samsung_t9/yyaml/tests/test_error.rs:21:5
      19:        0x1040e9ea0 - test_error::test_bad_int::h88d5a20156441851
                                   at /Volumes/samsung_t9/yyaml/tests/test_error.rs:292:5
      20:        0x1040bad08 - test_error::test_bad_int::{{closure}}::hd4089f543239943a
                                   at /Volumes/samsung_t9/yyaml/tests/test_error.rs:286:18
      21:        0x1040f8878 - core::ops::function::FnOnce::call_once::h83443c24b38af0b7
                                   at /Users/davidmaple/.rustup/toolchains/nightly-aarch64-apple-darwin/lib/rustlib/src/rust/library/core/src/ops/function.rs:250:5
      22:        0x10413188c - core::ops::function::FnOnce::call_once::h1d7d96894b57f1a8
                                   at /rustc/a84ab0ce6c4557a2f01a3a6c3fdb0f92098db78d/library/core/src/ops/function.rs:250:5
      23:        0x10413188c - test::__rust_begin_short_backtrace::h49df205d5e8fa5ed
                                   at /rustc/a84ab0ce6c4557a2f01a3a6c3fdb0f92098db78d/library/test/src/lib.rs:648:18
      24:        0x104130ba4 - test::run_test_in_process::{{closure}}::h541faf28c3f28e80
                                   at /rustc/a84ab0ce6c4557a2f01a3a6c3fdb0f92098db78d/library/test/src/lib.rs:671:74
      25:        0x104130ba4 - <core::panic::unwind_safe::AssertUnwindSafe<F> as core::ops::function::FnOnce<()>>::call_once::h236201a0c4e41711
                                   at /rustc/a84ab0ce6c4557a2f01a3a6c3fdb0f92098db78d/library/core/src/panic/unwind_safe.rs:272:9
      26:        0x104130ba4 - std::panicking::catch_unwind::do_call::hae5173175ee45e1c
                                   at /rustc/a84ab0ce6c4557a2f01a3a6c3fdb0f92098db78d/library/std/src/panicking.rs:589:40
      27:        0x104130ba4 - std::panicking::catch_unwind::h6a8d053f04cf2627
                                   at /rustc/a84ab0ce6c4557a2f01a3a6c3fdb0f92098db78d/library/std/src/panicking.rs:552:19
      28:        0x104130ba4 - std::panic::catch_unwind::hb283f1f01526f170
                                   at /rustc/a84ab0ce6c4557a2f01a3a6c3fdb0f92098db78d/library/std/src/panic.rs:359:14
      29:        0x104130ba4 - test::run_test_in_process::h9430f8627c0c1382
                                   at /rustc/a84ab0ce6c4557a2f01a3a6c3fdb0f92098db78d/library/test/src/lib.rs:671:27
      30:        0x104130ba4 - test::run_test::{{closure}}::h751bf9ca7de48114
                                   at /rustc/a84ab0ce6c4557a2f01a3a6c3fdb0f92098db78d/library/test/src/lib.rs:592:43
      31:        0x104100e58 - test::run_test::{{closure}}::h86d6947403d809a5
                                   at /rustc/a84ab0ce6c4557a2f01a3a6c3fdb0f92098db78d/library/test/src/lib.rs:622:41
      32:        0x104100e58 - std::sys::backtrace::__rust_begin_short_backtrace::ha06e6ebca7f7fc41
                                   at /rustc/a84ab0ce6c4557a2f01a3a6c3fdb0f92098db78d/library/std/src/sys/backtrace.rs:152:18
      33:        0x104103e9c - std::thread::Builder::spawn_unchecked_::{{closure}}::{{closure}}::h340f74199c0374be
                                   at /rustc/a84ab0ce6c4557a2f01a3a6c3fdb0f92098db78d/library/std/src/thread/mod.rs:559:17
      34:        0x104103e9c - <core::panic::unwind_safe::AssertUnwindSafe<F> as core::ops::function::FnOnce<()>>::call_once::hcab50c7bfdc5f301
                                   at /rustc/a84ab0ce6c4557a2f01a3a6c3fdb0f92098db78d/library/core/src/panic/unwind_safe.rs:272:9
      35:        0x104103e9c - std::panicking::catch_unwind::do_call::h33579d92230f25ee
                                   at /rustc/a84ab0ce6c4557a2f01a3a6c3fdb0f92098db78d/library/std/src/panicking.rs:589:40
      36:        0x104103e9c - std::panicking::catch_unwind::h3f0594f05de65a14
                                   at /rustc/a84ab0ce6c4557a2f01a3a6c3fdb0f92098db78d/library/std/src/panicking.rs:552:19
      37:        0x104103e9c - std::panic::catch_unwind::h206b182460dad7bb
                                   at /rustc/a84ab0ce6c4557a2f01a3a6c3fdb0f92098db78d/library/std/src/panic.rs:359:14
      38:        0x104103e9c - std::thread::Builder::spawn_unchecked_::{{closure}}::h65fc314577009d40
                                   at /rustc/a84ab0ce6c4557a2f01a3a6c3fdb0f92098db78d/library/std/src/thread/mod.rs:557:30
      39:        0x104103e9c - core::ops::function::FnOnce::call_once{{vtable.shim}}::h55722ca4b30b1375
                                   at /rustc/a84ab0ce6c4557a2f01a3a6c3fdb0f92098db78d/library/core/src/ops/function.rs:250:5
      40:        0x1041acbbc - <alloc::boxed::Box<F,A> as core::ops::function::FnOnce<Args>>::call_once::hc690e8f7f863e4a4
                                   at /rustc/a84ab0ce6c4557a2f01a3a6c3fdb0f92098db78d/library/alloc/src/boxed.rs:1971:9
      41:        0x1041acbbc - <alloc::boxed::Box<F,A> as core::ops::function::FnOnce<Args>>::call_once::hbd7368fd73181a81
                                   at /rustc/a84ab0ce6c4557a2f01a3a6c3fdb0f92098db78d/library/alloc/src/boxed.rs:1971:9
      42:        0x1041acbbc - std::sys::pal::unix::thread::Thread::new::thread_start::h68f6477ab49ddfa6
                                   at /rustc/a84ab0ce6c4557a2f01a3a6c3fdb0f92098db78d/library/std/src/sys/pal/unix/thread.rs:97:17
      43:        0x18cb17c0c - __pthread_cond_wait

   DELAY 2/2 by   0.100s yyaml::test_error test_bad_int
  TRY 1 FAIL [   1.320s] yyaml::test_error test_bad_bool
  stdout ───

    running 1 test
    test test_bad_bool ... FAILED

    failures:

    failures:
        test_bad_bool

    test result: FAILED. 0 passed; 1 failed; 0 ignored; 0 measured; 28 filtered out; finished in 1.31s

  stderr ───

    thread 'test_bad_bool' panicked at tests/test_error.rs:21:5:
    assertion `left == right` failed
      left: "invalid value: string \"str\", expected a boolean at line 2 column 1"
     right: "scan error: invalid tag handle format (must be !, !!, or !word!) at line 2 col 2"
    stack backtrace:
       0:        0x100f989b8 - std::backtrace_rs::backtrace::libunwind::trace::h55ff2b95044b23af
                                   at /rustc/a84ab0ce6c4557a2f01a3a6c3fdb0f92098db78d/library/std/src/../../backtrace/src/backtrace/libunwind.rs:117:9
       1:        0x100f989b8 - std::backtrace_rs::backtrace::trace_unsynchronized::h27d3915c5fade0eb
                                   at /rustc/a84ab0ce6c4557a2f01a3a6c3fdb0f92098db78d/library/std/src/../../backtrace/src/backtrace/mod.rs:66:14
       2:        0x100f989b8 - std::sys::backtrace::_print_fmt::h8814266628a35447
                                   at /rustc/a84ab0ce6c4557a2f01a3a6c3fdb0f92098db78d/library/std/src/sys/backtrace.rs:66:9
       3:        0x100f989b8 - <std::sys::backtrace::BacktraceLock::print::DisplayBacktrace as core::fmt::Display>::fmt::h5e725fe22fa64edb
                                   at /rustc/a84ab0ce6c4557a2f01a3a6c3fdb0f92098db78d/library/std/src/sys/backtrace.rs:39:26
       4:        0x100fb45f8 - core::fmt::rt::Argument::fmt::he1ba4eb06f4d26ae
                                   at /rustc/a84ab0ce6c4557a2f01a3a6c3fdb0f92098db78d/library/core/src/fmt/rt.rs:173:76
       5:        0x100fb45f8 - core::fmt::write::h8e1a8a4d36399bb5
                                   at /rustc/a84ab0ce6c4557a2f01a3a6c3fdb0f92098db78d/library/core/src/fmt/mod.rs:1465:25
       6:        0x100f966a4 - std::io::default_write_fmt::hfe5ca79aa8977266
                                   at /rustc/a84ab0ce6c4557a2f01a3a6c3fdb0f92098db78d/library/std/src/io/mod.rs:639:11
       7:        0x100f966a4 - std::io::Write::write_fmt::h0e6971909a7068ed
                                   at /rustc/a84ab0ce6c4557a2f01a3a6c3fdb0f92098db78d/library/std/src/io/mod.rs:1954:13
       8:        0x100f9886c - std::sys::backtrace::BacktraceLock::print::h356b93a0435479ac
                                   at /rustc/a84ab0ce6c4557a2f01a3a6c3fdb0f92098db78d/library/std/src/sys/backtrace.rs:42:9
       9:        0x100f99dcc - std::panicking::default_hook::{{closure}}::h96886c361ce2e5ed
                                   at /rustc/a84ab0ce6c4557a2f01a3a6c3fdb0f92098db78d/library/std/src/panicking.rs:300:27
      10:        0x100f99c1c - std::panicking::default_hook::h205a855c3bc7384c
                                   at /rustc/a84ab0ce6c4557a2f01a3a6c3fdb0f92098db78d/library/std/src/panicking.rs:327:9
      11:        0x100f9a854 - std::panicking::rust_panic_with_hook::hf78b19a86c461f44
                                   at /rustc/a84ab0ce6c4557a2f01a3a6c3fdb0f92098db78d/library/std/src/panicking.rs:833:13
      12:        0x100f9a488 - std::panicking::begin_panic_handler::{{closure}}::h05c1a3f496032da4
                                   at /rustc/a84ab0ce6c4557a2f01a3a6c3fdb0f92098db78d/library/std/src/panicking.rs:706:13
      13:        0x100f98e64 - std::sys::backtrace::__rust_end_short_backtrace::hb1ad2b94954f716c
                                   at /rustc/a84ab0ce6c4557a2f01a3a6c3fdb0f92098db78d/library/std/src/sys/backtrace.rs:168:18
      14:        0x100f9a164 - __rustc[c0c724db799d4e69]::rust_begin_unwind
                                   at /rustc/a84ab0ce6c4557a2f01a3a6c3fdb0f92098db78d/library/std/src/panicking.rs:697:5
      15:        0x100fc1bd4 - core::panicking::panic_fmt::hf0f4ee38d6b2b5ec
                                   at /rustc/a84ab0ce6c4557a2f01a3a6c3fdb0f92098db78d/library/core/src/panicking.rs:75:14
      16:        0x100fc1f30 - core::panicking::assert_failed_inner::h2609a8f103a6e931
      17:        0x100fbae20 - core::panicking::assert_failed::h446f6aaf66963ac2
                                   at /Users/davidmaple/.rustup/toolchains/nightly-aarch64-apple-darwin/lib/rustlib/src/rust/library/core/src/panicking.rs:403:5
      18:        0x100ea5768 - test_error::test_error::hc8f9aeda97c9b315
                                   at /Volumes/samsung_t9/yyaml/tests/test_error.rs:21:5
      19:        0x100ed9e4c - test_error::test_bad_bool::hb03e0926aff3334c
                                   at /Volumes/samsung_t9/yyaml/tests/test_error.rs:282:5
      20:        0x100eaacdc - test_error::test_bad_bool::{{closure}}::h89b5764ed52c7cbd
                                   at /Volumes/samsung_t9/yyaml/tests/test_error.rs:276:19
      21:        0x100ee85f4 - core::ops::function::FnOnce::call_once::h48092f701fa7760c
                                   at /Users/davidmaple/.rustup/toolchains/nightly-aarch64-apple-darwin/lib/rustlib/src/rust/library/core/src/ops/function.rs:250:5
      22:        0x100f2188c - core::ops::function::FnOnce::call_once::h1d7d96894b57f1a8
                                   at /rustc/a84ab0ce6c4557a2f01a3a6c3fdb0f92098db78d/library/core/src/ops/function.rs:250:5
      23:        0x100f2188c - test::__rust_begin_short_backtrace::h49df205d5e8fa5ed
                                   at /rustc/a84ab0ce6c4557a2f01a3a6c3fdb0f92098db78d/library/test/src/lib.rs:648:18
      24:        0x100f20ba4 - test::run_test_in_process::{{closure}}::h541faf28c3f28e80
                                   at /rustc/a84ab0ce6c4557a2f01a3a6c3fdb0f92098db78d/library/test/src/lib.rs:671:74
      25:        0x100f20ba4 - <core::panic::unwind_safe::AssertUnwindSafe<F> as core::ops::function::FnOnce<()>>::call_once::h236201a0c4e41711
                                   at /rustc/a84ab0ce6c4557a2f01a3a6c3fdb0f92098db78d/library/core/src/panic/unwind_safe.rs:272:9
      26:        0x100f20ba4 - std::panicking::catch_unwind::do_call::hae5173175ee45e1c
                                   at /rustc/a84ab0ce6c4557a2f01a3a6c3fdb0f92098db78d/library/std/src/panicking.rs:589:40
      27:        0x100f20ba4 - std::panicking::catch_unwind::h6a8d053f04cf2627
                                   at /rustc/a84ab0ce6c4557a2f01a3a6c3fdb0f92098db78d/library/std/src/panicking.rs:552:19
      28:        0x100f20ba4 - std::panic::catch_unwind::hb283f1f01526f170
                                   at /rustc/a84ab0ce6c4557a2f01a3a6c3fdb0f92098db78d/library/std/src/panic.rs:359:14
      29:        0x100f20ba4 - test::run_test_in_process::h9430f8627c0c1382
                                   at /rustc/a84ab0ce6c4557a2f01a3a6c3fdb0f92098db78d/library/test/src/lib.rs:671:27
      30:        0x100f20ba4 - test::run_test::{{closure}}::h751bf9ca7de48114
                                   at /rustc/a84ab0ce6c4557a2f01a3a6c3fdb0f92098db78d/library/test/src/lib.rs:592:43
      31:        0x100ef0e58 - test::run_test::{{closure}}::h86d6947403d809a5
                                   at /rustc/a84ab0ce6c4557a2f01a3a6c3fdb0f92098db78d/library/test/src/lib.rs:622:41
      32:        0x100ef0e58 - std::sys::backtrace::__rust_begin_short_backtrace::ha06e6ebca7f7fc41
                                   at /rustc/a84ab0ce6c4557a2f01a3a6c3fdb0f92098db78d/library/std/src/sys/backtrace.rs:152:18
      33:        0x100ef3e9c - std::thread::Builder::spawn_unchecked_::{{closure}}::{{closure}}::h340f74199c0374be
                                   at /rustc/a84ab0ce6c4557a2f01a3a6c3fdb0f92098db78d/library/std/src/thread/mod.rs:559:17
      34:        0x100ef3e9c - <core::panic::unwind_safe::AssertUnwindSafe<F> as core::ops::function::FnOnce<()>>::call_once::hcab50c7bfdc5f301
                                   at /rustc/a84ab0ce6c4557a2f01a3a6c3fdb0f92098db78d/library/core/src/panic/unwind_safe.rs:272:9
      35:        0x100ef3e9c - std::panicking::catch_unwind::do_call::h33579d92230f25ee
                                   at /rustc/a84ab0ce6c4557a2f01a3a6c3fdb0f92098db78d/library/std/src/panicking.rs:589:40
      36:        0x100ef3e9c - std::panicking::catch_unwind::h3f0594f05de65a14
                                   at /rustc/a84ab0ce6c4557a2f01a3a6c3fdb0f92098db78d/library/std/src/panicking.rs:552:19
      37:        0x100ef3e9c - std::panic::catch_unwind::h206b182460dad7bb
                                   at /rustc/a84ab0ce6c4557a2f01a3a6c3fdb0f92098db78d/library/std/src/panic.rs:359:14
      38:        0x100ef3e9c - std::thread::Builder::spawn_unchecked_::{{closure}}::h65fc314577009d40
                                   at /rustc/a84ab0ce6c4557a2f01a3a6c3fdb0f92098db78d/library/std/src/thread/mod.rs:557:30
      39:        0x100ef3e9c - core::ops::function::FnOnce::call_once{{vtable.shim}}::h55722ca4b30b1375
                                   at /rustc/a84ab0ce6c4557a2f01a3a6c3fdb0f92098db78d/library/core/src/ops/function.rs:250:5
      40:        0x100f9cbbc - <alloc::boxed::Box<F,A> as core::ops::function::FnOnce<Args>>::call_once::hc690e8f7f863e4a4
                                   at /rustc/a84ab0ce6c4557a2f01a3a6c3fdb0f92098db78d/library/alloc/src/boxed.rs:1971:9
      41:        0x100f9cbbc - <alloc::boxed::Box<F,A> as core::ops::function::FnOnce<Args>>::call_once::hbd7368fd73181a81
                                   at /rustc/a84ab0ce6c4557a2f01a3a6c3fdb0f92098db78d/library/alloc/src/boxed.rs:1971:9
      42:        0x100f9cbbc - std::sys::pal::unix::thread::Thread::new::thread_start::h68f6477ab49ddfa6
                                   at /rustc/a84ab0ce6c4557a2f01a3a6c3fdb0f92098db78d/library/std/src/sys/pal/unix/thread.rs:97:17
      43:        0x18cb17c0c - __pthread_cond_wait

   DELAY 2/2 by   0.100s yyaml::test_error test_bad_bool
  TRY 1 FAIL [   1.318s] yyaml::test_error test_bad_null
  stdout ───

    running 1 test
    test test_bad_null ... FAILED

    failures:

    failures:
        test_bad_null

    test result: FAILED. 0 passed; 1 failed; 0 ignored; 0 measured; 28 filtered out; finished in 1.30s

  stderr ───

    thread 'test_bad_null' panicked at tests/test_error.rs:21:5:
    assertion `left == right` failed
      left: "invalid value: string \"str\", expected null at line 2 column 1"
     right: "scan error: invalid tag handle format (must be !, !!, or !word!) at line 2 col 2"
    stack backtrace:
       0:        0x104fd89b8 - std::backtrace_rs::backtrace::libunwind::trace::h55ff2b95044b23af
                                   at /rustc/a84ab0ce6c4557a2f01a3a6c3fdb0f92098db78d/library/std/src/../../backtrace/src/backtrace/libunwind.rs:117:9
       1:        0x104fd89b8 - std::backtrace_rs::backtrace::trace_unsynchronized::h27d3915c5fade0eb
                                   at /rustc/a84ab0ce6c4557a2f01a3a6c3fdb0f92098db78d/library/std/src/../../backtrace/src/backtrace/mod.rs:66:14
       2:        0x104fd89b8 - std::sys::backtrace::_print_fmt::h8814266628a35447
                                   at /rustc/a84ab0ce6c4557a2f01a3a6c3fdb0f92098db78d/library/std/src/sys/backtrace.rs:66:9
       3:        0x104fd89b8 - <std::sys::backtrace::BacktraceLock::print::DisplayBacktrace as core::fmt::Display>::fmt::h5e725fe22fa64edb
                                   at /rustc/a84ab0ce6c4557a2f01a3a6c3fdb0f92098db78d/library/std/src/sys/backtrace.rs:39:26
       4:        0x104ff45f8 - core::fmt::rt::Argument::fmt::he1ba4eb06f4d26ae
                                   at /rustc/a84ab0ce6c4557a2f01a3a6c3fdb0f92098db78d/library/core/src/fmt/rt.rs:173:76
       5:        0x104ff45f8 - core::fmt::write::h8e1a8a4d36399bb5
                                   at /rustc/a84ab0ce6c4557a2f01a3a6c3fdb0f92098db78d/library/core/src/fmt/mod.rs:1465:25
       6:        0x104fd66a4 - std::io::default_write_fmt::hfe5ca79aa8977266
                                   at /rustc/a84ab0ce6c4557a2f01a3a6c3fdb0f92098db78d/library/std/src/io/mod.rs:639:11
       7:        0x104fd66a4 - std::io::Write::write_fmt::h0e6971909a7068ed
                                   at /rustc/a84ab0ce6c4557a2f01a3a6c3fdb0f92098db78d/library/std/src/io/mod.rs:1954:13
       8:        0x104fd886c - std::sys::backtrace::BacktraceLock::print::h356b93a0435479ac
                                   at /rustc/a84ab0ce6c4557a2f01a3a6c3fdb0f92098db78d/library/std/src/sys/backtrace.rs:42:9
       9:        0x104fd9dcc - std::panicking::default_hook::{{closure}}::h96886c361ce2e5ed
                                   at /rustc/a84ab0ce6c4557a2f01a3a6c3fdb0f92098db78d/library/std/src/panicking.rs:300:27
      10:        0x104fd9c1c - std::panicking::default_hook::h205a855c3bc7384c
                                   at /rustc/a84ab0ce6c4557a2f01a3a6c3fdb0f92098db78d/library/std/src/panicking.rs:327:9
      11:        0x104fda854 - std::panicking::rust_panic_with_hook::hf78b19a86c461f44
                                   at /rustc/a84ab0ce6c4557a2f01a3a6c3fdb0f92098db78d/library/std/src/panicking.rs:833:13
      12:        0x104fda488 - std::panicking::begin_panic_handler::{{closure}}::h05c1a3f496032da4
                                   at /rustc/a84ab0ce6c4557a2f01a3a6c3fdb0f92098db78d/library/std/src/panicking.rs:706:13
      13:        0x104fd8e64 - std::sys::backtrace::__rust_end_short_backtrace::hb1ad2b94954f716c
                                   at /rustc/a84ab0ce6c4557a2f01a3a6c3fdb0f92098db78d/library/std/src/sys/backtrace.rs:168:18
      14:        0x104fda164 - __rustc[c0c724db799d4e69]::rust_begin_unwind
                                   at /rustc/a84ab0ce6c4557a2f01a3a6c3fdb0f92098db78d/library/std/src/panicking.rs:697:5
      15:        0x105001bd4 - core::panicking::panic_fmt::hf0f4ee38d6b2b5ec
                                   at /rustc/a84ab0ce6c4557a2f01a3a6c3fdb0f92098db78d/library/core/src/panicking.rs:75:14
      16:        0x105001f30 - core::panicking::assert_failed_inner::h2609a8f103a6e931
      17:        0x104ffae20 - core::panicking::assert_failed::h446f6aaf66963ac2
                                   at /Users/davidmaple/.rustup/toolchains/nightly-aarch64-apple-darwin/lib/rustlib/src/rust/library/core/src/panicking.rs:403:5
      18:        0x104ee500c - test_error::test_error::hc7dc64a434fa0e67
                                   at /Volumes/samsung_t9/yyaml/tests/test_error.rs:21:5
      19:        0x104f19f48 - test_error::test_bad_null::hf0d0a1ec626149c1
                                   at /Volumes/samsung_t9/yyaml/tests/test_error.rs:312:5
      20:        0x104eead60 - test_error::test_bad_null::{{closure}}::haaeb8b3982ea95f5
                                   at /Volumes/samsung_t9/yyaml/tests/test_error.rs:306:19
      21:        0x104f28aac - core::ops::function::FnOnce::call_once::ha697ce10843c774c
                                   at /Users/davidmaple/.rustup/toolchains/nightly-aarch64-apple-darwin/lib/rustlib/src/rust/library/core/src/ops/function.rs:250:5
      22:        0x104f6188c - core::ops::function::FnOnce::call_once::h1d7d96894b57f1a8
                                   at /rustc/a84ab0ce6c4557a2f01a3a6c3fdb0f92098db78d/library/core/src/ops/function.rs:250:5
      23:        0x104f6188c - test::__rust_begin_short_backtrace::h49df205d5e8fa5ed
                                   at /rustc/a84ab0ce6c4557a2f01a3a6c3fdb0f92098db78d/library/test/src/lib.rs:648:18
      24:        0x104f60ba4 - test::run_test_in_process::{{closure}}::h541faf28c3f28e80
                                   at /rustc/a84ab0ce6c4557a2f01a3a6c3fdb0f92098db78d/library/test/src/lib.rs:671:74
      25:        0x104f60ba4 - <core::panic::unwind_safe::AssertUnwindSafe<F> as core::ops::function::FnOnce<()>>::call_once::h236201a0c4e41711
                                   at /rustc/a84ab0ce6c4557a2f01a3a6c3fdb0f92098db78d/library/core/src/panic/unwind_safe.rs:272:9
      26:        0x104f60ba4 - std::panicking::catch_unwind::do_call::hae5173175ee45e1c
                                   at /rustc/a84ab0ce6c4557a2f01a3a6c3fdb0f92098db78d/library/std/src/panicking.rs:589:40
      27:        0x104f60ba4 - std::panicking::catch_unwind::h6a8d053f04cf2627
                                   at /rustc/a84ab0ce6c4557a2f01a3a6c3fdb0f92098db78d/library/std/src/panicking.rs:552:19
      28:        0x104f60ba4 - std::panic::catch_unwind::hb283f1f01526f170
                                   at /rustc/a84ab0ce6c4557a2f01a3a6c3fdb0f92098db78d/library/std/src/panic.rs:359:14
      29:        0x104f60ba4 - test::run_test_in_process::h9430f8627c0c1382
                                   at /rustc/a84ab0ce6c4557a2f01a3a6c3fdb0f92098db78d/library/test/src/lib.rs:671:27
      30:        0x104f60ba4 - test::run_test::{{closure}}::h751bf9ca7de48114
                                   at /rustc/a84ab0ce6c4557a2f01a3a6c3fdb0f92098db78d/library/test/src/lib.rs:592:43
      31:        0x104f30e58 - test::run_test::{{closure}}::h86d6947403d809a5
                                   at /rustc/a84ab0ce6c4557a2f01a3a6c3fdb0f92098db78d/library/test/src/lib.rs:622:41
      32:        0x104f30e58 - std::sys::backtrace::__rust_begin_short_backtrace::ha06e6ebca7f7fc41
                                   at /rustc/a84ab0ce6c4557a2f01a3a6c3fdb0f92098db78d/library/std/src/sys/backtrace.rs:152:18
      33:        0x104f33e9c - std::thread::Builder::spawn_unchecked_::{{closure}}::{{closure}}::h340f74199c0374be
                                   at /rustc/a84ab0ce6c4557a2f01a3a6c3fdb0f92098db78d/library/std/src/thread/mod.rs:559:17
      34:        0x104f33e9c - <core::panic::unwind_safe::AssertUnwindSafe<F> as core::ops::function::FnOnce<()>>::call_once::hcab50c7bfdc5f301
                                   at /rustc/a84ab0ce6c4557a2f01a3a6c3fdb0f92098db78d/library/core/src/panic/unwind_safe.rs:272:9
      35:        0x104f33e9c - std::panicking::catch_unwind::do_call::h33579d92230f25ee
                                   at /rustc/a84ab0ce6c4557a2f01a3a6c3fdb0f92098db78d/library/std/src/panicking.rs:589:40
      36:        0x104f33e9c - std::panicking::catch_unwind::h3f0594f05de65a14
                                   at /rustc/a84ab0ce6c4557a2f01a3a6c3fdb0f92098db78d/library/std/src/panicking.rs:552:19
      37:        0x104f33e9c - std::panic::catch_unwind::h206b182460dad7bb
                                   at /rustc/a84ab0ce6c4557a2f01a3a6c3fdb0f92098db78d/library/std/src/panic.rs:359:14
      38:        0x104f33e9c - std::thread::Builder::spawn_unchecked_::{{closure}}::h65fc314577009d40
                                   at /rustc/a84ab0ce6c4557a2f01a3a6c3fdb0f92098db78d/library/std/src/thread/mod.rs:557:30
      39:        0x104f33e9c - core::ops::function::FnOnce::call_once{{vtable.shim}}::h55722ca4b30b1375
                                   at /rustc/a84ab0ce6c4557a2f01a3a6c3fdb0f92098db78d/library/core/src/ops/function.rs:250:5
      40:        0x104fdcbbc - <alloc::boxed::Box<F,A> as core::ops::function::FnOnce<Args>>::call_once::hc690e8f7f863e4a4
                                   at /rustc/a84ab0ce6c4557a2f01a3a6c3fdb0f92098db78d/library/alloc/src/boxed.rs:1971:9
      41:        0x104fdcbbc - <alloc::boxed::Box<F,A> as core::ops::function::FnOnce<Args>>::call_once::hbd7368fd73181a81
                                   at /rustc/a84ab0ce6c4557a2f01a3a6c3fdb0f92098db78d/library/alloc/src/boxed.rs:1971:9
      42:        0x104fdcbbc - std::sys::pal::unix::thread::Thread::new::thread_start::h68f6477ab49ddfa6
                                   at /rustc/a84ab0ce6c4557a2f01a3a6c3fdb0f92098db78d/library/std/src/sys/pal/unix/thread.rs:97:17
      43:        0x18cb17c0c - __pthread_cond_wait

   DELAY 2/2 by   0.100s yyaml::test_error test_bad_null
  TRY 1 FAIL [   1.317s] yyaml::test_error test_bytes
  stdout ───

    running 1 test
    test test_bytes ... FAILED

    failures:

    failures:
        test_bytes

    test result: FAILED. 0 passed; 1 failed; 0 ignored; 0 measured; 28 filtered out; finished in 1.30s

  stderr ───

    thread 'test_bytes' panicked at tests/test_error.rs:21:5:
    assertion `left == right` failed
      left: "serialization and deserialization of bytes in YAML is not implemented"
     right: "custom: expected sequence"
    stack backtrace:
       0:        0x102fe09b8 - std::backtrace_rs::backtrace::libunwind::trace::h55ff2b95044b23af
                                   at /rustc/a84ab0ce6c4557a2f01a3a6c3fdb0f92098db78d/library/std/src/../../backtrace/src/backtrace/libunwind.rs:117:9
       1:        0x102fe09b8 - std::backtrace_rs::backtrace::trace_unsynchronized::h27d3915c5fade0eb
                                   at /rustc/a84ab0ce6c4557a2f01a3a6c3fdb0f92098db78d/library/std/src/../../backtrace/src/backtrace/mod.rs:66:14
       2:        0x102fe09b8 - std::sys::backtrace::_print_fmt::h8814266628a35447
                                   at /rustc/a84ab0ce6c4557a2f01a3a6c3fdb0f92098db78d/library/std/src/sys/backtrace.rs:66:9
       3:        0x102fe09b8 - <std::sys::backtrace::BacktraceLock::print::DisplayBacktrace as core::fmt::Display>::fmt::h5e725fe22fa64edb
                                   at /rustc/a84ab0ce6c4557a2f01a3a6c3fdb0f92098db78d/library/std/src/sys/backtrace.rs:39:26
       4:        0x102ffc5f8 - core::fmt::rt::Argument::fmt::he1ba4eb06f4d26ae
                                   at /rustc/a84ab0ce6c4557a2f01a3a6c3fdb0f92098db78d/library/core/src/fmt/rt.rs:173:76
       5:        0x102ffc5f8 - core::fmt::write::h8e1a8a4d36399bb5
                                   at /rustc/a84ab0ce6c4557a2f01a3a6c3fdb0f92098db78d/library/core/src/fmt/mod.rs:1465:25
       6:        0x102fde6a4 - std::io::default_write_fmt::hfe5ca79aa8977266
                                   at /rustc/a84ab0ce6c4557a2f01a3a6c3fdb0f92098db78d/library/std/src/io/mod.rs:639:11
       7:        0x102fde6a4 - std::io::Write::write_fmt::h0e6971909a7068ed
                                   at /rustc/a84ab0ce6c4557a2f01a3a6c3fdb0f92098db78d/library/std/src/io/mod.rs:1954:13
       8:        0x102fe086c - std::sys::backtrace::BacktraceLock::print::h356b93a0435479ac
                                   at /rustc/a84ab0ce6c4557a2f01a3a6c3fdb0f92098db78d/library/std/src/sys/backtrace.rs:42:9
       9:        0x102fe1dcc - std::panicking::default_hook::{{closure}}::h96886c361ce2e5ed
                                   at /rustc/a84ab0ce6c4557a2f01a3a6c3fdb0f92098db78d/library/std/src/panicking.rs:300:27
      10:        0x102fe1c1c - std::panicking::default_hook::h205a855c3bc7384c
                                   at /rustc/a84ab0ce6c4557a2f01a3a6c3fdb0f92098db78d/library/std/src/panicking.rs:327:9
      11:        0x102fe2854 - std::panicking::rust_panic_with_hook::hf78b19a86c461f44
                                   at /rustc/a84ab0ce6c4557a2f01a3a6c3fdb0f92098db78d/library/std/src/panicking.rs:833:13
      12:        0x102fe2488 - std::panicking::begin_panic_handler::{{closure}}::h05c1a3f496032da4
                                   at /rustc/a84ab0ce6c4557a2f01a3a6c3fdb0f92098db78d/library/std/src/panicking.rs:706:13
      13:        0x102fe0e64 - std::sys::backtrace::__rust_end_short_backtrace::hb1ad2b94954f716c
                                   at /rustc/a84ab0ce6c4557a2f01a3a6c3fdb0f92098db78d/library/std/src/sys/backtrace.rs:168:18
      14:        0x102fe2164 - __rustc[c0c724db799d4e69]::rust_begin_unwind
                                   at /rustc/a84ab0ce6c4557a2f01a3a6c3fdb0f92098db78d/library/std/src/panicking.rs:697:5
      15:        0x103009bd4 - core::panicking::panic_fmt::hf0f4ee38d6b2b5ec
                                   at /rustc/a84ab0ce6c4557a2f01a3a6c3fdb0f92098db78d/library/core/src/panicking.rs:75:14
      16:        0x103009f30 - core::panicking::assert_failed_inner::h2609a8f103a6e931
      17:        0x103002e20 - core::panicking::assert_failed::h446f6aaf66963ac2
                                   at /Users/davidmaple/.rustup/toolchains/nightly-aarch64-apple-darwin/lib/rustlib/src/rust/library/core/src/panicking.rs:403:5
      18:        0x102eeb29c - test_error::test_error::h43ff57e6b51eab96
                                   at /Volumes/samsung_t9/yyaml/tests/test_error.rs:21:5
      19:        0x102f20edc - test_error::test_bytes::h9cf294db5abfc6d6
                                   at /Volumes/samsung_t9/yyaml/tests/test_error.rs:123:5
      20:        0x102ef0e7c - test_error::test_bytes::{{closure}}::he30a4eed79389df1
                                   at /Volumes/samsung_t9/yyaml/tests/test_error.rs:121:16
      21:        0x102f30d28 - core::ops::function::FnOnce::call_once::hc57b864909e39c20
                                   at /Users/davidmaple/.rustup/toolchains/nightly-aarch64-apple-darwin/lib/rustlib/src/rust/library/core/src/ops/function.rs:250:5
      22:        0x102f6988c - core::ops::function::FnOnce::call_once::h1d7d96894b57f1a8
                                   at /rustc/a84ab0ce6c4557a2f01a3a6c3fdb0f92098db78d/library/core/src/ops/function.rs:250:5
      23:        0x102f6988c - test::__rust_begin_short_backtrace::h49df205d5e8fa5ed
                                   at /rustc/a84ab0ce6c4557a2f01a3a6c3fdb0f92098db78d/library/test/src/lib.rs:648:18
      24:        0x102f68ba4 - test::run_test_in_process::{{closure}}::h541faf28c3f28e80
                                   at /rustc/a84ab0ce6c4557a2f01a3a6c3fdb0f92098db78d/library/test/src/lib.rs:671:74
      25:        0x102f68ba4 - <core::panic::unwind_safe::AssertUnwindSafe<F> as core::ops::function::FnOnce<()>>::call_once::h236201a0c4e41711
                                   at /rustc/a84ab0ce6c4557a2f01a3a6c3fdb0f92098db78d/library/core/src/panic/unwind_safe.rs:272:9
      26:        0x102f68ba4 - std::panicking::catch_unwind::do_call::hae5173175ee45e1c
                                   at /rustc/a84ab0ce6c4557a2f01a3a6c3fdb0f92098db78d/library/std/src/panicking.rs:589:40
      27:        0x102f68ba4 - std::panicking::catch_unwind::h6a8d053f04cf2627
                                   at /rustc/a84ab0ce6c4557a2f01a3a6c3fdb0f92098db78d/library/std/src/panicking.rs:552:19
      28:        0x102f68ba4 - std::panic::catch_unwind::hb283f1f01526f170
                                   at /rustc/a84ab0ce6c4557a2f01a3a6c3fdb0f92098db78d/library/std/src/panic.rs:359:14
      29:        0x102f68ba4 - test::run_test_in_process::h9430f8627c0c1382
                                   at /rustc/a84ab0ce6c4557a2f01a3a6c3fdb0f92098db78d/library/test/src/lib.rs:671:27
      30:        0x102f68ba4 - test::run_test::{{closure}}::h751bf9ca7de48114
                                   at /rustc/a84ab0ce6c4557a2f01a3a6c3fdb0f92098db78d/library/test/src/lib.rs:592:43
      31:        0x102f38e58 - test::run_test::{{closure}}::h86d6947403d809a5
                                   at /rustc/a84ab0ce6c4557a2f01a3a6c3fdb0f92098db78d/library/test/src/lib.rs:622:41
      32:        0x102f38e58 - std::sys::backtrace::__rust_begin_short_backtrace::ha06e6ebca7f7fc41
                                   at /rustc/a84ab0ce6c4557a2f01a3a6c3fdb0f92098db78d/library/std/src/sys/backtrace.rs:152:18
      33:        0x102f3be9c - std::thread::Builder::spawn_unchecked_::{{closure}}::{{closure}}::h340f74199c0374be
                                   at /rustc/a84ab0ce6c4557a2f01a3a6c3fdb0f92098db78d/library/std/src/thread/mod.rs:559:17
      34:        0x102f3be9c - <core::panic::unwind_safe::AssertUnwindSafe<F> as core::ops::function::FnOnce<()>>::call_once::hcab50c7bfdc5f301
                                   at /rustc/a84ab0ce6c4557a2f01a3a6c3fdb0f92098db78d/library/core/src/panic/unwind_safe.rs:272:9
      35:        0x102f3be9c - std::panicking::catch_unwind::do_call::h33579d92230f25ee
                                   at /rustc/a84ab0ce6c4557a2f01a3a6c3fdb0f92098db78d/library/std/src/panicking.rs:589:40
      36:        0x102f3be9c - std::panicking::catch_unwind::h3f0594f05de65a14
                                   at /rustc/a84ab0ce6c4557a2f01a3a6c3fdb0f92098db78d/library/std/src/panicking.rs:552:19
      37:        0x102f3be9c - std::panic::catch_unwind::h206b182460dad7bb
                                   at /rustc/a84ab0ce6c4557a2f01a3a6c3fdb0f92098db78d/library/std/src/panic.rs:359:14
      38:        0x102f3be9c - std::thread::Builder::spawn_unchecked_::{{closure}}::h65fc314577009d40
                                   at /rustc/a84ab0ce6c4557a2f01a3a6c3fdb0f92098db78d/library/std/src/thread/mod.rs:557:30
      39:        0x102f3be9c - core::ops::function::FnOnce::call_once{{vtable.shim}}::h55722ca4b30b1375
                                   at /rustc/a84ab0ce6c4557a2f01a3a6c3fdb0f92098db78d/library/core/src/ops/function.rs:250:5
      40:        0x102fe4bbc - <alloc::boxed::Box<F,A> as core::ops::function::FnOnce<Args>>::call_once::hc690e8f7f863e4a4
                                   at /rustc/a84ab0ce6c4557a2f01a3a6c3fdb0f92098db78d/library/alloc/src/boxed.rs:1971:9
      41:        0x102fe4bbc - <alloc::boxed::Box<F,A> as core::ops::function::FnOnce<Args>>::call_once::hbd7368fd73181a81
                                   at /rustc/a84ab0ce6c4557a2f01a3a6c3fdb0f92098db78d/library/alloc/src/boxed.rs:1971:9
      42:        0x102fe4bbc - std::sys::pal::unix::thread::Thread::new::thread_start::h68f6477ab49ddfa6
                                   at /rustc/a84ab0ce6c4557a2f01a3a6c3fdb0f92098db78d/library/std/src/sys/pal/unix/thread.rs:97:17
      43:        0x18cb17c0c - __pthread_cond_wait

   DELAY 2/2 by   0.100s yyaml::test_error test_bytes
   RETRY 2/2 [         ] yyaml::test_de test_empty_string
   RETRY 2/2 [         ] yyaml::test_de test_byte_order_mark
   RETRY 2/2 [         ] yyaml::test_de test_borrowed
   RETRY 2/2 [         ] yyaml::test_de test_enum_representations
   RETRY 2/2 [         ] yyaml::test_de test_de_mapping
   RETRY 2/2 [         ] yyaml::test_de test_no_required_fields
   RETRY 2/2 [         ] yyaml::test_de test_i128_big
   RETRY 2/2 [         ] yyaml::test_de test_python_safe_dump
   RETRY 2/2 [         ] yyaml::test_de test_nan
   RETRY 2/2 [         ] yyaml::test_de test_tag_resolution
   RETRY 2/2 [         ] yyaml::test_de test_u128_big
   RETRY 2/2 [         ] yyaml::test_error test_duplicate_keys
   RETRY 2/2 [         ] yyaml::test_error test_bad_float
   RETRY 2/2 [         ] yyaml::test_error test_bytes
   RETRY 2/2 [         ] yyaml::test_error test_bad_int
   RETRY 2/2 [         ] yyaml::test_error test_bad_bool
   RETRY 2/2 [         ] yyaml::test_error test_bad_null
   RETRY 2/2 [         ] yyaml::test_error test_deserialize_nested_enum
  TRY 2 FAIL [   1.105s] yyaml::test_de test_empty_string
  stdout ───

    running 1 test
    test test_empty_string ... FAILED

    failures:

    failures:
        test_empty_string

    test result: FAILED. 0 passed; 1 failed; 0 ignored; 0 measured; 22 filtered out; finished in 1.10s

  stderr ───

    thread 'test_empty_string' panicked at tests/test_de.rs:56:5:
    assertion `left == right` failed
      left: Struct { empty: "", tilde: "~" }
     right: Struct { empty: "", tilde: "" }
    stack backtrace:
       0:        0x100b68a84 - std::backtrace_rs::backtrace::libunwind::trace::h55ff2b95044b23af
                                   at /rustc/a84ab0ce6c4557a2f01a3a6c3fdb0f92098db78d/library/std/src/../../backtrace/src/backtrace/libunwind.rs:117:9
       1:        0x100b68a84 - std::backtrace_rs::backtrace::trace_unsynchronized::h27d3915c5fade0eb
                                   at /rustc/a84ab0ce6c4557a2f01a3a6c3fdb0f92098db78d/library/std/src/../../backtrace/src/backtrace/mod.rs:66:14
       2:        0x100b68a84 - std::sys::backtrace::_print_fmt::h8814266628a35447
                                   at /rustc/a84ab0ce6c4557a2f01a3a6c3fdb0f92098db78d/library/std/src/sys/backtrace.rs:66:9
       3:        0x100b68a84 - <std::sys::backtrace::BacktraceLock::print::DisplayBacktrace as core::fmt::Display>::fmt::h5e725fe22fa64edb
                                   at /rustc/a84ab0ce6c4557a2f01a3a6c3fdb0f92098db78d/library/std/src/sys/backtrace.rs:39:26
       4:        0x100b84f00 - core::fmt::rt::Argument::fmt::he1ba4eb06f4d26ae
                                   at /rustc/a84ab0ce6c4557a2f01a3a6c3fdb0f92098db78d/library/core/src/fmt/rt.rs:173:76
       5:        0x100b84f00 - core::fmt::write::h8e1a8a4d36399bb5
                                   at /rustc/a84ab0ce6c4557a2f01a3a6c3fdb0f92098db78d/library/core/src/fmt/mod.rs:1465:25
       6:        0x100b66770 - std::io::default_write_fmt::hfe5ca79aa8977266
                                   at /rustc/a84ab0ce6c4557a2f01a3a6c3fdb0f92098db78d/library/std/src/io/mod.rs:639:11
       7:        0x100b66770 - std::io::Write::write_fmt::h0e6971909a7068ed
                                   at /rustc/a84ab0ce6c4557a2f01a3a6c3fdb0f92098db78d/library/std/src/io/mod.rs:1954:13
       8:        0x100b68938 - std::sys::backtrace::BacktraceLock::print::h356b93a0435479ac
                                   at /rustc/a84ab0ce6c4557a2f01a3a6c3fdb0f92098db78d/library/std/src/sys/backtrace.rs:42:9
       9:        0x100b69e98 - std::panicking::default_hook::{{closure}}::h96886c361ce2e5ed
                                   at /rustc/a84ab0ce6c4557a2f01a3a6c3fdb0f92098db78d/library/std/src/panicking.rs:300:27
      10:        0x100b69ce8 - std::panicking::default_hook::h205a855c3bc7384c
                                   at /rustc/a84ab0ce6c4557a2f01a3a6c3fdb0f92098db78d/library/std/src/panicking.rs:327:9
      11:        0x100b6a920 - std::panicking::rust_panic_with_hook::hf78b19a86c461f44
                                   at /rustc/a84ab0ce6c4557a2f01a3a6c3fdb0f92098db78d/library/std/src/panicking.rs:833:13
      12:        0x100b6a554 - std::panicking::begin_panic_handler::{{closure}}::h05c1a3f496032da4
                                   at /rustc/a84ab0ce6c4557a2f01a3a6c3fdb0f92098db78d/library/std/src/panicking.rs:706:13
      13:        0x100b68f30 - std::sys::backtrace::__rust_end_short_backtrace::hb1ad2b94954f716c
                                   at /rustc/a84ab0ce6c4557a2f01a3a6c3fdb0f92098db78d/library/std/src/sys/backtrace.rs:168:18
      14:        0x100b6a230 - __rustc[c0c724db799d4e69]::rust_begin_unwind
                                   at /rustc/a84ab0ce6c4557a2f01a3a6c3fdb0f92098db78d/library/std/src/panicking.rs:697:5
      15:        0x100b97634 - core::panicking::panic_fmt::hf0f4ee38d6b2b5ec
                                   at /rustc/a84ab0ce6c4557a2f01a3a6c3fdb0f92098db78d/library/core/src/panicking.rs:75:14
      16:        0x100b97990 - core::panicking::assert_failed_inner::h2609a8f103a6e931
      17:        0x100b8cfc4 - core::panicking::assert_failed::h025bee049c3b5835
                                   at /Users/davidmaple/.rustup/toolchains/nightly-aarch64-apple-darwin/lib/rustlib/src/rust/library/core/src/panicking.rs:403:5
      18:        0x10089ec84 - test_de::test_de_no_value::hf060c8b74a275029
                                   at /Volumes/samsung_t9/yyaml/tests/test_de.rs:56:5
      19:        0x100866c94 - test_de::test_empty_string::hb56067aff959682a
                                   at /Volumes/samsung_t9/yyaml/tests/test_de.rs:292:5
      20:        0x1008a8b64 - test_de::test_empty_string::{{closure}}::hebcf3468cc8d186e
                                   at /Volumes/samsung_t9/yyaml/tests/test_de.rs:278:23
      21:        0x10087f600 - core::ops::function::FnOnce::call_once::h3c41365f9f6bc292
                                   at /Users/davidmaple/.rustup/toolchains/nightly-aarch64-apple-darwin/lib/rustlib/src/rust/library/core/src/ops/function.rs:250:5
      22:        0x100af1110 - core::ops::function::FnOnce::call_once::h1d7d96894b57f1a8
                                   at /rustc/a84ab0ce6c4557a2f01a3a6c3fdb0f92098db78d/library/core/src/ops/function.rs:250:5
      23:        0x100af1110 - test::__rust_begin_short_backtrace::h49df205d5e8fa5ed
                                   at /rustc/a84ab0ce6c4557a2f01a3a6c3fdb0f92098db78d/library/test/src/lib.rs:648:18
      24:        0x100af0428 - test::run_test_in_process::{{closure}}::h541faf28c3f28e80
                                   at /rustc/a84ab0ce6c4557a2f01a3a6c3fdb0f92098db78d/library/test/src/lib.rs:671:74
      25:        0x100af0428 - <core::panic::unwind_safe::AssertUnwindSafe<F> as core::ops::function::FnOnce<()>>::call_once::h236201a0c4e41711
                                   at /rustc/a84ab0ce6c4557a2f01a3a6c3fdb0f92098db78d/library/core/src/panic/unwind_safe.rs:272:9
      26:        0x100af0428 - std::panicking::catch_unwind::do_call::hae5173175ee45e1c
                                   at /rustc/a84ab0ce6c4557a2f01a3a6c3fdb0f92098db78d/library/std/src/panicking.rs:589:40
      27:        0x100af0428 - std::panicking::catch_unwind::h6a8d053f04cf2627
                                   at /rustc/a84ab0ce6c4557a2f01a3a6c3fdb0f92098db78d/library/std/src/panicking.rs:552:19
      28:        0x100af0428 - std::panic::catch_unwind::hb283f1f01526f170
                                   at /rustc/a84ab0ce6c4557a2f01a3a6c3fdb0f92098db78d/library/std/src/panic.rs:359:14
      29:        0x100af0428 - test::run_test_in_process::h9430f8627c0c1382
                                   at /rustc/a84ab0ce6c4557a2f01a3a6c3fdb0f92098db78d/library/test/src/lib.rs:671:27
      30:        0x100af0428 - test::run_test::{{closure}}::h751bf9ca7de48114
                                   at /rustc/a84ab0ce6c4557a2f01a3a6c3fdb0f92098db78d/library/test/src/lib.rs:592:43
      31:        0x100ac06dc - test::run_test::{{closure}}::h86d6947403d809a5
                                   at /rustc/a84ab0ce6c4557a2f01a3a6c3fdb0f92098db78d/library/test/src/lib.rs:622:41
      32:        0x100ac06dc - std::sys::backtrace::__rust_begin_short_backtrace::ha06e6ebca7f7fc41
                                   at /rustc/a84ab0ce6c4557a2f01a3a6c3fdb0f92098db78d/library/std/src/sys/backtrace.rs:152:18
      33:        0x100ac3720 - std::thread::Builder::spawn_unchecked_::{{closure}}::{{closure}}::h340f74199c0374be
                                   at /rustc/a84ab0ce6c4557a2f01a3a6c3fdb0f92098db78d/library/std/src/thread/mod.rs:559:17
      34:        0x100ac3720 - <core::panic::unwind_safe::AssertUnwindSafe<F> as core::ops::function::FnOnce<()>>::call_once::hcab50c7bfdc5f301
                                   at /rustc/a84ab0ce6c4557a2f01a3a6c3fdb0f92098db78d/library/core/src/panic/unwind_safe.rs:272:9
      35:        0x100ac3720 - std::panicking::catch_unwind::do_call::h33579d92230f25ee
                                   at /rustc/a84ab0ce6c4557a2f01a3a6c3fdb0f92098db78d/library/std/src/panicking.rs:589:40
      36:        0x100ac3720 - std::panicking::catch_unwind::h3f0594f05de65a14
                                   at /rustc/a84ab0ce6c4557a2f01a3a6c3fdb0f92098db78d/library/std/src/panicking.rs:552:19
      37:        0x100ac3720 - std::panic::catch_unwind::h206b182460dad7bb
                                   at /rustc/a84ab0ce6c4557a2f01a3a6c3fdb0f92098db78d/library/std/src/panic.rs:359:14
      38:        0x100ac3720 - std::thread::Builder::spawn_unchecked_::{{closure}}::h65fc314577009d40
                                   at /rustc/a84ab0ce6c4557a2f01a3a6c3fdb0f92098db78d/library/std/src/thread/mod.rs:557:30
      39:        0x100ac3720 - core::ops::function::FnOnce::call_once{{vtable.shim}}::h55722ca4b30b1375
                                   at /rustc/a84ab0ce6c4557a2f01a3a6c3fdb0f92098db78d/library/core/src/ops/function.rs:250:5
      40:        0x100b6cca4 - <alloc::boxed::Box<F,A> as core::ops::function::FnOnce<Args>>::call_once::hc690e8f7f863e4a4
                                   at /rustc/a84ab0ce6c4557a2f01a3a6c3fdb0f92098db78d/library/alloc/src/boxed.rs:1971:9
      41:        0x100b6cca4 - <alloc::boxed::Box<F,A> as core::ops::function::FnOnce<Args>>::call_once::hbd7368fd73181a81
                                   at /rustc/a84ab0ce6c4557a2f01a3a6c3fdb0f92098db78d/library/alloc/src/boxed.rs:1971:9
      42:        0x100b6cca4 - std::sys::pal::unix::thread::Thread::new::thread_start::h68f6477ab49ddfa6
                                   at /rustc/a84ab0ce6c4557a2f01a3a6c3fdb0f92098db78d/library/std/src/sys/pal/unix/thread.rs:97:17
      43:        0x18cb17c0c - __pthread_cond_wait

  Cancelling due to test failure: 23 tests still running
  TRY 2 FAIL [   1.124s] yyaml::test_de test_borrowed
  stdout ───

    running 1 test
    PARSER DEBUG: Detected sequence start, forcing full parser
    test test_borrowed ... FAILED

    failures:

    failures:
        test_borrowed

    test result: FAILED. 0 passed; 1 failed; 0 ignored; 0 measured; 22 filtered out; finished in 1.12s

  stderr ───

    thread 'test_borrowed' panicked at tests/test_de.rs:56:5:
    assertion `left == right` failed
      left: ["plain nonàscii", "single quoted", "double quoted"]
     right: []
    stack backtrace:
       0:        0x10523ca84 - std::backtrace_rs::backtrace::libunwind::trace::h55ff2b95044b23af
                                   at /rustc/a84ab0ce6c4557a2f01a3a6c3fdb0f92098db78d/library/std/src/../../backtrace/src/backtrace/libunwind.rs:117:9
       1:        0x10523ca84 - std::backtrace_rs::backtrace::trace_unsynchronized::h27d3915c5fade0eb
                                   at /rustc/a84ab0ce6c4557a2f01a3a6c3fdb0f92098db78d/library/std/src/../../backtrace/src/backtrace/mod.rs:66:14
       2:        0x10523ca84 - std::sys::backtrace::_print_fmt::h8814266628a35447
                                   at /rustc/a84ab0ce6c4557a2f01a3a6c3fdb0f92098db78d/library/std/src/sys/backtrace.rs:66:9
       3:        0x10523ca84 - <std::sys::backtrace::BacktraceLock::print::DisplayBacktrace as core::fmt::Display>::fmt::h5e725fe22fa64edb
                                   at /rustc/a84ab0ce6c4557a2f01a3a6c3fdb0f92098db78d/library/std/src/sys/backtrace.rs:39:26
       4:        0x105258f00 - core::fmt::rt::Argument::fmt::he1ba4eb06f4d26ae
                                   at /rustc/a84ab0ce6c4557a2f01a3a6c3fdb0f92098db78d/library/core/src/fmt/rt.rs:173:76
       5:        0x105258f00 - core::fmt::write::h8e1a8a4d36399bb5
                                   at /rustc/a84ab0ce6c4557a2f01a3a6c3fdb0f92098db78d/library/core/src/fmt/mod.rs:1465:25
       6:        0x10523a770 - std::io::default_write_fmt::hfe5ca79aa8977266
                                   at /rustc/a84ab0ce6c4557a2f01a3a6c3fdb0f92098db78d/library/std/src/io/mod.rs:639:11
       7:        0x10523a770 - std::io::Write::write_fmt::h0e6971909a7068ed
                                   at /rustc/a84ab0ce6c4557a2f01a3a6c3fdb0f92098db78d/library/std/src/io/mod.rs:1954:13
       8:        0x10523c938 - std::sys::backtrace::BacktraceLock::print::h356b93a0435479ac
                                   at /rustc/a84ab0ce6c4557a2f01a3a6c3fdb0f92098db78d/library/std/src/sys/backtrace.rs:42:9
       9:        0x10523de98 - std::panicking::default_hook::{{closure}}::h96886c361ce2e5ed
                                   at /rustc/a84ab0ce6c4557a2f01a3a6c3fdb0f92098db78d/library/std/src/panicking.rs:300:27
      10:        0x10523dce8 - std::panicking::default_hook::h205a855c3bc7384c
                                   at /rustc/a84ab0ce6c4557a2f01a3a6c3fdb0f92098db78d/library/std/src/panicking.rs:327:9
      11:        0x10523e920 - std::panicking::rust_panic_with_hook::hf78b19a86c461f44
                                   at /rustc/a84ab0ce6c4557a2f01a3a6c3fdb0f92098db78d/library/std/src/panicking.rs:833:13
      12:        0x10523e554 - std::panicking::begin_panic_handler::{{closure}}::h05c1a3f496032da4
                                   at /rustc/a84ab0ce6c4557a2f01a3a6c3fdb0f92098db78d/library/std/src/panicking.rs:706:13
      13:        0x10523cf30 - std::sys::backtrace::__rust_end_short_backtrace::hb1ad2b94954f716c
                                   at /rustc/a84ab0ce6c4557a2f01a3a6c3fdb0f92098db78d/library/std/src/sys/backtrace.rs:168:18
      14:        0x10523e230 - __rustc[c0c724db799d4e69]::rust_begin_unwind
                                   at /rustc/a84ab0ce6c4557a2f01a3a6c3fdb0f92098db78d/library/std/src/panicking.rs:697:5
      15:        0x10526b634 - core::panicking::panic_fmt::hf0f4ee38d6b2b5ec
                                   at /rustc/a84ab0ce6c4557a2f01a3a6c3fdb0f92098db78d/library/core/src/panicking.rs:75:14
      16:        0x10526b990 - core::panicking::assert_failed_inner::h2609a8f103a6e931
      17:        0x10526143c - core::panicking::assert_failed::hc7e44219e45c6f7a
                                   at /Users/davidmaple/.rustup/toolchains/nightly-aarch64-apple-darwin/lib/rustlib/src/rust/library/core/src/panicking.rs:403:5
      18:        0x104f7296c - test_de::test_de_no_value::hcb0bd8d2b3cc4090
                                   at /Volumes/samsung_t9/yyaml/tests/test_de.rs:56:5
      19:        0x104f3967c - test_de::test_borrowed::h6deb422ac90f7151
                                   at /Volumes/samsung_t9/yyaml/tests/test_de.rs:84:5
      20:        0x104f73294 - test_de::test_borrowed::{{closure}}::h37bd9f8a07b412fc
                                   at /Volumes/samsung_t9/yyaml/tests/test_de.rs:77:19
      21:        0x104f53298 - core::ops::function::FnOnce::call_once::h09c4d9078ab1e8e6
                                   at /Users/davidmaple/.rustup/toolchains/nightly-aarch64-apple-darwin/lib/rustlib/src/rust/library/core/src/ops/function.rs:250:5
      22:        0x1051c5110 - core::ops::function::FnOnce::call_once::h1d7d96894b57f1a8
                                   at /rustc/a84ab0ce6c4557a2f01a3a6c3fdb0f92098db78d/library/core/src/ops/function.rs:250:5
      23:        0x1051c5110 - test::__rust_begin_short_backtrace::h49df205d5e8fa5ed
                                   at /rustc/a84ab0ce6c4557a2f01a3a6c3fdb0f92098db78d/library/test/src/lib.rs:648:18
      24:        0x1051c4428 - test::run_test_in_process::{{closure}}::h541faf28c3f28e80
                                   at /rustc/a84ab0ce6c4557a2f01a3a6c3fdb0f92098db78d/library/test/src/lib.rs:671:74
      25:        0x1051c4428 - <core::panic::unwind_safe::AssertUnwindSafe<F> as core::ops::function::FnOnce<()>>::call_once::h236201a0c4e41711
                                   at /rustc/a84ab0ce6c4557a2f01a3a6c3fdb0f92098db78d/library/core/src/panic/unwind_safe.rs:272:9
      26:        0x1051c4428 - std::panicking::catch_unwind::do_call::hae5173175ee45e1c
                                   at /rustc/a84ab0ce6c4557a2f01a3a6c3fdb0f92098db78d/library/std/src/panicking.rs:589:40
      27:        0x1051c4428 - std::panicking::catch_unwind::h6a8d053f04cf2627
                                   at /rustc/a84ab0ce6c4557a2f01a3a6c3fdb0f92098db78d/library/std/src/panicking.rs:552:19
      28:        0x1051c4428 - std::panic::catch_unwind::hb283f1f01526f170
                                   at /rustc/a84ab0ce6c4557a2f01a3a6c3fdb0f92098db78d/library/std/src/panic.rs:359:14
      29:        0x1051c4428 - test::run_test_in_process::h9430f8627c0c1382
                                   at /rustc/a84ab0ce6c4557a2f01a3a6c3fdb0f92098db78d/library/test/src/lib.rs:671:27
      30:        0x1051c4428 - test::run_test::{{closure}}::h751bf9ca7de48114
                                   at /rustc/a84ab0ce6c4557a2f01a3a6c3fdb0f92098db78d/library/test/src/lib.rs:592:43
      31:        0x1051946dc - test::run_test::{{closure}}::h86d6947403d809a5
                                   at /rustc/a84ab0ce6c4557a2f01a3a6c3fdb0f92098db78d/library/test/src/lib.rs:622:41
      32:        0x1051946dc - std::sys::backtrace::__rust_begin_short_backtrace::ha06e6ebca7f7fc41
                                   at /rustc/a84ab0ce6c4557a2f01a3a6c3fdb0f92098db78d/library/std/src/sys/backtrace.rs:152:18
      33:        0x105197720 - std::thread::Builder::spawn_unchecked_::{{closure}}::{{closure}}::h340f74199c0374be
                                   at /rustc/a84ab0ce6c4557a2f01a3a6c3fdb0f92098db78d/library/std/src/thread/mod.rs:559:17
      34:        0x105197720 - <core::panic::unwind_safe::AssertUnwindSafe<F> as core::ops::function::FnOnce<()>>::call_once::hcab50c7bfdc5f301
                                   at /rustc/a84ab0ce6c4557a2f01a3a6c3fdb0f92098db78d/library/core/src/panic/unwind_safe.rs:272:9
      35:        0x105197720 - std::panicking::catch_unwind::do_call::h33579d92230f25ee
                                   at /rustc/a84ab0ce6c4557a2f01a3a6c3fdb0f92098db78d/library/std/src/panicking.rs:589:40
      36:        0x105197720 - std::panicking::catch_unwind::h3f0594f05de65a14
                                   at /rustc/a84ab0ce6c4557a2f01a3a6c3fdb0f92098db78d/library/std/src/panicking.rs:552:19
      37:        0x105197720 - std::panic::catch_unwind::h206b182460dad7bb
                                   at /rustc/a84ab0ce6c4557a2f01a3a6c3fdb0f92098db78d/library/std/src/panic.rs:359:14
      38:        0x105197720 - std::thread::Builder::spawn_unchecked_::{{closure}}::h65fc314577009d40
                                   at /rustc/a84ab0ce6c4557a2f01a3a6c3fdb0f92098db78d/library/std/src/thread/mod.rs:557:30
      39:        0x105197720 - core::ops::function::FnOnce::call_once{{vtable.shim}}::h55722ca4b30b1375
                                   at /rustc/a84ab0ce6c4557a2f01a3a6c3fdb0f92098db78d/library/core/src/ops/function.rs:250:5
      40:        0x105240ca4 - <alloc::boxed::Box<F,A> as core::ops::function::FnOnce<Args>>::call_once::hc690e8f7f863e4a4
                                   at /rustc/a84ab0ce6c4557a2f01a3a6c3fdb0f92098db78d/library/alloc/src/boxed.rs:1971:9
      41:        0x105240ca4 - <alloc::boxed::Box<F,A> as core::ops::function::FnOnce<Args>>::call_once::hbd7368fd73181a81
                                   at /rustc/a84ab0ce6c4557a2f01a3a6c3fdb0f92098db78d/library/alloc/src/boxed.rs:1971:9
      42:        0x105240ca4 - std::sys::pal::unix::thread::Thread::new::thread_start::h68f6477ab49ddfa6
                                   at /rustc/a84ab0ce6c4557a2f01a3a6c3fdb0f92098db78d/library/std/src/sys/pal/unix/thread.rs:97:17
      43:        0x18cb17c0c - __pthread_cond_wait

  TRY 2 FAIL [   1.125s] yyaml::test_de test_byte_order_mark
  stdout ───

    running 1 test
    test test_byte_order_mark ... FAILED

    failures:

    failures:
        test_byte_order_mark

    test result: FAILED. 0 passed; 1 failed; 0 ignored; 0 measured; 22 filtered out; finished in 1.12s

  stderr ───

    thread 'test_byte_order_mark' panicked at tests/test_de.rs:32:50:
    called `Result::unwrap()` on an `Err` value: Custom("expected sequence")
    stack backtrace:
       0:        0x100fd4a84 - std::backtrace_rs::backtrace::libunwind::trace::h55ff2b95044b23af
                                   at /rustc/a84ab0ce6c4557a2f01a3a6c3fdb0f92098db78d/library/std/src/../../backtrace/src/backtrace/libunwind.rs:117:9
       1:        0x100fd4a84 - std::backtrace_rs::backtrace::trace_unsynchronized::h27d3915c5fade0eb
                                   at /rustc/a84ab0ce6c4557a2f01a3a6c3fdb0f92098db78d/library/std/src/../../backtrace/src/backtrace/mod.rs:66:14
       2:        0x100fd4a84 - std::sys::backtrace::_print_fmt::h8814266628a35447
                                   at /rustc/a84ab0ce6c4557a2f01a3a6c3fdb0f92098db78d/library/std/src/sys/backtrace.rs:66:9
       3:        0x100fd4a84 - <std::sys::backtrace::BacktraceLock::print::DisplayBacktrace as core::fmt::Display>::fmt::h5e725fe22fa64edb
                                   at /rustc/a84ab0ce6c4557a2f01a3a6c3fdb0f92098db78d/library/std/src/sys/backtrace.rs:39:26
       4:        0x100ff0f00 - core::fmt::rt::Argument::fmt::he1ba4eb06f4d26ae
                                   at /rustc/a84ab0ce6c4557a2f01a3a6c3fdb0f92098db78d/library/core/src/fmt/rt.rs:173:76
       5:        0x100ff0f00 - core::fmt::write::h8e1a8a4d36399bb5
                                   at /rustc/a84ab0ce6c4557a2f01a3a6c3fdb0f92098db78d/library/core/src/fmt/mod.rs:1465:25
       6:        0x100fd2770 - std::io::default_write_fmt::hfe5ca79aa8977266
                                   at /rustc/a84ab0ce6c4557a2f01a3a6c3fdb0f92098db78d/library/std/src/io/mod.rs:639:11
       7:        0x100fd2770 - std::io::Write::write_fmt::h0e6971909a7068ed
                                   at /rustc/a84ab0ce6c4557a2f01a3a6c3fdb0f92098db78d/library/std/src/io/mod.rs:1954:13
       8:        0x100fd4938 - std::sys::backtrace::BacktraceLock::print::h356b93a0435479ac
                                   at /rustc/a84ab0ce6c4557a2f01a3a6c3fdb0f92098db78d/library/std/src/sys/backtrace.rs:42:9
       9:        0x100fd5e98 - std::panicking::default_hook::{{closure}}::h96886c361ce2e5ed
                                   at /rustc/a84ab0ce6c4557a2f01a3a6c3fdb0f92098db78d/library/std/src/panicking.rs:300:27
      10:        0x100fd5ce8 - std::panicking::default_hook::h205a855c3bc7384c
                                   at /rustc/a84ab0ce6c4557a2f01a3a6c3fdb0f92098db78d/library/std/src/panicking.rs:327:9
      11:        0x100fd6920 - std::panicking::rust_panic_with_hook::hf78b19a86c461f44
                                   at /rustc/a84ab0ce6c4557a2f01a3a6c3fdb0f92098db78d/library/std/src/panicking.rs:833:13
      12:        0x100fd6554 - std::panicking::begin_panic_handler::{{closure}}::h05c1a3f496032da4
                                   at /rustc/a84ab0ce6c4557a2f01a3a6c3fdb0f92098db78d/library/std/src/panicking.rs:706:13
      13:        0x100fd4f30 - std::sys::backtrace::__rust_end_short_backtrace::hb1ad2b94954f716c
                                   at /rustc/a84ab0ce6c4557a2f01a3a6c3fdb0f92098db78d/library/std/src/sys/backtrace.rs:168:18
      14:        0x100fd6230 - __rustc[c0c724db799d4e69]::rust_begin_unwind
                                   at /rustc/a84ab0ce6c4557a2f01a3a6c3fdb0f92098db78d/library/std/src/panicking.rs:697:5
      15:        0x101003634 - core::panicking::panic_fmt::hf0f4ee38d6b2b5ec
                                   at /rustc/a84ab0ce6c4557a2f01a3a6c3fdb0f92098db78d/library/core/src/panicking.rs:75:14
      16:        0x1010039ec - core::result::unwrap_failed::h3d4344ad99c2aa29
                                   at /rustc/a84ab0ce6c4557a2f01a3a6c3fdb0f92098db78d/library/core/src/result.rs:1761:5
      17:        0x100d0871c - core::result::Result<T,E>::unwrap::h69e497d1485cdbb4
                                   at /Users/davidmaple/.rustup/toolchains/nightly-aarch64-apple-darwin/lib/rustlib/src/rust/library/core/src/result.rs:1167:23
      18:        0x100d0871c - test_de::test_de::hd58c0b7282626489
                                   at /Volumes/samsung_t9/yyaml/tests/test_de.rs:32:50
      19:        0x100cd393c - test_de::test_byte_order_mark::h584ab1a5af033637
                                   at /Volumes/samsung_t9/yyaml/tests/test_de.rs:372:5
      20:        0x100d17d48 - test_de::test_byte_order_mark::{{closure}}::hb811676d6a14e746
                                   at /Volumes/samsung_t9/yyaml/tests/test_de.rs:369:26
      21:        0x100ceb960 - core::ops::function::FnOnce::call_once::h8015b57ba507ceae
                                   at /Users/davidmaple/.rustup/toolchains/nightly-aarch64-apple-darwin/lib/rustlib/src/rust/library/core/src/ops/function.rs:250:5
      22:        0x100f5d110 - core::ops::function::FnOnce::call_once::h1d7d96894b57f1a8
                                   at /rustc/a84ab0ce6c4557a2f01a3a6c3fdb0f92098db78d/library/core/src/ops/function.rs:250:5
      23:        0x100f5d110 - test::__rust_begin_short_backtrace::h49df205d5e8fa5ed
                                   at /rustc/a84ab0ce6c4557a2f01a3a6c3fdb0f92098db78d/library/test/src/lib.rs:648:18
      24:        0x100f5c428 - test::run_test_in_process::{{closure}}::h541faf28c3f28e80
                                   at /rustc/a84ab0ce6c4557a2f01a3a6c3fdb0f92098db78d/library/test/src/lib.rs:671:74
      25:        0x100f5c428 - <core::panic::unwind_safe::AssertUnwindSafe<F> as core::ops::function::FnOnce<()>>::call_once::h236201a0c4e41711
                                   at /rustc/a84ab0ce6c4557a2f01a3a6c3fdb0f92098db78d/library/core/src/panic/unwind_safe.rs:272:9
      26:        0x100f5c428 - std::panicking::catch_unwind::do_call::hae5173175ee45e1c
                                   at /rustc/a84ab0ce6c4557a2f01a3a6c3fdb0f92098db78d/library/std/src/panicking.rs:589:40
      27:        0x100f5c428 - std::panicking::catch_unwind::h6a8d053f04cf2627
                                   at /rustc/a84ab0ce6c4557a2f01a3a6c3fdb0f92098db78d/library/std/src/panicking.rs:552:19
      28:        0x100f5c428 - std::panic::catch_unwind::hb283f1f01526f170
                                   at /rustc/a84ab0ce6c4557a2f01a3a6c3fdb0f92098db78d/library/std/src/panic.rs:359:14
      29:        0x100f5c428 - test::run_test_in_process::h9430f8627c0c1382
                                   at /rustc/a84ab0ce6c4557a2f01a3a6c3fdb0f92098db78d/library/test/src/lib.rs:671:27
      30:        0x100f5c428 - test::run_test::{{closure}}::h751bf9ca7de48114
                                   at /rustc/a84ab0ce6c4557a2f01a3a6c3fdb0f92098db78d/library/test/src/lib.rs:592:43
      31:        0x100f2c6dc - test::run_test::{{closure}}::h86d6947403d809a5
                                   at /rustc/a84ab0ce6c4557a2f01a3a6c3fdb0f92098db78d/library/test/src/lib.rs:622:41
      32:        0x100f2c6dc - std::sys::backtrace::__rust_begin_short_backtrace::ha06e6ebca7f7fc41
                                   at /rustc/a84ab0ce6c4557a2f01a3a6c3fdb0f92098db78d/library/std/src/sys/backtrace.rs:152:18
      33:        0x100f2f720 - std::thread::Builder::spawn_unchecked_::{{closure}}::{{closure}}::h340f74199c0374be
                                   at /rustc/a84ab0ce6c4557a2f01a3a6c3fdb0f92098db78d/library/std/src/thread/mod.rs:559:17
      34:        0x100f2f720 - <core::panic::unwind_safe::AssertUnwindSafe<F> as core::ops::function::FnOnce<()>>::call_once::hcab50c7bfdc5f301
                                   at /rustc/a84ab0ce6c4557a2f01a3a6c3fdb0f92098db78d/library/core/src/panic/unwind_safe.rs:272:9
      35:        0x100f2f720 - std::panicking::catch_unwind::do_call::h33579d92230f25ee
                                   at /rustc/a84ab0ce6c4557a2f01a3a6c3fdb0f92098db78d/library/std/src/panicking.rs:589:40
      36:        0x100f2f720 - std::panicking::catch_unwind::h3f0594f05de65a14
                                   at /rustc/a84ab0ce6c4557a2f01a3a6c3fdb0f92098db78d/library/std/src/panicking.rs:552:19
      37:        0x100f2f720 - std::panic::catch_unwind::h206b182460dad7bb
                                   at /rustc/a84ab0ce6c4557a2f01a3a6c3fdb0f92098db78d/library/std/src/panic.rs:359:14
      38:        0x100f2f720 - std::thread::Builder::spawn_unchecked_::{{closure}}::h65fc314577009d40
                                   at /rustc/a84ab0ce6c4557a2f01a3a6c3fdb0f92098db78d/library/std/src/thread/mod.rs:557:30
      39:        0x100f2f720 - core::ops::function::FnOnce::call_once{{vtable.shim}}::h55722ca4b30b1375
                                   at /rustc/a84ab0ce6c4557a2f01a3a6c3fdb0f92098db78d/library/core/src/ops/function.rs:250:5
      40:        0x100fd8ca4 - <alloc::boxed::Box<F,A> as core::ops::function::FnOnce<Args>>::call_once::hc690e8f7f863e4a4
                                   at /rustc/a84ab0ce6c4557a2f01a3a6c3fdb0f92098db78d/library/alloc/src/boxed.rs:1971:9
      41:        0x100fd8ca4 - <alloc::boxed::Box<F,A> as core::ops::function::FnOnce<Args>>::call_once::hbd7368fd73181a81
                                   at /rustc/a84ab0ce6c4557a2f01a3a6c3fdb0f92098db78d/library/alloc/src/boxed.rs:1971:9
      42:        0x100fd8ca4 - std::sys::pal::unix::thread::Thread::new::thread_start::h68f6477ab49ddfa6
                                   at /rustc/a84ab0ce6c4557a2f01a3a6c3fdb0f92098db78d/library/std/src/sys/pal/unix/thread.rs:97:17
      43:        0x18cb17c0c - __pthread_cond_wait

  TRY 2 FAIL [   1.177s] yyaml::test_de test_enum_representations
  stdout ───

    running 1 test
    PARSER DEBUG: Detected sequence start, forcing full parser
    test test_enum_representations ... FAILED

    failures:

    failures:
        test_enum_representations

    test result: FAILED. 0 passed; 1 failed; 0 ignored; 0 measured; 22 filtered out; finished in 1.17s

  stderr ───

    thread 'test_enum_representations' panicked at tests/test_de.rs:33:5:
    assertion `left == right` failed
      left: [Unit, Unit, Unit, Unit, Unit, Tuple(0, 0), Tuple(0, 0), Struct { x: 0, y: 0 }, Struct { x: 0, y: 0 }, String("..."), String("..."), Number(0.0)]
     right: []
    stack backtrace:
       0:        0x1030bca84 - std::backtrace_rs::backtrace::libunwind::trace::h55ff2b95044b23af
                                   at /rustc/a84ab0ce6c4557a2f01a3a6c3fdb0f92098db78d/library/std/src/../../backtrace/src/backtrace/libunwind.rs:117:9
       1:        0x1030bca84 - std::backtrace_rs::backtrace::trace_unsynchronized::h27d3915c5fade0eb
                                   at /rustc/a84ab0ce6c4557a2f01a3a6c3fdb0f92098db78d/library/std/src/../../backtrace/src/backtrace/mod.rs:66:14
       2:        0x1030bca84 - std::sys::backtrace::_print_fmt::h8814266628a35447
                                   at /rustc/a84ab0ce6c4557a2f01a3a6c3fdb0f92098db78d/library/std/src/sys/backtrace.rs:66:9
       3:        0x1030bca84 - <std::sys::backtrace::BacktraceLock::print::DisplayBacktrace as core::fmt::Display>::fmt::h5e725fe22fa64edb
                                   at /rustc/a84ab0ce6c4557a2f01a3a6c3fdb0f92098db78d/library/std/src/sys/backtrace.rs:39:26
       4:        0x1030d8f00 - core::fmt::rt::Argument::fmt::he1ba4eb06f4d26ae
                                   at /rustc/a84ab0ce6c4557a2f01a3a6c3fdb0f92098db78d/library/core/src/fmt/rt.rs:173:76
       5:        0x1030d8f00 - core::fmt::write::h8e1a8a4d36399bb5
                                   at /rustc/a84ab0ce6c4557a2f01a3a6c3fdb0f92098db78d/library/core/src/fmt/mod.rs:1465:25
       6:        0x1030ba770 - std::io::default_write_fmt::hfe5ca79aa8977266
                                   at /rustc/a84ab0ce6c4557a2f01a3a6c3fdb0f92098db78d/library/std/src/io/mod.rs:639:11
       7:        0x1030ba770 - std::io::Write::write_fmt::h0e6971909a7068ed
                                   at /rustc/a84ab0ce6c4557a2f01a3a6c3fdb0f92098db78d/library/std/src/io/mod.rs:1954:13
       8:        0x1030bc938 - std::sys::backtrace::BacktraceLock::print::h356b93a0435479ac
                                   at /rustc/a84ab0ce6c4557a2f01a3a6c3fdb0f92098db78d/library/std/src/sys/backtrace.rs:42:9
       9:        0x1030bde98 - std::panicking::default_hook::{{closure}}::h96886c361ce2e5ed
                                   at /rustc/a84ab0ce6c4557a2f01a3a6c3fdb0f92098db78d/library/std/src/panicking.rs:300:27
      10:        0x1030bdce8 - std::panicking::default_hook::h205a855c3bc7384c
                                   at /rustc/a84ab0ce6c4557a2f01a3a6c3fdb0f92098db78d/library/std/src/panicking.rs:327:9
      11:        0x1030be920 - std::panicking::rust_panic_with_hook::hf78b19a86c461f44
                                   at /rustc/a84ab0ce6c4557a2f01a3a6c3fdb0f92098db78d/library/std/src/panicking.rs:833:13
      12:        0x1030be554 - std::panicking::begin_panic_handler::{{closure}}::h05c1a3f496032da4
                                   at /rustc/a84ab0ce6c4557a2f01a3a6c3fdb0f92098db78d/library/std/src/panicking.rs:706:13
      13:        0x1030bcf30 - std::sys::backtrace::__rust_end_short_backtrace::hb1ad2b94954f716c
                                   at /rustc/a84ab0ce6c4557a2f01a3a6c3fdb0f92098db78d/library/std/src/sys/backtrace.rs:168:18
      14:        0x1030be230 - __rustc[c0c724db799d4e69]::rust_begin_unwind
                                   at /rustc/a84ab0ce6c4557a2f01a3a6c3fdb0f92098db78d/library/std/src/panicking.rs:697:5
      15:        0x1030eb634 - core::panicking::panic_fmt::hf0f4ee38d6b2b5ec
                                   at /rustc/a84ab0ce6c4557a2f01a3a6c3fdb0f92098db78d/library/core/src/panicking.rs:75:14
      16:        0x1030eb990 - core::panicking::assert_failed_inner::h2609a8f103a6e931
      17:        0x1030e10b4 - core::panicking::assert_failed::h2c68fc850f6ad8e1
                                   at /Users/davidmaple/.rustup/toolchains/nightly-aarch64-apple-darwin/lib/rustlib/src/rust/library/core/src/panicking.rs:403:5
      18:        0x102deef68 - test_de::test_de::hae7c8211c0c1cfe0
                                   at /Volumes/samsung_t9/yyaml/tests/test_de.rs:33:5
      19:        0x102dba3e0 - test_de::test_enum_representations::h26694b50e33a2297
                                   at /Volumes/samsung_t9/yyaml/tests/test_de.rs:252:5
      20:        0x102dfae7c - test_de::test_enum_representations::{{closure}}::hf316c13a7e137a3d
                                   at /Volumes/samsung_t9/yyaml/tests/test_de.rs:208:31
      21:        0x102dd3c5c - core::ops::function::FnOnce::call_once::hd528e7ca949191d1
                                   at /Users/davidmaple/.rustup/toolchains/nightly-aarch64-apple-darwin/lib/rustlib/src/rust/library/core/src/ops/function.rs:250:5
      22:        0x103045110 - core::ops::function::FnOnce::call_once::h1d7d96894b57f1a8
                                   at /rustc/a84ab0ce6c4557a2f01a3a6c3fdb0f92098db78d/library/core/src/ops/function.rs:250:5
      23:        0x103045110 - test::__rust_begin_short_backtrace::h49df205d5e8fa5ed
                                   at /rustc/a84ab0ce6c4557a2f01a3a6c3fdb0f92098db78d/library/test/src/lib.rs:648:18
      24:        0x103044428 - test::run_test_in_process::{{closure}}::h541faf28c3f28e80
                                   at /rustc/a84ab0ce6c4557a2f01a3a6c3fdb0f92098db78d/library/test/src/lib.rs:671:74
      25:        0x103044428 - <core::panic::unwind_safe::AssertUnwindSafe<F> as core::ops::function::FnOnce<()>>::call_once::h236201a0c4e41711
                                   at /rustc/a84ab0ce6c4557a2f01a3a6c3fdb0f92098db78d/library/core/src/panic/unwind_safe.rs:272:9
      26:        0x103044428 - std::panicking::catch_unwind::do_call::hae5173175ee45e1c
                                   at /rustc/a84ab0ce6c4557a2f01a3a6c3fdb0f92098db78d/library/std/src/panicking.rs:589:40
      27:        0x103044428 - std::panicking::catch_unwind::h6a8d053f04cf2627
                                   at /rustc/a84ab0ce6c4557a2f01a3a6c3fdb0f92098db78d/library/std/src/panicking.rs:552:19
      28:        0x103044428 - std::panic::catch_unwind::hb283f1f01526f170
                                   at /rustc/a84ab0ce6c4557a2f01a3a6c3fdb0f92098db78d/library/std/src/panic.rs:359:14
      29:        0x103044428 - test::run_test_in_process::h9430f8627c0c1382
                                   at /rustc/a84ab0ce6c4557a2f01a3a6c3fdb0f92098db78d/library/test/src/lib.rs:671:27
      30:        0x103044428 - test::run_test::{{closure}}::h751bf9ca7de48114
                                   at /rustc/a84ab0ce6c4557a2f01a3a6c3fdb0f92098db78d/library/test/src/lib.rs:592:43
      31:        0x1030146dc - test::run_test::{{closure}}::h86d6947403d809a5
                                   at /rustc/a84ab0ce6c4557a2f01a3a6c3fdb0f92098db78d/library/test/src/lib.rs:622:41
      32:        0x1030146dc - std::sys::backtrace::__rust_begin_short_backtrace::ha06e6ebca7f7fc41
                                   at /rustc/a84ab0ce6c4557a2f01a3a6c3fdb0f92098db78d/library/std/src/sys/backtrace.rs:152:18
      33:        0x103017720 - std::thread::Builder::spawn_unchecked_::{{closure}}::{{closure}}::h340f74199c0374be
                                   at /rustc/a84ab0ce6c4557a2f01a3a6c3fdb0f92098db78d/library/std/src/thread/mod.rs:559:17
      34:        0x103017720 - <core::panic::unwind_safe::AssertUnwindSafe<F> as core::ops::function::FnOnce<()>>::call_once::hcab50c7bfdc5f301
                                   at /rustc/a84ab0ce6c4557a2f01a3a6c3fdb0f92098db78d/library/core/src/panic/unwind_safe.rs:272:9
      35:        0x103017720 - std::panicking::catch_unwind::do_call::h33579d92230f25ee
                                   at /rustc/a84ab0ce6c4557a2f01a3a6c3fdb0f92098db78d/library/std/src/panicking.rs:589:40
      36:        0x103017720 - std::panicking::catch_unwind::h3f0594f05de65a14
                                   at /rustc/a84ab0ce6c4557a2f01a3a6c3fdb0f92098db78d/library/std/src/panicking.rs:552:19
      37:        0x103017720 - std::panic::catch_unwind::h206b182460dad7bb
                                   at /rustc/a84ab0ce6c4557a2f01a3a6c3fdb0f92098db78d/library/std/src/panic.rs:359:14
      38:        0x103017720 - std::thread::Builder::spawn_unchecked_::{{closure}}::h65fc314577009d40
                                   at /rustc/a84ab0ce6c4557a2f01a3a6c3fdb0f92098db78d/library/std/src/thread/mod.rs:557:30
      39:        0x103017720 - core::ops::function::FnOnce::call_once{{vtable.shim}}::h55722ca4b30b1375
                                   at /rustc/a84ab0ce6c4557a2f01a3a6c3fdb0f92098db78d/library/core/src/ops/function.rs:250:5
      40:        0x1030c0ca4 - <alloc::boxed::Box<F,A> as core::ops::function::FnOnce<Args>>::call_once::hc690e8f7f863e4a4
                                   at /rustc/a84ab0ce6c4557a2f01a3a6c3fdb0f92098db78d/library/alloc/src/boxed.rs:1971:9
      41:        0x1030c0ca4 - <alloc::boxed::Box<F,A> as core::ops::function::FnOnce<Args>>::call_once::hbd7368fd73181a81
                                   at /rustc/a84ab0ce6c4557a2f01a3a6c3fdb0f92098db78d/library/alloc/src/boxed.rs:1971:9
      42:        0x1030c0ca4 - std::sys::pal::unix::thread::Thread::new::thread_start::h68f6477ab49ddfa6
                                   at /rustc/a84ab0ce6c4557a2f01a3a6c3fdb0f92098db78d/library/std/src/sys/pal/unix/thread.rs:97:17
      43:        0x18cb17c0c - __pthread_cond_wait

  TRY 2 FAIL [   1.182s] yyaml::test_de test_de_mapping
  stdout ───

    running 1 test
    test test_de_mapping ... FAILED

    failures:

    failures:
        test_de_mapping

    test result: FAILED. 0 passed; 1 failed; 0 ignored; 0 measured; 22 filtered out; finished in 1.17s

  stderr ───

    thread 'test_de_mapping' panicked at tests/test_de.rs:33:5:
    assertion `left == right` failed
      left: Data { substructure: Mapping({String("a"): String("foo"), String("b"): String("bar")}) }
     right: Data { substructure: Mapping({}) }
    stack backtrace:
       0:        0x101008a84 - std::backtrace_rs::backtrace::libunwind::trace::h55ff2b95044b23af
                                   at /rustc/a84ab0ce6c4557a2f01a3a6c3fdb0f92098db78d/library/std/src/../../backtrace/src/backtrace/libunwind.rs:117:9
       1:        0x101008a84 - std::backtrace_rs::backtrace::trace_unsynchronized::h27d3915c5fade0eb
                                   at /rustc/a84ab0ce6c4557a2f01a3a6c3fdb0f92098db78d/library/std/src/../../backtrace/src/backtrace/mod.rs:66:14
       2:        0x101008a84 - std::sys::backtrace::_print_fmt::h8814266628a35447
                                   at /rustc/a84ab0ce6c4557a2f01a3a6c3fdb0f92098db78d/library/std/src/sys/backtrace.rs:66:9
       3:        0x101008a84 - <std::sys::backtrace::BacktraceLock::print::DisplayBacktrace as core::fmt::Display>::fmt::h5e725fe22fa64edb
                                   at /rustc/a84ab0ce6c4557a2f01a3a6c3fdb0f92098db78d/library/std/src/sys/backtrace.rs:39:26
       4:        0x101024f00 - core::fmt::rt::Argument::fmt::he1ba4eb06f4d26ae
                                   at /rustc/a84ab0ce6c4557a2f01a3a6c3fdb0f92098db78d/library/core/src/fmt/rt.rs:173:76
       5:        0x101024f00 - core::fmt::write::h8e1a8a4d36399bb5
                                   at /rustc/a84ab0ce6c4557a2f01a3a6c3fdb0f92098db78d/library/core/src/fmt/mod.rs:1465:25
       6:        0x101006770 - std::io::default_write_fmt::hfe5ca79aa8977266
                                   at /rustc/a84ab0ce6c4557a2f01a3a6c3fdb0f92098db78d/library/std/src/io/mod.rs:639:11
       7:        0x101006770 - std::io::Write::write_fmt::h0e6971909a7068ed
                                   at /rustc/a84ab0ce6c4557a2f01a3a6c3fdb0f92098db78d/library/std/src/io/mod.rs:1954:13
       8:        0x101008938 - std::sys::backtrace::BacktraceLock::print::h356b93a0435479ac
                                   at /rustc/a84ab0ce6c4557a2f01a3a6c3fdb0f92098db78d/library/std/src/sys/backtrace.rs:42:9
       9:        0x101009e98 - std::panicking::default_hook::{{closure}}::h96886c361ce2e5ed
                                   at /rustc/a84ab0ce6c4557a2f01a3a6c3fdb0f92098db78d/library/std/src/panicking.rs:300:27
      10:        0x101009ce8 - std::panicking::default_hook::h205a855c3bc7384c
                                   at /rustc/a84ab0ce6c4557a2f01a3a6c3fdb0f92098db78d/library/std/src/panicking.rs:327:9
      11:        0x10100a920 - std::panicking::rust_panic_with_hook::hf78b19a86c461f44
                                   at /rustc/a84ab0ce6c4557a2f01a3a6c3fdb0f92098db78d/library/std/src/panicking.rs:833:13
      12:        0x10100a554 - std::panicking::begin_panic_handler::{{closure}}::h05c1a3f496032da4
                                   at /rustc/a84ab0ce6c4557a2f01a3a6c3fdb0f92098db78d/library/std/src/panicking.rs:706:13
      13:        0x101008f30 - std::sys::backtrace::__rust_end_short_backtrace::hb1ad2b94954f716c
                                   at /rustc/a84ab0ce6c4557a2f01a3a6c3fdb0f92098db78d/library/std/src/sys/backtrace.rs:168:18
      14:        0x10100a230 - __rustc[c0c724db799d4e69]::rust_begin_unwind
                                   at /rustc/a84ab0ce6c4557a2f01a3a6c3fdb0f92098db78d/library/std/src/panicking.rs:697:5
      15:        0x101037634 - core::panicking::panic_fmt::hf0f4ee38d6b2b5ec
                                   at /rustc/a84ab0ce6c4557a2f01a3a6c3fdb0f92098db78d/library/core/src/panicking.rs:75:14
      16:        0x101037990 - core::panicking::assert_failed_inner::h2609a8f103a6e931
      17:        0x10102d078 - core::panicking::assert_failed::h2535fcdf603569c5
                                   at /Users/davidmaple/.rustup/toolchains/nightly-aarch64-apple-darwin/lib/rustlib/src/rust/library/core/src/panicking.rs:403:5
      18:        0x100d3868c - test_de::test_de::h534daf3eeb665e43
                                   at /Volumes/samsung_t9/yyaml/tests/test_de.rs:33:5
      19:        0x100d07748 - test_de::test_de_mapping::hec3d5d8d533bb0e5
                                   at /Volumes/samsung_t9/yyaml/tests/test_de.rs:365:5
      20:        0x100d4ac0c - test_de::test_de_mapping::{{closure}}::h9426c119997676b3
                                   at /Volumes/samsung_t9/yyaml/tests/test_de.rs:342:21
      21:        0x100d1fa94 - core::ops::function::FnOnce::call_once::h9f6c8356185a71a3
                                   at /Users/davidmaple/.rustup/toolchains/nightly-aarch64-apple-darwin/lib/rustlib/src/rust/library/core/src/ops/function.rs:250:5
      22:        0x100f91110 - core::ops::function::FnOnce::call_once::h1d7d96894b57f1a8
                                   at /rustc/a84ab0ce6c4557a2f01a3a6c3fdb0f92098db78d/library/core/src/ops/function.rs:250:5
      23:        0x100f91110 - test::__rust_begin_short_backtrace::h49df205d5e8fa5ed
                                   at /rustc/a84ab0ce6c4557a2f01a3a6c3fdb0f92098db78d/library/test/src/lib.rs:648:18
      24:        0x100f90428 - test::run_test_in_process::{{closure}}::h541faf28c3f28e80
                                   at /rustc/a84ab0ce6c4557a2f01a3a6c3fdb0f92098db78d/library/test/src/lib.rs:671:74
      25:        0x100f90428 - <core::panic::unwind_safe::AssertUnwindSafe<F> as core::ops::function::FnOnce<()>>::call_once::h236201a0c4e41711
                                   at /rustc/a84ab0ce6c4557a2f01a3a6c3fdb0f92098db78d/library/core/src/panic/unwind_safe.rs:272:9
      26:        0x100f90428 - std::panicking::catch_unwind::do_call::hae5173175ee45e1c
                                   at /rustc/a84ab0ce6c4557a2f01a3a6c3fdb0f92098db78d/library/std/src/panicking.rs:589:40
      27:        0x100f90428 - std::panicking::catch_unwind::h6a8d053f04cf2627
                                   at /rustc/a84ab0ce6c4557a2f01a3a6c3fdb0f92098db78d/library/std/src/panicking.rs:552:19
      28:        0x100f90428 - std::panic::catch_unwind::hb283f1f01526f170
                                   at /rustc/a84ab0ce6c4557a2f01a3a6c3fdb0f92098db78d/library/std/src/panic.rs:359:14
      29:        0x100f90428 - test::run_test_in_process::h9430f8627c0c1382
                                   at /rustc/a84ab0ce6c4557a2f01a3a6c3fdb0f92098db78d/library/test/src/lib.rs:671:27
      30:        0x100f90428 - test::run_test::{{closure}}::h751bf9ca7de48114
                                   at /rustc/a84ab0ce6c4557a2f01a3a6c3fdb0f92098db78d/library/test/src/lib.rs:592:43
      31:        0x100f606dc - test::run_test::{{closure}}::h86d6947403d809a5
                                   at /rustc/a84ab0ce6c4557a2f01a3a6c3fdb0f92098db78d/library/test/src/lib.rs:622:41
      32:        0x100f606dc - std::sys::backtrace::__rust_begin_short_backtrace::ha06e6ebca7f7fc41
                                   at /rustc/a84ab0ce6c4557a2f01a3a6c3fdb0f92098db78d/library/std/src/sys/backtrace.rs:152:18
      33:        0x100f63720 - std::thread::Builder::spawn_unchecked_::{{closure}}::{{closure}}::h340f74199c0374be
                                   at /rustc/a84ab0ce6c4557a2f01a3a6c3fdb0f92098db78d/library/std/src/thread/mod.rs:559:17
      34:        0x100f63720 - <core::panic::unwind_safe::AssertUnwindSafe<F> as core::ops::function::FnOnce<()>>::call_once::hcab50c7bfdc5f301
                                   at /rustc/a84ab0ce6c4557a2f01a3a6c3fdb0f92098db78d/library/core/src/panic/unwind_safe.rs:272:9
      35:        0x100f63720 - std::panicking::catch_unwind::do_call::h33579d92230f25ee
                                   at /rustc/a84ab0ce6c4557a2f01a3a6c3fdb0f92098db78d/library/std/src/panicking.rs:589:40
      36:        0x100f63720 - std::panicking::catch_unwind::h3f0594f05de65a14
                                   at /rustc/a84ab0ce6c4557a2f01a3a6c3fdb0f92098db78d/library/std/src/panicking.rs:552:19
      37:        0x100f63720 - std::panic::catch_unwind::h206b182460dad7bb
                                   at /rustc/a84ab0ce6c4557a2f01a3a6c3fdb0f92098db78d/library/std/src/panic.rs:359:14
      38:        0x100f63720 - std::thread::Builder::spawn_unchecked_::{{closure}}::h65fc314577009d40
                                   at /rustc/a84ab0ce6c4557a2f01a3a6c3fdb0f92098db78d/library/std/src/thread/mod.rs:557:30
      39:        0x100f63720 - core::ops::function::FnOnce::call_once{{vtable.shim}}::h55722ca4b30b1375
                                   at /rustc/a84ab0ce6c4557a2f01a3a6c3fdb0f92098db78d/library/core/src/ops/function.rs:250:5
      40:        0x10100cca4 - <alloc::boxed::Box<F,A> as core::ops::function::FnOnce<Args>>::call_once::hc690e8f7f863e4a4
                                   at /rustc/a84ab0ce6c4557a2f01a3a6c3fdb0f92098db78d/library/alloc/src/boxed.rs:1971:9
      41:        0x10100cca4 - <alloc::boxed::Box<F,A> as core::ops::function::FnOnce<Args>>::call_once::hbd7368fd73181a81
                                   at /rustc/a84ab0ce6c4557a2f01a3a6c3fdb0f92098db78d/library/alloc/src/boxed.rs:1971:9
      42:        0x10100cca4 - std::sys::pal::unix::thread::Thread::new::thread_start::h68f6477ab49ddfa6
                                   at /rustc/a84ab0ce6c4557a2f01a3a6c3fdb0f92098db78d/library/std/src/sys/pal/unix/thread.rs:97:17
      43:        0x18cb17c0c - __pthread_cond_wait

  TRY 2 FAIL [   1.225s] yyaml::test_de test_no_required_fields
  stdout ───

    running 1 test
    test test_no_required_fields ... FAILED

    failures:

    failures:
        test_no_required_fields

    test result: FAILED. 0 passed; 1 failed; 0 ignored; 0 measured; 22 filtered out; finished in 1.22s

  stderr ───

    thread 'test_no_required_fields' panicked at tests/test_de.rs:572:73:
    called `Result::unwrap()` on an `Err` value: Custom("expected mapping")
    stack backtrace:
       0:        0x100a5ca84 - std::backtrace_rs::backtrace::libunwind::trace::h55ff2b95044b23af
                                   at /rustc/a84ab0ce6c4557a2f01a3a6c3fdb0f92098db78d/library/std/src/../../backtrace/src/backtrace/libunwind.rs:117:9
       1:        0x100a5ca84 - std::backtrace_rs::backtrace::trace_unsynchronized::h27d3915c5fade0eb
                                   at /rustc/a84ab0ce6c4557a2f01a3a6c3fdb0f92098db78d/library/std/src/../../backtrace/src/backtrace/mod.rs:66:14
       2:        0x100a5ca84 - std::sys::backtrace::_print_fmt::h8814266628a35447
                                   at /rustc/a84ab0ce6c4557a2f01a3a6c3fdb0f92098db78d/library/std/src/sys/backtrace.rs:66:9
       3:        0x100a5ca84 - <std::sys::backtrace::BacktraceLock::print::DisplayBacktrace as core::fmt::Display>::fmt::h5e725fe22fa64edb
                                   at /rustc/a84ab0ce6c4557a2f01a3a6c3fdb0f92098db78d/library/std/src/sys/backtrace.rs:39:26
       4:        0x100a78f00 - core::fmt::rt::Argument::fmt::he1ba4eb06f4d26ae
                                   at /rustc/a84ab0ce6c4557a2f01a3a6c3fdb0f92098db78d/library/core/src/fmt/rt.rs:173:76
       5:        0x100a78f00 - core::fmt::write::h8e1a8a4d36399bb5
                                   at /rustc/a84ab0ce6c4557a2f01a3a6c3fdb0f92098db78d/library/core/src/fmt/mod.rs:1465:25
       6:        0x100a5a770 - std::io::default_write_fmt::hfe5ca79aa8977266
                                   at /rustc/a84ab0ce6c4557a2f01a3a6c3fdb0f92098db78d/library/std/src/io/mod.rs:639:11
       7:        0x100a5a770 - std::io::Write::write_fmt::h0e6971909a7068ed
                                   at /rustc/a84ab0ce6c4557a2f01a3a6c3fdb0f92098db78d/library/std/src/io/mod.rs:1954:13
       8:        0x100a5c938 - std::sys::backtrace::BacktraceLock::print::h356b93a0435479ac
                                   at /rustc/a84ab0ce6c4557a2f01a3a6c3fdb0f92098db78d/library/std/src/sys/backtrace.rs:42:9
       9:        0x100a5de98 - std::panicking::default_hook::{{closure}}::h96886c361ce2e5ed
                                   at /rustc/a84ab0ce6c4557a2f01a3a6c3fdb0f92098db78d/library/std/src/panicking.rs:300:27
      10:        0x100a5dce8 - std::panicking::default_hook::h205a855c3bc7384c
                                   at /rustc/a84ab0ce6c4557a2f01a3a6c3fdb0f92098db78d/library/std/src/panicking.rs:327:9
      11:        0x100a5e920 - std::panicking::rust_panic_with_hook::hf78b19a86c461f44
                                   at /rustc/a84ab0ce6c4557a2f01a3a6c3fdb0f92098db78d/library/std/src/panicking.rs:833:13
      12:        0x100a5e554 - std::panicking::begin_panic_handler::{{closure}}::h05c1a3f496032da4
                                   at /rustc/a84ab0ce6c4557a2f01a3a6c3fdb0f92098db78d/library/std/src/panicking.rs:706:13
      13:        0x100a5cf30 - std::sys::backtrace::__rust_end_short_backtrace::hb1ad2b94954f716c
                                   at /rustc/a84ab0ce6c4557a2f01a3a6c3fdb0f92098db78d/library/std/src/sys/backtrace.rs:168:18
      14:        0x100a5e230 - __rustc[c0c724db799d4e69]::rust_begin_unwind
                                   at /rustc/a84ab0ce6c4557a2f01a3a6c3fdb0f92098db78d/library/std/src/panicking.rs:697:5
      15:        0x100a8b634 - core::panicking::panic_fmt::hf0f4ee38d6b2b5ec
                                   at /rustc/a84ab0ce6c4557a2f01a3a6c3fdb0f92098db78d/library/core/src/panicking.rs:75:14
      16:        0x100a8b9ec - core::result::unwrap_failed::h3d4344ad99c2aa29
                                   at /rustc/a84ab0ce6c4557a2f01a3a6c3fdb0f92098db78d/library/core/src/result.rs:1761:5
      17:        0x10075d234 - core::result::Result<T,E>::unwrap::hf4a9f021ef9e05d1
                                   at /Users/davidmaple/.rustup/toolchains/nightly-aarch64-apple-darwin/lib/rustlib/src/rust/library/core/src/result.rs:1167:23
      18:        0x10075d234 - test_de::test_no_required_fields::hf59418415649261b
                                   at /Volumes/samsung_t9/yyaml/tests/test_de.rs:572:73
      19:        0x1007a4e0c - test_de::test_no_required_fields::{{closure}}::h445f2ad0a2664d91
                                   at /Volumes/samsung_t9/yyaml/tests/test_de.rs:564:29
      20:        0x100773dd8 - core::ops::function::FnOnce::call_once::hf277341e50c7ab99
                                   at /Users/davidmaple/.rustup/toolchains/nightly-aarch64-apple-darwin/lib/rustlib/src/rust/library/core/src/ops/function.rs:250:5
      21:        0x1009e5110 - core::ops::function::FnOnce::call_once::h1d7d96894b57f1a8
                                   at /rustc/a84ab0ce6c4557a2f01a3a6c3fdb0f92098db78d/library/core/src/ops/function.rs:250:5
      22:        0x1009e5110 - test::__rust_begin_short_backtrace::h49df205d5e8fa5ed
                                   at /rustc/a84ab0ce6c4557a2f01a3a6c3fdb0f92098db78d/library/test/src/lib.rs:648:18
      23:        0x1009e4428 - test::run_test_in_process::{{closure}}::h541faf28c3f28e80
                                   at /rustc/a84ab0ce6c4557a2f01a3a6c3fdb0f92098db78d/library/test/src/lib.rs:671:74
      24:        0x1009e4428 - <core::panic::unwind_safe::AssertUnwindSafe<F> as core::ops::function::FnOnce<()>>::call_once::h236201a0c4e41711
                                   at /rustc/a84ab0ce6c4557a2f01a3a6c3fdb0f92098db78d/library/core/src/panic/unwind_safe.rs:272:9
      25:        0x1009e4428 - std::panicking::catch_unwind::do_call::hae5173175ee45e1c
                                   at /rustc/a84ab0ce6c4557a2f01a3a6c3fdb0f92098db78d/library/std/src/panicking.rs:589:40
      26:        0x1009e4428 - std::panicking::catch_unwind::h6a8d053f04cf2627
                                   at /rustc/a84ab0ce6c4557a2f01a3a6c3fdb0f92098db78d/library/std/src/panicking.rs:552:19
      27:        0x1009e4428 - std::panic::catch_unwind::hb283f1f01526f170
                                   at /rustc/a84ab0ce6c4557a2f01a3a6c3fdb0f92098db78d/library/std/src/panic.rs:359:14
      28:        0x1009e4428 - test::run_test_in_process::h9430f8627c0c1382
                                   at /rustc/a84ab0ce6c4557a2f01a3a6c3fdb0f92098db78d/library/test/src/lib.rs:671:27
      29:        0x1009e4428 - test::run_test::{{closure}}::h751bf9ca7de48114
                                   at /rustc/a84ab0ce6c4557a2f01a3a6c3fdb0f92098db78d/library/test/src/lib.rs:592:43
      30:        0x1009b46dc - test::run_test::{{closure}}::h86d6947403d809a5
                                   at /rustc/a84ab0ce6c4557a2f01a3a6c3fdb0f92098db78d/library/test/src/lib.rs:622:41
      31:        0x1009b46dc - std::sys::backtrace::__rust_begin_short_backtrace::ha06e6ebca7f7fc41
                                   at /rustc/a84ab0ce6c4557a2f01a3a6c3fdb0f92098db78d/library/std/src/sys/backtrace.rs:152:18
      32:        0x1009b7720 - std::thread::Builder::spawn_unchecked_::{{closure}}::{{closure}}::h340f74199c0374be
                                   at /rustc/a84ab0ce6c4557a2f01a3a6c3fdb0f92098db78d/library/std/src/thread/mod.rs:559:17
      33:        0x1009b7720 - <core::panic::unwind_safe::AssertUnwindSafe<F> as core::ops::function::FnOnce<()>>::call_once::hcab50c7bfdc5f301
                                   at /rustc/a84ab0ce6c4557a2f01a3a6c3fdb0f92098db78d/library/core/src/panic/unwind_safe.rs:272:9
      34:        0x1009b7720 - std::panicking::catch_unwind::do_call::h33579d92230f25ee
                                   at /rustc/a84ab0ce6c4557a2f01a3a6c3fdb0f92098db78d/library/std/src/panicking.rs:589:40
      35:        0x1009b7720 - std::panicking::catch_unwind::h3f0594f05de65a14
                                   at /rustc/a84ab0ce6c4557a2f01a3a6c3fdb0f92098db78d/library/std/src/panicking.rs:552:19
      36:        0x1009b7720 - std::panic::catch_unwind::h206b182460dad7bb
                                   at /rustc/a84ab0ce6c4557a2f01a3a6c3fdb0f92098db78d/library/std/src/panic.rs:359:14
      37:        0x1009b7720 - std::thread::Builder::spawn_unchecked_::{{closure}}::h65fc314577009d40
                                   at /rustc/a84ab0ce6c4557a2f01a3a6c3fdb0f92098db78d/library/std/src/thread/mod.rs:557:30
      38:        0x1009b7720 - core::ops::function::FnOnce::call_once{{vtable.shim}}::h55722ca4b30b1375
                                   at /rustc/a84ab0ce6c4557a2f01a3a6c3fdb0f92098db78d/library/core/src/ops/function.rs:250:5
      39:        0x100a60ca4 - <alloc::boxed::Box<F,A> as core::ops::function::FnOnce<Args>>::call_once::hc690e8f7f863e4a4
                                   at /rustc/a84ab0ce6c4557a2f01a3a6c3fdb0f92098db78d/library/alloc/src/boxed.rs:1971:9
      40:        0x100a60ca4 - <alloc::boxed::Box<F,A> as core::ops::function::FnOnce<Args>>::call_once::hbd7368fd73181a81
                                   at /rustc/a84ab0ce6c4557a2f01a3a6c3fdb0f92098db78d/library/alloc/src/boxed.rs:1971:9
      41:        0x100a60ca4 - std::sys::pal::unix::thread::Thread::new::thread_start::h68f6477ab49ddfa6
                                   at /rustc/a84ab0ce6c4557a2f01a3a6c3fdb0f92098db78d/library/std/src/sys/pal/unix/thread.rs:97:17
      42:        0x18cb17c0c - __pthread_cond_wait

  TRY 2 FAIL [   1.213s] yyaml::test_de test_tag_resolution
  stdout ───

    running 1 test
    PARSER DEBUG: Detected sequence start, forcing full parser
    test test_tag_resolution ... FAILED

    failures:

    failures:
        test_tag_resolution

    test result: FAILED. 0 passed; 1 failed; 0 ignored; 0 measured; 22 filtered out; finished in 1.20s

  stderr ───

    thread 'test_tag_resolution' panicked at tests/test_de.rs:33:5:
    assertion `left == right` failed
      left: [Null, Null, Null, Null, Null, Bool(true), Bool(true), Bool(true), Bool(false), Bool(false), Bool(false), String("y"), String("Y"), String("yes"), String("Yes"), String("YES"), String("n"), String("N"), String("no"), String("No"), String("NO"), String("on"), String("On"), String("ON"), String("off"), String("Off"), String("OFF")]
     right: []
    stack backtrace:
       0:        0x101184a84 - std::backtrace_rs::backtrace::libunwind::trace::h55ff2b95044b23af
                                   at /rustc/a84ab0ce6c4557a2f01a3a6c3fdb0f92098db78d/library/std/src/../../backtrace/src/backtrace/libunwind.rs:117:9
       1:        0x101184a84 - std::backtrace_rs::backtrace::trace_unsynchronized::h27d3915c5fade0eb
                                   at /rustc/a84ab0ce6c4557a2f01a3a6c3fdb0f92098db78d/library/std/src/../../backtrace/src/backtrace/mod.rs:66:14
       2:        0x101184a84 - std::sys::backtrace::_print_fmt::h8814266628a35447
                                   at /rustc/a84ab0ce6c4557a2f01a3a6c3fdb0f92098db78d/library/std/src/sys/backtrace.rs:66:9
       3:        0x101184a84 - <std::sys::backtrace::BacktraceLock::print::DisplayBacktrace as core::fmt::Display>::fmt::h5e725fe22fa64edb
                                   at /rustc/a84ab0ce6c4557a2f01a3a6c3fdb0f92098db78d/library/std/src/sys/backtrace.rs:39:26
       4:        0x1011a0f00 - core::fmt::rt::Argument::fmt::he1ba4eb06f4d26ae
                                   at /rustc/a84ab0ce6c4557a2f01a3a6c3fdb0f92098db78d/library/core/src/fmt/rt.rs:173:76
       5:        0x1011a0f00 - core::fmt::write::h8e1a8a4d36399bb5
                                   at /rustc/a84ab0ce6c4557a2f01a3a6c3fdb0f92098db78d/library/core/src/fmt/mod.rs:1465:25
       6:        0x101182770 - std::io::default_write_fmt::hfe5ca79aa8977266
                                   at /rustc/a84ab0ce6c4557a2f01a3a6c3fdb0f92098db78d/library/std/src/io/mod.rs:639:11
       7:        0x101182770 - std::io::Write::write_fmt::h0e6971909a7068ed
                                   at /rustc/a84ab0ce6c4557a2f01a3a6c3fdb0f92098db78d/library/std/src/io/mod.rs:1954:13
       8:        0x101184938 - std::sys::backtrace::BacktraceLock::print::h356b93a0435479ac
                                   at /rustc/a84ab0ce6c4557a2f01a3a6c3fdb0f92098db78d/library/std/src/sys/backtrace.rs:42:9
       9:        0x101185e98 - std::panicking::default_hook::{{closure}}::h96886c361ce2e5ed
                                   at /rustc/a84ab0ce6c4557a2f01a3a6c3fdb0f92098db78d/library/std/src/panicking.rs:300:27
      10:        0x101185ce8 - std::panicking::default_hook::h205a855c3bc7384c
                                   at /rustc/a84ab0ce6c4557a2f01a3a6c3fdb0f92098db78d/library/std/src/panicking.rs:327:9
      11:        0x101186920 - std::panicking::rust_panic_with_hook::hf78b19a86c461f44
                                   at /rustc/a84ab0ce6c4557a2f01a3a6c3fdb0f92098db78d/library/std/src/panicking.rs:833:13
      12:        0x101186554 - std::panicking::begin_panic_handler::{{closure}}::h05c1a3f496032da4
                                   at /rustc/a84ab0ce6c4557a2f01a3a6c3fdb0f92098db78d/library/std/src/panicking.rs:706:13
      13:        0x101184f30 - std::sys::backtrace::__rust_end_short_backtrace::hb1ad2b94954f716c
                                   at /rustc/a84ab0ce6c4557a2f01a3a6c3fdb0f92098db78d/library/std/src/sys/backtrace.rs:168:18
      14:        0x101186230 - __rustc[c0c724db799d4e69]::rust_begin_unwind
                                   at /rustc/a84ab0ce6c4557a2f01a3a6c3fdb0f92098db78d/library/std/src/panicking.rs:697:5
      15:        0x1011b3634 - core::panicking::panic_fmt::hf0f4ee38d6b2b5ec
                                   at /rustc/a84ab0ce6c4557a2f01a3a6c3fdb0f92098db78d/library/core/src/panicking.rs:75:14
      16:        0x1011b3990 - core::panicking::assert_failed_inner::h2609a8f103a6e931
      17:        0x1011a9400 - core::panicking::assert_failed::hbbc3daab84ecc5e8
                                   at /Users/davidmaple/.rustup/toolchains/nightly-aarch64-apple-darwin/lib/rustlib/src/rust/library/core/src/panicking.rs:403:5
      18:        0x100eb5f40 - test_de::test_de::ha2b88523805fd34a
                                   at /Volumes/samsung_t9/yyaml/tests/test_de.rs:33:5
      19:        0x100e864fc - test_de::test_tag_resolution::h69ae9a879dfdd52d
                                   at /Volumes/samsung_t9/yyaml/tests/test_de.rs:700:5
      20:        0x100ed061c - test_de::test_tag_resolution::{{closure}}::h09d54c6557e0d7ad
                                   at /Volumes/samsung_t9/yyaml/tests/test_de.rs:638:25
      21:        0x100e9ba34 - core::ops::function::FnOnce::call_once::h9aedc51533297d98
                                   at /Users/davidmaple/.rustup/toolchains/nightly-aarch64-apple-darwin/lib/rustlib/src/rust/library/core/src/ops/function.rs:250:5
      22:        0x10110d110 - core::ops::function::FnOnce::call_once::h1d7d96894b57f1a8
                                   at /rustc/a84ab0ce6c4557a2f01a3a6c3fdb0f92098db78d/library/core/src/ops/function.rs:250:5
      23:        0x10110d110 - test::__rust_begin_short_backtrace::h49df205d5e8fa5ed
                                   at /rustc/a84ab0ce6c4557a2f01a3a6c3fdb0f92098db78d/library/test/src/lib.rs:648:18
      24:        0x10110c428 - test::run_test_in_process::{{closure}}::h541faf28c3f28e80
                                   at /rustc/a84ab0ce6c4557a2f01a3a6c3fdb0f92098db78d/library/test/src/lib.rs:671:74
      25:        0x10110c428 - <core::panic::unwind_safe::AssertUnwindSafe<F> as core::ops::function::FnOnce<()>>::call_once::h236201a0c4e41711
                                   at /rustc/a84ab0ce6c4557a2f01a3a6c3fdb0f92098db78d/library/core/src/panic/unwind_safe.rs:272:9
      26:        0x10110c428 - std::panicking::catch_unwind::do_call::hae5173175ee45e1c
                                   at /rustc/a84ab0ce6c4557a2f01a3a6c3fdb0f92098db78d/library/std/src/panicking.rs:589:40
      27:        0x10110c428 - std::panicking::catch_unwind::h6a8d053f04cf2627
                                   at /rustc/a84ab0ce6c4557a2f01a3a6c3fdb0f92098db78d/library/std/src/panicking.rs:552:19
      28:        0x10110c428 - std::panic::catch_unwind::hb283f1f01526f170
                                   at /rustc/a84ab0ce6c4557a2f01a3a6c3fdb0f92098db78d/library/std/src/panic.rs:359:14
      29:        0x10110c428 - test::run_test_in_process::h9430f8627c0c1382
                                   at /rustc/a84ab0ce6c4557a2f01a3a6c3fdb0f92098db78d/library/test/src/lib.rs:671:27
      30:        0x10110c428 - test::run_test::{{closure}}::h751bf9ca7de48114
                                   at /rustc/a84ab0ce6c4557a2f01a3a6c3fdb0f92098db78d/library/test/src/lib.rs:592:43
      31:        0x1010dc6dc - test::run_test::{{closure}}::h86d6947403d809a5
                                   at /rustc/a84ab0ce6c4557a2f01a3a6c3fdb0f92098db78d/library/test/src/lib.rs:622:41
      32:        0x1010dc6dc - std::sys::backtrace::__rust_begin_short_backtrace::ha06e6ebca7f7fc41
                                   at /rustc/a84ab0ce6c4557a2f01a3a6c3fdb0f92098db78d/library/std/src/sys/backtrace.rs:152:18
      33:        0x1010df720 - std::thread::Builder::spawn_unchecked_::{{closure}}::{{closure}}::h340f74199c0374be
                                   at /rustc/a84ab0ce6c4557a2f01a3a6c3fdb0f92098db78d/library/std/src/thread/mod.rs:559:17
      34:        0x1010df720 - <core::panic::unwind_safe::AssertUnwindSafe<F> as core::ops::function::FnOnce<()>>::call_once::hcab50c7bfdc5f301
                                   at /rustc/a84ab0ce6c4557a2f01a3a6c3fdb0f92098db78d/library/core/src/panic/unwind_safe.rs:272:9
      35:        0x1010df720 - std::panicking::catch_unwind::do_call::h33579d92230f25ee
                                   at /rustc/a84ab0ce6c4557a2f01a3a6c3fdb0f92098db78d/library/std/src/panicking.rs:589:40
      36:        0x1010df720 - std::panicking::catch_unwind::h3f0594f05de65a14
                                   at /rustc/a84ab0ce6c4557a2f01a3a6c3fdb0f92098db78d/library/std/src/panicking.rs:552:19
      37:        0x1010df720 - std::panic::catch_unwind::h206b182460dad7bb
                                   at /rustc/a84ab0ce6c4557a2f01a3a6c3fdb0f92098db78d/library/std/src/panic.rs:359:14
      38:        0x1010df720 - std::thread::Builder::spawn_unchecked_::{{closure}}::h65fc314577009d40
                                   at /rustc/a84ab0ce6c4557a2f01a3a6c3fdb0f92098db78d/library/std/src/thread/mod.rs:557:30
      39:        0x1010df720 - core::ops::function::FnOnce::call_once{{vtable.shim}}::h55722ca4b30b1375
                                   at /rustc/a84ab0ce6c4557a2f01a3a6c3fdb0f92098db78d/library/core/src/ops/function.rs:250:5
      40:        0x101188ca4 - <alloc::boxed::Box<F,A> as core::ops::function::FnOnce<Args>>::call_once::hc690e8f7f863e4a4
                                   at /rustc/a84ab0ce6c4557a2f01a3a6c3fdb0f92098db78d/library/alloc/src/boxed.rs:1971:9
      41:        0x101188ca4 - <alloc::boxed::Box<F,A> as core::ops::function::FnOnce<Args>>::call_once::hbd7368fd73181a81
                                   at /rustc/a84ab0ce6c4557a2f01a3a6c3fdb0f92098db78d/library/alloc/src/boxed.rs:1971:9
      42:        0x101188ca4 - std::sys::pal::unix::thread::Thread::new::thread_start::h68f6477ab49ddfa6
                                   at /rustc/a84ab0ce6c4557a2f01a3a6c3fdb0f92098db78d/library/std/src/sys/pal/unix/thread.rs:97:17
      43:        0x18cb17c0c - __pthread_cond_wait

  TRY 2 FAIL [   1.221s] yyaml::test_de test_nan
  stdout ───

    running 1 test
    test test_nan ... FAILED

    failures:

    failures:
        test_nan

    test result: FAILED. 0 passed; 1 failed; 0 ignored; 0 measured; 22 filtered out; finished in 1.21s

  stderr ───

    thread 'test_nan' panicked at tests/test_de.rs:472:45:
    called `Result::unwrap()` on an `Err` value: Custom("invalid f32")
    stack backtrace:
       0:        0x104c58a84 - std::backtrace_rs::backtrace::libunwind::trace::h55ff2b95044b23af
                                   at /rustc/a84ab0ce6c4557a2f01a3a6c3fdb0f92098db78d/library/std/src/../../backtrace/src/backtrace/libunwind.rs:117:9
       1:        0x104c58a84 - std::backtrace_rs::backtrace::trace_unsynchronized::h27d3915c5fade0eb
                                   at /rustc/a84ab0ce6c4557a2f01a3a6c3fdb0f92098db78d/library/std/src/../../backtrace/src/backtrace/mod.rs:66:14
       2:        0x104c58a84 - std::sys::backtrace::_print_fmt::h8814266628a35447
                                   at /rustc/a84ab0ce6c4557a2f01a3a6c3fdb0f92098db78d/library/std/src/sys/backtrace.rs:66:9
       3:        0x104c58a84 - <std::sys::backtrace::BacktraceLock::print::DisplayBacktrace as core::fmt::Display>::fmt::h5e725fe22fa64edb
                                   at /rustc/a84ab0ce6c4557a2f01a3a6c3fdb0f92098db78d/library/std/src/sys/backtrace.rs:39:26
       4:        0x104c74f00 - core::fmt::rt::Argument::fmt::he1ba4eb06f4d26ae
                                   at /rustc/a84ab0ce6c4557a2f01a3a6c3fdb0f92098db78d/library/core/src/fmt/rt.rs:173:76
       5:        0x104c74f00 - core::fmt::write::h8e1a8a4d36399bb5
                                   at /rustc/a84ab0ce6c4557a2f01a3a6c3fdb0f92098db78d/library/core/src/fmt/mod.rs:1465:25
       6:        0x104c56770 - std::io::default_write_fmt::hfe5ca79aa8977266
                                   at /rustc/a84ab0ce6c4557a2f01a3a6c3fdb0f92098db78d/library/std/src/io/mod.rs:639:11
       7:        0x104c56770 - std::io::Write::write_fmt::h0e6971909a7068ed
                                   at /rustc/a84ab0ce6c4557a2f01a3a6c3fdb0f92098db78d/library/std/src/io/mod.rs:1954:13
       8:        0x104c58938 - std::sys::backtrace::BacktraceLock::print::h356b93a0435479ac
                                   at /rustc/a84ab0ce6c4557a2f01a3a6c3fdb0f92098db78d/library/std/src/sys/backtrace.rs:42:9
       9:        0x104c59e98 - std::panicking::default_hook::{{closure}}::h96886c361ce2e5ed
                                   at /rustc/a84ab0ce6c4557a2f01a3a6c3fdb0f92098db78d/library/std/src/panicking.rs:300:27
      10:        0x104c59ce8 - std::panicking::default_hook::h205a855c3bc7384c
                                   at /rustc/a84ab0ce6c4557a2f01a3a6c3fdb0f92098db78d/library/std/src/panicking.rs:327:9
      11:        0x104c5a920 - std::panicking::rust_panic_with_hook::hf78b19a86c461f44
                                   at /rustc/a84ab0ce6c4557a2f01a3a6c3fdb0f92098db78d/library/std/src/panicking.rs:833:13
      12:        0x104c5a554 - std::panicking::begin_panic_handler::{{closure}}::h05c1a3f496032da4
                                   at /rustc/a84ab0ce6c4557a2f01a3a6c3fdb0f92098db78d/library/std/src/panicking.rs:706:13
      13:        0x104c58f30 - std::sys::backtrace::__rust_end_short_backtrace::hb1ad2b94954f716c
                                   at /rustc/a84ab0ce6c4557a2f01a3a6c3fdb0f92098db78d/library/std/src/sys/backtrace.rs:168:18
      14:        0x104c5a230 - __rustc[c0c724db799d4e69]::rust_begin_unwind
                                   at /rustc/a84ab0ce6c4557a2f01a3a6c3fdb0f92098db78d/library/std/src/panicking.rs:697:5
      15:        0x104c87634 - core::panicking::panic_fmt::hf0f4ee38d6b2b5ec
                                   at /rustc/a84ab0ce6c4557a2f01a3a6c3fdb0f92098db78d/library/core/src/panicking.rs:75:14
      16:        0x104c879ec - core::result::unwrap_failed::h3d4344ad99c2aa29
                                   at /rustc/a84ab0ce6c4557a2f01a3a6c3fdb0f92098db78d/library/core/src/result.rs:1761:5
      17:        0x104958750 - core::result::Result<T,E>::unwrap::hf0692d5baa4236e9
                                   at /Users/davidmaple/.rustup/toolchains/nightly-aarch64-apple-darwin/lib/rustlib/src/rust/library/core/src/result.rs:1167:23
      18:        0x104958750 - test_de::test_nan::hcfaa69ab095e5b18
                                   at /Volumes/samsung_t9/yyaml/tests/test_de.rs:472:45
      19:        0x10499c754 - test_de::test_nan::{{closure}}::h8c88781d852864be
                                   at /Volumes/samsung_t9/yyaml/tests/test_de.rs:470:14
      20:        0x10496fd1c - core::ops::function::FnOnce::call_once::he32f095a8091e9a5
                                   at /Users/davidmaple/.rustup/toolchains/nightly-aarch64-apple-darwin/lib/rustlib/src/rust/library/core/src/ops/function.rs:250:5
      21:        0x104be1110 - core::ops::function::FnOnce::call_once::h1d7d96894b57f1a8
                                   at /rustc/a84ab0ce6c4557a2f01a3a6c3fdb0f92098db78d/library/core/src/ops/function.rs:250:5
      22:        0x104be1110 - test::__rust_begin_short_backtrace::h49df205d5e8fa5ed
                                   at /rustc/a84ab0ce6c4557a2f01a3a6c3fdb0f92098db78d/library/test/src/lib.rs:648:18
      23:        0x104be0428 - test::run_test_in_process::{{closure}}::h541faf28c3f28e80
                                   at /rustc/a84ab0ce6c4557a2f01a3a6c3fdb0f92098db78d/library/test/src/lib.rs:671:74
      24:        0x104be0428 - <core::panic::unwind_safe::AssertUnwindSafe<F> as core::ops::function::FnOnce<()>>::call_once::h236201a0c4e41711
                                   at /rustc/a84ab0ce6c4557a2f01a3a6c3fdb0f92098db78d/library/core/src/panic/unwind_safe.rs:272:9
      25:        0x104be0428 - std::panicking::catch_unwind::do_call::hae5173175ee45e1c
                                   at /rustc/a84ab0ce6c4557a2f01a3a6c3fdb0f92098db78d/library/std/src/panicking.rs:589:40
      26:        0x104be0428 - std::panicking::catch_unwind::h6a8d053f04cf2627
                                   at /rustc/a84ab0ce6c4557a2f01a3a6c3fdb0f92098db78d/library/std/src/panicking.rs:552:19
      27:        0x104be0428 - std::panic::catch_unwind::hb283f1f01526f170
                                   at /rustc/a84ab0ce6c4557a2f01a3a6c3fdb0f92098db78d/library/std/src/panic.rs:359:14
      28:        0x104be0428 - test::run_test_in_process::h9430f8627c0c1382
                                   at /rustc/a84ab0ce6c4557a2f01a3a6c3fdb0f92098db78d/library/test/src/lib.rs:671:27
      29:        0x104be0428 - test::run_test::{{closure}}::h751bf9ca7de48114
                                   at /rustc/a84ab0ce6c4557a2f01a3a6c3fdb0f92098db78d/library/test/src/lib.rs:592:43
      30:        0x104bb06dc - test::run_test::{{closure}}::h86d6947403d809a5
                                   at /rustc/a84ab0ce6c4557a2f01a3a6c3fdb0f92098db78d/library/test/src/lib.rs:622:41
      31:        0x104bb06dc - std::sys::backtrace::__rust_begin_short_backtrace::ha06e6ebca7f7fc41
                                   at /rustc/a84ab0ce6c4557a2f01a3a6c3fdb0f92098db78d/library/std/src/sys/backtrace.rs:152:18
      32:        0x104bb3720 - std::thread::Builder::spawn_unchecked_::{{closure}}::{{closure}}::h340f74199c0374be
                                   at /rustc/a84ab0ce6c4557a2f01a3a6c3fdb0f92098db78d/library/std/src/thread/mod.rs:559:17
      33:        0x104bb3720 - <core::panic::unwind_safe::AssertUnwindSafe<F> as core::ops::function::FnOnce<()>>::call_once::hcab50c7bfdc5f301
                                   at /rustc/a84ab0ce6c4557a2f01a3a6c3fdb0f92098db78d/library/core/src/panic/unwind_safe.rs:272:9
      34:        0x104bb3720 - std::panicking::catch_unwind::do_call::h33579d92230f25ee
                                   at /rustc/a84ab0ce6c4557a2f01a3a6c3fdb0f92098db78d/library/std/src/panicking.rs:589:40
      35:        0x104bb3720 - std::panicking::catch_unwind::h3f0594f05de65a14
                                   at /rustc/a84ab0ce6c4557a2f01a3a6c3fdb0f92098db78d/library/std/src/panicking.rs:552:19
      36:        0x104bb3720 - std::panic::catch_unwind::h206b182460dad7bb
                                   at /rustc/a84ab0ce6c4557a2f01a3a6c3fdb0f92098db78d/library/std/src/panic.rs:359:14
      37:        0x104bb3720 - std::thread::Builder::spawn_unchecked_::{{closure}}::h65fc314577009d40
                                   at /rustc/a84ab0ce6c4557a2f01a3a6c3fdb0f92098db78d/library/std/src/thread/mod.rs:557:30
      38:        0x104bb3720 - core::ops::function::FnOnce::call_once{{vtable.shim}}::h55722ca4b30b1375
                                   at /rustc/a84ab0ce6c4557a2f01a3a6c3fdb0f92098db78d/library/core/src/ops/function.rs:250:5
      39:        0x104c5cca4 - <alloc::boxed::Box<F,A> as core::ops::function::FnOnce<Args>>::call_once::hc690e8f7f863e4a4
                                   at /rustc/a84ab0ce6c4557a2f01a3a6c3fdb0f92098db78d/library/alloc/src/boxed.rs:1971:9
      40:        0x104c5cca4 - <alloc::boxed::Box<F,A> as core::ops::function::FnOnce<Args>>::call_once::hbd7368fd73181a81
                                   at /rustc/a84ab0ce6c4557a2f01a3a6c3fdb0f92098db78d/library/alloc/src/boxed.rs:1971:9
      41:        0x104c5cca4 - std::sys::pal::unix::thread::Thread::new::thread_start::h68f6477ab49ddfa6
                                   at /rustc/a84ab0ce6c4557a2f01a3a6c3fdb0f92098db78d/library/std/src/sys/pal/unix/thread.rs:97:17
      42:        0x18cb17c0c - __pthread_cond_wait

  TRY 2 FAIL [   1.236s] yyaml::test_de test_python_safe_dump
  stdout ───

    running 1 test
    test test_python_safe_dump ... FAILED

    failures:

    failures:
        test_python_safe_dump

    test result: FAILED. 0 passed; 1 failed; 0 ignored; 0 measured; 22 filtered out; finished in 1.23s

  stderr ───

    thread 'test_python_safe_dump' panicked at tests/test_de.rs:32:50:
    called `Result::unwrap()` on an `Err` value: Scan(ScanError { mark: Marker { index: 8, line: 1, col: 8 }, info: "invalid tag handle format (must be !, !!, or !word!)" })
    stack backtrace:
       0:        0x1047f0a84 - std::backtrace_rs::backtrace::libunwind::trace::h55ff2b95044b23af
                                   at /rustc/a84ab0ce6c4557a2f01a3a6c3fdb0f92098db78d/library/std/src/../../backtrace/src/backtrace/libunwind.rs:117:9
       1:        0x1047f0a84 - std::backtrace_rs::backtrace::trace_unsynchronized::h27d3915c5fade0eb
                                   at /rustc/a84ab0ce6c4557a2f01a3a6c3fdb0f92098db78d/library/std/src/../../backtrace/src/backtrace/mod.rs:66:14
       2:        0x1047f0a84 - std::sys::backtrace::_print_fmt::h8814266628a35447
                                   at /rustc/a84ab0ce6c4557a2f01a3a6c3fdb0f92098db78d/library/std/src/sys/backtrace.rs:66:9
       3:        0x1047f0a84 - <std::sys::backtrace::BacktraceLock::print::DisplayBacktrace as core::fmt::Display>::fmt::h5e725fe22fa64edb
                                   at /rustc/a84ab0ce6c4557a2f01a3a6c3fdb0f92098db78d/library/std/src/sys/backtrace.rs:39:26
       4:        0x10480cf00 - core::fmt::rt::Argument::fmt::he1ba4eb06f4d26ae
                                   at /rustc/a84ab0ce6c4557a2f01a3a6c3fdb0f92098db78d/library/core/src/fmt/rt.rs:173:76
       5:        0x10480cf00 - core::fmt::write::h8e1a8a4d36399bb5
                                   at /rustc/a84ab0ce6c4557a2f01a3a6c3fdb0f92098db78d/library/core/src/fmt/mod.rs:1465:25
       6:        0x1047ee770 - std::io::default_write_fmt::hfe5ca79aa8977266
                                   at /rustc/a84ab0ce6c4557a2f01a3a6c3fdb0f92098db78d/library/std/src/io/mod.rs:639:11
       7:        0x1047ee770 - std::io::Write::write_fmt::h0e6971909a7068ed
                                   at /rustc/a84ab0ce6c4557a2f01a3a6c3fdb0f92098db78d/library/std/src/io/mod.rs:1954:13
       8:        0x1047f0938 - std::sys::backtrace::BacktraceLock::print::h356b93a0435479ac
                                   at /rustc/a84ab0ce6c4557a2f01a3a6c3fdb0f92098db78d/library/std/src/sys/backtrace.rs:42:9
       9:        0x1047f1e98 - std::panicking::default_hook::{{closure}}::h96886c361ce2e5ed
                                   at /rustc/a84ab0ce6c4557a2f01a3a6c3fdb0f92098db78d/library/std/src/panicking.rs:300:27
      10:        0x1047f1ce8 - std::panicking::default_hook::h205a855c3bc7384c
                                   at /rustc/a84ab0ce6c4557a2f01a3a6c3fdb0f92098db78d/library/std/src/panicking.rs:327:9
      11:        0x1047f2920 - std::panicking::rust_panic_with_hook::hf78b19a86c461f44
                                   at /rustc/a84ab0ce6c4557a2f01a3a6c3fdb0f92098db78d/library/std/src/panicking.rs:833:13
      12:        0x1047f2554 - std::panicking::begin_panic_handler::{{closure}}::h05c1a3f496032da4
                                   at /rustc/a84ab0ce6c4557a2f01a3a6c3fdb0f92098db78d/library/std/src/panicking.rs:706:13
      13:        0x1047f0f30 - std::sys::backtrace::__rust_end_short_backtrace::hb1ad2b94954f716c
                                   at /rustc/a84ab0ce6c4557a2f01a3a6c3fdb0f92098db78d/library/std/src/sys/backtrace.rs:168:18
      14:        0x1047f2230 - __rustc[c0c724db799d4e69]::rust_begin_unwind
                                   at /rustc/a84ab0ce6c4557a2f01a3a6c3fdb0f92098db78d/library/std/src/panicking.rs:697:5
      15:        0x10481f634 - core::panicking::panic_fmt::hf0f4ee38d6b2b5ec
                                   at /rustc/a84ab0ce6c4557a2f01a3a6c3fdb0f92098db78d/library/core/src/panicking.rs:75:14
      16:        0x10481f9ec - core::result::unwrap_failed::h3d4344ad99c2aa29
                                   at /rustc/a84ab0ce6c4557a2f01a3a6c3fdb0f92098db78d/library/core/src/result.rs:1761:5
      17:        0x1045236c0 - core::result::Result<T,E>::unwrap::hf2296c5052f43a56
                                   at /Users/davidmaple/.rustup/toolchains/nightly-aarch64-apple-darwin/lib/rustlib/src/rust/library/core/src/result.rs:1167:23
      18:        0x1045236c0 - test_de::test_de::hb6da060ec272285d
                                   at /Volumes/samsung_t9/yyaml/tests/test_de.rs:32:50
      19:        0x1044f1bc0 - test_de::test_python_safe_dump::h863bca2d8f0d2987
                                   at /Volumes/samsung_t9/yyaml/tests/test_de.rs:634:5
      20:        0x10453b90c - test_de::test_python_safe_dump::{{closure}}::h956038a43d41bb3e
                                   at /Volumes/samsung_t9/yyaml/tests/test_de.rs:613:27
      21:        0x104507238 - core::ops::function::FnOnce::call_once::h06806bc4fae767bc
                                   at /Users/davidmaple/.rustup/toolchains/nightly-aarch64-apple-darwin/lib/rustlib/src/rust/library/core/src/ops/function.rs:250:5
      22:        0x104779110 - core::ops::function::FnOnce::call_once::h1d7d96894b57f1a8
                                   at /rustc/a84ab0ce6c4557a2f01a3a6c3fdb0f92098db78d/library/core/src/ops/function.rs:250:5
      23:        0x104779110 - test::__rust_begin_short_backtrace::h49df205d5e8fa5ed
                                   at /rustc/a84ab0ce6c4557a2f01a3a6c3fdb0f92098db78d/library/test/src/lib.rs:648:18
      24:        0x104778428 - test::run_test_in_process::{{closure}}::h541faf28c3f28e80
                                   at /rustc/a84ab0ce6c4557a2f01a3a6c3fdb0f92098db78d/library/test/src/lib.rs:671:74
      25:        0x104778428 - <core::panic::unwind_safe::AssertUnwindSafe<F> as core::ops::function::FnOnce<()>>::call_once::h236201a0c4e41711
                                   at /rustc/a84ab0ce6c4557a2f01a3a6c3fdb0f92098db78d/library/core/src/panic/unwind_safe.rs:272:9
      26:        0x104778428 - std::panicking::catch_unwind::do_call::hae5173175ee45e1c
                                   at /rustc/a84ab0ce6c4557a2f01a3a6c3fdb0f92098db78d/library/std/src/panicking.rs:589:40
      27:        0x104778428 - std::panicking::catch_unwind::h6a8d053f04cf2627
                                   at /rustc/a84ab0ce6c4557a2f01a3a6c3fdb0f92098db78d/library/std/src/panicking.rs:552:19
      28:        0x104778428 - std::panic::catch_unwind::hb283f1f01526f170
                                   at /rustc/a84ab0ce6c4557a2f01a3a6c3fdb0f92098db78d/library/std/src/panic.rs:359:14
      29:        0x104778428 - test::run_test_in_process::h9430f8627c0c1382
                                   at /rustc/a84ab0ce6c4557a2f01a3a6c3fdb0f92098db78d/library/test/src/lib.rs:671:27
      30:        0x104778428 - test::run_test::{{closure}}::h751bf9ca7de48114
                                   at /rustc/a84ab0ce6c4557a2f01a3a6c3fdb0f92098db78d/library/test/src/lib.rs:592:43
      31:        0x1047486dc - test::run_test::{{closure}}::h86d6947403d809a5
                                   at /rustc/a84ab0ce6c4557a2f01a3a6c3fdb0f92098db78d/library/test/src/lib.rs:622:41
      32:        0x1047486dc - std::sys::backtrace::__rust_begin_short_backtrace::ha06e6ebca7f7fc41
                                   at /rustc/a84ab0ce6c4557a2f01a3a6c3fdb0f92098db78d/library/std/src/sys/backtrace.rs:152:18
      33:        0x10474b720 - std::thread::Builder::spawn_unchecked_::{{closure}}::{{closure}}::h340f74199c0374be
                                   at /rustc/a84ab0ce6c4557a2f01a3a6c3fdb0f92098db78d/library/std/src/thread/mod.rs:559:17
      34:        0x10474b720 - <core::panic::unwind_safe::AssertUnwindSafe<F> as core::ops::function::FnOnce<()>>::call_once::hcab50c7bfdc5f301
                                   at /rustc/a84ab0ce6c4557a2f01a3a6c3fdb0f92098db78d/library/core/src/panic/unwind_safe.rs:272:9
      35:        0x10474b720 - std::panicking::catch_unwind::do_call::h33579d92230f25ee
                                   at /rustc/a84ab0ce6c4557a2f01a3a6c3fdb0f92098db78d/library/std/src/panicking.rs:589:40
      36:        0x10474b720 - std::panicking::catch_unwind::h3f0594f05de65a14
                                   at /rustc/a84ab0ce6c4557a2f01a3a6c3fdb0f92098db78d/library/std/src/panicking.rs:552:19
      37:        0x10474b720 - std::panic::catch_unwind::h206b182460dad7bb
                                   at /rustc/a84ab0ce6c4557a2f01a3a6c3fdb0f92098db78d/library/std/src/panic.rs:359:14
      38:        0x10474b720 - std::thread::Builder::spawn_unchecked_::{{closure}}::h65fc314577009d40
                                   at /rustc/a84ab0ce6c4557a2f01a3a6c3fdb0f92098db78d/library/std/src/thread/mod.rs:557:30
      39:        0x10474b720 - core::ops::function::FnOnce::call_once{{vtable.shim}}::h55722ca4b30b1375
                                   at /rustc/a84ab0ce6c4557a2f01a3a6c3fdb0f92098db78d/library/core/src/ops/function.rs:250:5
      40:        0x1047f4ca4 - <alloc::boxed::Box<F,A> as core::ops::function::FnOnce<Args>>::call_once::hc690e8f7f863e4a4
                                   at /rustc/a84ab0ce6c4557a2f01a3a6c3fdb0f92098db78d/library/alloc/src/boxed.rs:1971:9
      41:        0x1047f4ca4 - <alloc::boxed::Box<F,A> as core::ops::function::FnOnce<Args>>::call_once::hbd7368fd73181a81
                                   at /rustc/a84ab0ce6c4557a2f01a3a6c3fdb0f92098db78d/library/alloc/src/boxed.rs:1971:9
      42:        0x1047f4ca4 - std::sys::pal::unix::thread::Thread::new::thread_start::h68f6477ab49ddfa6
                                   at /rustc/a84ab0ce6c4557a2f01a3a6c3fdb0f92098db78d/library/std/src/sys/pal/unix/thread.rs:97:17
      43:        0x18cb17c0c - __pthread_cond_wait

  TRY 2 FAIL [   1.246s] yyaml::test_de test_i128_big
  stdout ───

    running 1 test
    test test_i128_big ... FAILED

    failures:

    failures:
        test_i128_big

    test result: FAILED. 0 passed; 1 failed; 0 ignored; 0 measured; 22 filtered out; finished in 1.24s

  stderr ───

    thread 'test_i128_big' panicked at tests/test_de.rs:306:58:
    called `Result::unwrap()` on an `Err` value: Custom("expected integer")
    stack backtrace:
       0:        0x10485ca84 - std::backtrace_rs::backtrace::libunwind::trace::h55ff2b95044b23af
                                   at /rustc/a84ab0ce6c4557a2f01a3a6c3fdb0f92098db78d/library/std/src/../../backtrace/src/backtrace/libunwind.rs:117:9
       1:        0x10485ca84 - std::backtrace_rs::backtrace::trace_unsynchronized::h27d3915c5fade0eb
                                   at /rustc/a84ab0ce6c4557a2f01a3a6c3fdb0f92098db78d/library/std/src/../../backtrace/src/backtrace/mod.rs:66:14
       2:        0x10485ca84 - std::sys::backtrace::_print_fmt::h8814266628a35447
                                   at /rustc/a84ab0ce6c4557a2f01a3a6c3fdb0f92098db78d/library/std/src/sys/backtrace.rs:66:9
       3:        0x10485ca84 - <std::sys::backtrace::BacktraceLock::print::DisplayBacktrace as core::fmt::Display>::fmt::h5e725fe22fa64edb
                                   at /rustc/a84ab0ce6c4557a2f01a3a6c3fdb0f92098db78d/library/std/src/sys/backtrace.rs:39:26
       4:        0x104878f00 - core::fmt::rt::Argument::fmt::he1ba4eb06f4d26ae
                                   at /rustc/a84ab0ce6c4557a2f01a3a6c3fdb0f92098db78d/library/core/src/fmt/rt.rs:173:76
       5:        0x104878f00 - core::fmt::write::h8e1a8a4d36399bb5
                                   at /rustc/a84ab0ce6c4557a2f01a3a6c3fdb0f92098db78d/library/core/src/fmt/mod.rs:1465:25
       6:        0x10485a770 - std::io::default_write_fmt::hfe5ca79aa8977266
                                   at /rustc/a84ab0ce6c4557a2f01a3a6c3fdb0f92098db78d/library/std/src/io/mod.rs:639:11
       7:        0x10485a770 - std::io::Write::write_fmt::h0e6971909a7068ed
                                   at /rustc/a84ab0ce6c4557a2f01a3a6c3fdb0f92098db78d/library/std/src/io/mod.rs:1954:13
       8:        0x10485c938 - std::sys::backtrace::BacktraceLock::print::h356b93a0435479ac
                                   at /rustc/a84ab0ce6c4557a2f01a3a6c3fdb0f92098db78d/library/std/src/sys/backtrace.rs:42:9
       9:        0x10485de98 - std::panicking::default_hook::{{closure}}::h96886c361ce2e5ed
                                   at /rustc/a84ab0ce6c4557a2f01a3a6c3fdb0f92098db78d/library/std/src/panicking.rs:300:27
      10:        0x10485dce8 - std::panicking::default_hook::h205a855c3bc7384c
                                   at /rustc/a84ab0ce6c4557a2f01a3a6c3fdb0f92098db78d/library/std/src/panicking.rs:327:9
      11:        0x10485e920 - std::panicking::rust_panic_with_hook::hf78b19a86c461f44
                                   at /rustc/a84ab0ce6c4557a2f01a3a6c3fdb0f92098db78d/library/std/src/panicking.rs:833:13
      12:        0x10485e554 - std::panicking::begin_panic_handler::{{closure}}::h05c1a3f496032da4
                                   at /rustc/a84ab0ce6c4557a2f01a3a6c3fdb0f92098db78d/library/std/src/panicking.rs:706:13
      13:        0x10485cf30 - std::sys::backtrace::__rust_end_short_backtrace::hb1ad2b94954f716c
                                   at /rustc/a84ab0ce6c4557a2f01a3a6c3fdb0f92098db78d/library/std/src/sys/backtrace.rs:168:18
      14:        0x10485e230 - __rustc[c0c724db799d4e69]::rust_begin_unwind
                                   at /rustc/a84ab0ce6c4557a2f01a3a6c3fdb0f92098db78d/library/std/src/panicking.rs:697:5
      15:        0x10488b634 - core::panicking::panic_fmt::hf0f4ee38d6b2b5ec
                                   at /rustc/a84ab0ce6c4557a2f01a3a6c3fdb0f92098db78d/library/core/src/panicking.rs:75:14
      16:        0x10488b9ec - core::result::unwrap_failed::h3d4344ad99c2aa29
                                   at /rustc/a84ab0ce6c4557a2f01a3a6c3fdb0f92098db78d/library/core/src/result.rs:1761:5
      17:        0x10455afc0 - core::result::Result<T,E>::unwrap::hfa32eaa7a7670cd9
                                   at /Users/davidmaple/.rustup/toolchains/nightly-aarch64-apple-darwin/lib/rustlib/src/rust/library/core/src/result.rs:1167:23
      18:        0x10455afc0 - test_de::test_i128_big::h28e2a5737951e7e1
                                   at /Volumes/samsung_t9/yyaml/tests/test_de.rs:306:58
      19:        0x10459db8c - test_de::test_i128_big::{{closure}}::ha17105f97755ba6a
                                   at /Volumes/samsung_t9/yyaml/tests/test_de.rs:296:19
      20:        0x1045736e0 - core::ops::function::FnOnce::call_once::h45514ca29685fe8f
                                   at /Users/davidmaple/.rustup/toolchains/nightly-aarch64-apple-darwin/lib/rustlib/src/rust/library/core/src/ops/function.rs:250:5
      21:        0x1047e5110 - core::ops::function::FnOnce::call_once::h1d7d96894b57f1a8
                                   at /rustc/a84ab0ce6c4557a2f01a3a6c3fdb0f92098db78d/library/core/src/ops/function.rs:250:5
      22:        0x1047e5110 - test::__rust_begin_short_backtrace::h49df205d5e8fa5ed
                                   at /rustc/a84ab0ce6c4557a2f01a3a6c3fdb0f92098db78d/library/test/src/lib.rs:648:18
      23:        0x1047e4428 - test::run_test_in_process::{{closure}}::h541faf28c3f28e80
                                   at /rustc/a84ab0ce6c4557a2f01a3a6c3fdb0f92098db78d/library/test/src/lib.rs:671:74
      24:        0x1047e4428 - <core::panic::unwind_safe::AssertUnwindSafe<F> as core::ops::function::FnOnce<()>>::call_once::h236201a0c4e41711
                                   at /rustc/a84ab0ce6c4557a2f01a3a6c3fdb0f92098db78d/library/core/src/panic/unwind_safe.rs:272:9
      25:        0x1047e4428 - std::panicking::catch_unwind::do_call::hae5173175ee45e1c
                                   at /rustc/a84ab0ce6c4557a2f01a3a6c3fdb0f92098db78d/library/std/src/panicking.rs:589:40
      26:        0x1047e4428 - std::panicking::catch_unwind::h6a8d053f04cf2627
                                   at /rustc/a84ab0ce6c4557a2f01a3a6c3fdb0f92098db78d/library/std/src/panicking.rs:552:19
      27:        0x1047e4428 - std::panic::catch_unwind::hb283f1f01526f170
                                   at /rustc/a84ab0ce6c4557a2f01a3a6c3fdb0f92098db78d/library/std/src/panic.rs:359:14
      28:        0x1047e4428 - test::run_test_in_process::h9430f8627c0c1382
                                   at /rustc/a84ab0ce6c4557a2f01a3a6c3fdb0f92098db78d/library/test/src/lib.rs:671:27
      29:        0x1047e4428 - test::run_test::{{closure}}::h751bf9ca7de48114
                                   at /rustc/a84ab0ce6c4557a2f01a3a6c3fdb0f92098db78d/library/test/src/lib.rs:592:43
      30:        0x1047b46dc - test::run_test::{{closure}}::h86d6947403d809a5
                                   at /rustc/a84ab0ce6c4557a2f01a3a6c3fdb0f92098db78d/library/test/src/lib.rs:622:41
      31:        0x1047b46dc - std::sys::backtrace::__rust_begin_short_backtrace::ha06e6ebca7f7fc41
                                   at /rustc/a84ab0ce6c4557a2f01a3a6c3fdb0f92098db78d/library/std/src/sys/backtrace.rs:152:18
      32:        0x1047b7720 - std::thread::Builder::spawn_unchecked_::{{closure}}::{{closure}}::h340f74199c0374be
                                   at /rustc/a84ab0ce6c4557a2f01a3a6c3fdb0f92098db78d/library/std/src/thread/mod.rs:559:17
      33:        0x1047b7720 - <core::panic::unwind_safe::AssertUnwindSafe<F> as core::ops::function::FnOnce<()>>::call_once::hcab50c7bfdc5f301
                                   at /rustc/a84ab0ce6c4557a2f01a3a6c3fdb0f92098db78d/library/core/src/panic/unwind_safe.rs:272:9
      34:        0x1047b7720 - std::panicking::catch_unwind::do_call::h33579d92230f25ee
                                   at /rustc/a84ab0ce6c4557a2f01a3a6c3fdb0f92098db78d/library/std/src/panicking.rs:589:40
      35:        0x1047b7720 - std::panicking::catch_unwind::h3f0594f05de65a14
                                   at /rustc/a84ab0ce6c4557a2f01a3a6c3fdb0f92098db78d/library/std/src/panicking.rs:552:19
      36:        0x1047b7720 - std::panic::catch_unwind::h206b182460dad7bb
                                   at /rustc/a84ab0ce6c4557a2f01a3a6c3fdb0f92098db78d/library/std/src/panic.rs:359:14
      37:        0x1047b7720 - std::thread::Builder::spawn_unchecked_::{{closure}}::h65fc314577009d40
                                   at /rustc/a84ab0ce6c4557a2f01a3a6c3fdb0f92098db78d/library/std/src/thread/mod.rs:557:30
      38:        0x1047b7720 - core::ops::function::FnOnce::call_once{{vtable.shim}}::h55722ca4b30b1375
                                   at /rustc/a84ab0ce6c4557a2f01a3a6c3fdb0f92098db78d/library/core/src/ops/function.rs:250:5
      39:        0x104860ca4 - <alloc::boxed::Box<F,A> as core::ops::function::FnOnce<Args>>::call_once::hc690e8f7f863e4a4
                                   at /rustc/a84ab0ce6c4557a2f01a3a6c3fdb0f92098db78d/library/alloc/src/boxed.rs:1971:9
      40:        0x104860ca4 - <alloc::boxed::Box<F,A> as core::ops::function::FnOnce<Args>>::call_once::hbd7368fd73181a81
                                   at /rustc/a84ab0ce6c4557a2f01a3a6c3fdb0f92098db78d/library/alloc/src/boxed.rs:1971:9
      41:        0x104860ca4 - std::sys::pal::unix::thread::Thread::new::thread_start::h68f6477ab49ddfa6
                                   at /rustc/a84ab0ce6c4557a2f01a3a6c3fdb0f92098db78d/library/std/src/sys/pal/unix/thread.rs:97:17
      42:        0x18cb17c0c - __pthread_cond_wait

  TRY 2 FAIL [   1.209s] yyaml::test_error test_deserialize_nested_enum
  stdout ───

    running 1 test
    test test_deserialize_nested_enum ... FAILED

    failures:

    failures:
        test_deserialize_nested_enum

    test result: FAILED. 0 passed; 1 failed; 0 ignored; 0 measured; 28 filtered out; finished in 1.19s

  stderr ───

    thread 'test_deserialize_nested_enum' panicked at tests/test_error.rs:21:5:
    assertion `left == right` failed
      left: "deserializing nested enum in Outer::Inner from YAML is not supported yet at line 2 column 1"
     right: "custom: expected string or single-entry map for enum"
    stack backtrace:
       0:        0x1049349b8 - std::backtrace_rs::backtrace::libunwind::trace::h55ff2b95044b23af
                                   at /rustc/a84ab0ce6c4557a2f01a3a6c3fdb0f92098db78d/library/std/src/../../backtrace/src/backtrace/libunwind.rs:117:9
       1:        0x1049349b8 - std::backtrace_rs::backtrace::trace_unsynchronized::h27d3915c5fade0eb
                                   at /rustc/a84ab0ce6c4557a2f01a3a6c3fdb0f92098db78d/library/std/src/../../backtrace/src/backtrace/mod.rs:66:14
       2:        0x1049349b8 - std::sys::backtrace::_print_fmt::h8814266628a35447
                                   at /rustc/a84ab0ce6c4557a2f01a3a6c3fdb0f92098db78d/library/std/src/sys/backtrace.rs:66:9
       3:        0x1049349b8 - <std::sys::backtrace::BacktraceLock::print::DisplayBacktrace as core::fmt::Display>::fmt::h5e725fe22fa64edb
                                   at /rustc/a84ab0ce6c4557a2f01a3a6c3fdb0f92098db78d/library/std/src/sys/backtrace.rs:39:26
       4:        0x1049505f8 - core::fmt::rt::Argument::fmt::he1ba4eb06f4d26ae
                                   at /rustc/a84ab0ce6c4557a2f01a3a6c3fdb0f92098db78d/library/core/src/fmt/rt.rs:173:76
       5:        0x1049505f8 - core::fmt::write::h8e1a8a4d36399bb5
                                   at /rustc/a84ab0ce6c4557a2f01a3a6c3fdb0f92098db78d/library/core/src/fmt/mod.rs:1465:25
       6:        0x1049326a4 - std::io::default_write_fmt::hfe5ca79aa8977266
                                   at /rustc/a84ab0ce6c4557a2f01a3a6c3fdb0f92098db78d/library/std/src/io/mod.rs:639:11
       7:        0x1049326a4 - std::io::Write::write_fmt::h0e6971909a7068ed
                                   at /rustc/a84ab0ce6c4557a2f01a3a6c3fdb0f92098db78d/library/std/src/io/mod.rs:1954:13
       8:        0x10493486c - std::sys::backtrace::BacktraceLock::print::h356b93a0435479ac
                                   at /rustc/a84ab0ce6c4557a2f01a3a6c3fdb0f92098db78d/library/std/src/sys/backtrace.rs:42:9
       9:        0x104935dcc - std::panicking::default_hook::{{closure}}::h96886c361ce2e5ed
                                   at /rustc/a84ab0ce6c4557a2f01a3a6c3fdb0f92098db78d/library/std/src/panicking.rs:300:27
      10:        0x104935c1c - std::panicking::default_hook::h205a855c3bc7384c
                                   at /rustc/a84ab0ce6c4557a2f01a3a6c3fdb0f92098db78d/library/std/src/panicking.rs:327:9
      11:        0x104936854 - std::panicking::rust_panic_with_hook::hf78b19a86c461f44
                                   at /rustc/a84ab0ce6c4557a2f01a3a6c3fdb0f92098db78d/library/std/src/panicking.rs:833:13
      12:        0x104936488 - std::panicking::begin_panic_handler::{{closure}}::h05c1a3f496032da4
                                   at /rustc/a84ab0ce6c4557a2f01a3a6c3fdb0f92098db78d/library/std/src/panicking.rs:706:13
      13:        0x104934e64 - std::sys::backtrace::__rust_end_short_backtrace::hb1ad2b94954f716c
                                   at /rustc/a84ab0ce6c4557a2f01a3a6c3fdb0f92098db78d/library/std/src/sys/backtrace.rs:168:18
      14:        0x104936164 - __rustc[c0c724db799d4e69]::rust_begin_unwind
                                   at /rustc/a84ab0ce6c4557a2f01a3a6c3fdb0f92098db78d/library/std/src/panicking.rs:697:5
      15:        0x10495dbd4 - core::panicking::panic_fmt::hf0f4ee38d6b2b5ec
                                   at /rustc/a84ab0ce6c4557a2f01a3a6c3fdb0f92098db78d/library/core/src/panicking.rs:75:14
      16:        0x10495df30 - core::panicking::assert_failed_inner::h2609a8f103a6e931
      17:        0x104956e20 - core::panicking::assert_failed::h446f6aaf66963ac2
                                   at /Users/davidmaple/.rustup/toolchains/nightly-aarch64-apple-darwin/lib/rustlib/src/rust/library/core/src/panicking.rs:403:5
      18:        0x1048419dc - test_error::test_error::hd48bd00e17a1a987
                                   at /Volumes/samsung_t9/yyaml/tests/test_error.rs:21:5
      19:        0x104875aa4 - test_error::test_deserialize_nested_enum::hfb8ae01cea992cb9
                                   at /Volumes/samsung_t9/yyaml/tests/test_error.rs:227:5
      20:        0x1048457d8 - test_error::test_deserialize_nested_enum::{{closure}}::h490892ca63b1e7f2
                                   at /Volumes/samsung_t9/yyaml/tests/test_error.rs:212:34
      21:        0x104884ae8 - core::ops::function::FnOnce::call_once::haa7fe1d4bb825024
                                   at /Users/davidmaple/.rustup/toolchains/nightly-aarch64-apple-darwin/lib/rustlib/src/rust/library/core/src/ops/function.rs:250:5
      22:        0x1048bd88c - core::ops::function::FnOnce::call_once::h1d7d96894b57f1a8
                                   at /rustc/a84ab0ce6c4557a2f01a3a6c3fdb0f92098db78d/library/core/src/ops/function.rs:250:5
      23:        0x1048bd88c - test::__rust_begin_short_backtrace::h49df205d5e8fa5ed
                                   at /rustc/a84ab0ce6c4557a2f01a3a6c3fdb0f92098db78d/library/test/src/lib.rs:648:18
      24:        0x1048bcba4 - test::run_test_in_process::{{closure}}::h541faf28c3f28e80
                                   at /rustc/a84ab0ce6c4557a2f01a3a6c3fdb0f92098db78d/library/test/src/lib.rs:671:74
      25:        0x1048bcba4 - <core::panic::unwind_safe::AssertUnwindSafe<F> as core::ops::function::FnOnce<()>>::call_once::h236201a0c4e41711
                                   at /rustc/a84ab0ce6c4557a2f01a3a6c3fdb0f92098db78d/library/core/src/panic/unwind_safe.rs:272:9
      26:        0x1048bcba4 - std::panicking::catch_unwind::do_call::hae5173175ee45e1c
                                   at /rustc/a84ab0ce6c4557a2f01a3a6c3fdb0f92098db78d/library/std/src/panicking.rs:589:40
      27:        0x1048bcba4 - std::panicking::catch_unwind::h6a8d053f04cf2627
                                   at /rustc/a84ab0ce6c4557a2f01a3a6c3fdb0f92098db78d/library/std/src/panicking.rs:552:19
      28:        0x1048bcba4 - std::panic::catch_unwind::hb283f1f01526f170
                                   at /rustc/a84ab0ce6c4557a2f01a3a6c3fdb0f92098db78d/library/std/src/panic.rs:359:14
      29:        0x1048bcba4 - test::run_test_in_process::h9430f8627c0c1382
                                   at /rustc/a84ab0ce6c4557a2f01a3a6c3fdb0f92098db78d/library/test/src/lib.rs:671:27
      30:        0x1048bcba4 - test::run_test::{{closure}}::h751bf9ca7de48114
                                   at /rustc/a84ab0ce6c4557a2f01a3a6c3fdb0f92098db78d/library/test/src/lib.rs:592:43
      31:        0x10488ce58 - test::run_test::{{closure}}::h86d6947403d809a5
                                   at /rustc/a84ab0ce6c4557a2f01a3a6c3fdb0f92098db78d/library/test/src/lib.rs:622:41
      32:        0x10488ce58 - std::sys::backtrace::__rust_begin_short_backtrace::ha06e6ebca7f7fc41
                                   at /rustc/a84ab0ce6c4557a2f01a3a6c3fdb0f92098db78d/library/std/src/sys/backtrace.rs:152:18
      33:        0x10488fe9c - std::thread::Builder::spawn_unchecked_::{{closure}}::{{closure}}::h340f74199c0374be
                                   at /rustc/a84ab0ce6c4557a2f01a3a6c3fdb0f92098db78d/library/std/src/thread/mod.rs:559:17
      34:        0x10488fe9c - <core::panic::unwind_safe::AssertUnwindSafe<F> as core::ops::function::FnOnce<()>>::call_once::hcab50c7bfdc5f301
                                   at /rustc/a84ab0ce6c4557a2f01a3a6c3fdb0f92098db78d/library/core/src/panic/unwind_safe.rs:272:9
      35:        0x10488fe9c - std::panicking::catch_unwind::do_call::h33579d92230f25ee
                                   at /rustc/a84ab0ce6c4557a2f01a3a6c3fdb0f92098db78d/library/std/src/panicking.rs:589:40
      36:        0x10488fe9c - std::panicking::catch_unwind::h3f0594f05de65a14
                                   at /rustc/a84ab0ce6c4557a2f01a3a6c3fdb0f92098db78d/library/std/src/panicking.rs:552:19
      37:        0x10488fe9c - std::panic::catch_unwind::h206b182460dad7bb
                                   at /rustc/a84ab0ce6c4557a2f01a3a6c3fdb0f92098db78d/library/std/src/panic.rs:359:14
      38:        0x10488fe9c - std::thread::Builder::spawn_unchecked_::{{closure}}::h65fc314577009d40
                                   at /rustc/a84ab0ce6c4557a2f01a3a6c3fdb0f92098db78d/library/std/src/thread/mod.rs:557:30
      39:        0x10488fe9c - core::ops::function::FnOnce::call_once{{vtable.shim}}::h55722ca4b30b1375
                                   at /rustc/a84ab0ce6c4557a2f01a3a6c3fdb0f92098db78d/library/core/src/ops/function.rs:250:5
      40:        0x104938bbc - <alloc::boxed::Box<F,A> as core::ops::function::FnOnce<Args>>::call_once::hc690e8f7f863e4a4
                                   at /rustc/a84ab0ce6c4557a2f01a3a6c3fdb0f92098db78d/library/alloc/src/boxed.rs:1971:9
      41:        0x104938bbc - <alloc::boxed::Box<F,A> as core::ops::function::FnOnce<Args>>::call_once::hbd7368fd73181a81
                                   at /rustc/a84ab0ce6c4557a2f01a3a6c3fdb0f92098db78d/library/alloc/src/boxed.rs:1971:9
      42:        0x104938bbc - std::sys::pal::unix::thread::Thread::new::thread_start::h68f6477ab49ddfa6
                                   at /rustc/a84ab0ce6c4557a2f01a3a6c3fdb0f92098db78d/library/std/src/sys/pal/unix/thread.rs:97:17
      43:        0x18cb17c0c - __pthread_cond_wait

  TRY 2 FAIL [   1.234s] yyaml::test_de test_u128_big
  stdout ───

    running 1 test
    test test_u128_big ... FAILED

    failures:

    failures:
        test_u128_big

    test result: FAILED. 0 passed; 1 failed; 0 ignored; 0 measured; 22 filtered out; finished in 1.23s

  stderr ───

    thread 'test_u128_big' panicked at tests/test_de.rs:320:58:
    called `Result::unwrap()` on an `Err` value: Custom("expected integer")
    stack backtrace:
       0:        0x100644a84 - std::backtrace_rs::backtrace::libunwind::trace::h55ff2b95044b23af
                                   at /rustc/a84ab0ce6c4557a2f01a3a6c3fdb0f92098db78d/library/std/src/../../backtrace/src/backtrace/libunwind.rs:117:9
       1:        0x100644a84 - std::backtrace_rs::backtrace::trace_unsynchronized::h27d3915c5fade0eb
                                   at /rustc/a84ab0ce6c4557a2f01a3a6c3fdb0f92098db78d/library/std/src/../../backtrace/src/backtrace/mod.rs:66:14
       2:        0x100644a84 - std::sys::backtrace::_print_fmt::h8814266628a35447
                                   at /rustc/a84ab0ce6c4557a2f01a3a6c3fdb0f92098db78d/library/std/src/sys/backtrace.rs:66:9
       3:        0x100644a84 - <std::sys::backtrace::BacktraceLock::print::DisplayBacktrace as core::fmt::Display>::fmt::h5e725fe22fa64edb
                                   at /rustc/a84ab0ce6c4557a2f01a3a6c3fdb0f92098db78d/library/std/src/sys/backtrace.rs:39:26
       4:        0x100660f00 - core::fmt::rt::Argument::fmt::he1ba4eb06f4d26ae
                                   at /rustc/a84ab0ce6c4557a2f01a3a6c3fdb0f92098db78d/library/core/src/fmt/rt.rs:173:76
       5:        0x100660f00 - core::fmt::write::h8e1a8a4d36399bb5
                                   at /rustc/a84ab0ce6c4557a2f01a3a6c3fdb0f92098db78d/library/core/src/fmt/mod.rs:1465:25
       6:        0x100642770 - std::io::default_write_fmt::hfe5ca79aa8977266
                                   at /rustc/a84ab0ce6c4557a2f01a3a6c3fdb0f92098db78d/library/std/src/io/mod.rs:639:11
       7:        0x100642770 - std::io::Write::write_fmt::h0e6971909a7068ed
                                   at /rustc/a84ab0ce6c4557a2f01a3a6c3fdb0f92098db78d/library/std/src/io/mod.rs:1954:13
       8:        0x100644938 - std::sys::backtrace::BacktraceLock::print::h356b93a0435479ac
                                   at /rustc/a84ab0ce6c4557a2f01a3a6c3fdb0f92098db78d/library/std/src/sys/backtrace.rs:42:9
       9:        0x100645e98 - std::panicking::default_hook::{{closure}}::h96886c361ce2e5ed
                                   at /rustc/a84ab0ce6c4557a2f01a3a6c3fdb0f92098db78d/library/std/src/panicking.rs:300:27
      10:        0x100645ce8 - std::panicking::default_hook::h205a855c3bc7384c
                                   at /rustc/a84ab0ce6c4557a2f01a3a6c3fdb0f92098db78d/library/std/src/panicking.rs:327:9
      11:        0x100646920 - std::panicking::rust_panic_with_hook::hf78b19a86c461f44
                                   at /rustc/a84ab0ce6c4557a2f01a3a6c3fdb0f92098db78d/library/std/src/panicking.rs:833:13
      12:        0x100646554 - std::panicking::begin_panic_handler::{{closure}}::h05c1a3f496032da4
                                   at /rustc/a84ab0ce6c4557a2f01a3a6c3fdb0f92098db78d/library/std/src/panicking.rs:706:13
      13:        0x100644f30 - std::sys::backtrace::__rust_end_short_backtrace::hb1ad2b94954f716c
                                   at /rustc/a84ab0ce6c4557a2f01a3a6c3fdb0f92098db78d/library/std/src/sys/backtrace.rs:168:18
      14:        0x100646230 - __rustc[c0c724db799d4e69]::rust_begin_unwind
                                   at /rustc/a84ab0ce6c4557a2f01a3a6c3fdb0f92098db78d/library/std/src/panicking.rs:697:5
      15:        0x100673634 - core::panicking::panic_fmt::hf0f4ee38d6b2b5ec
                                   at /rustc/a84ab0ce6c4557a2f01a3a6c3fdb0f92098db78d/library/core/src/panicking.rs:75:14
      16:        0x1006739ec - core::result::unwrap_failed::h3d4344ad99c2aa29
                                   at /rustc/a84ab0ce6c4557a2f01a3a6c3fdb0f92098db78d/library/core/src/result.rs:1761:5
      17:        0x100343284 - core::result::Result<T,E>::unwrap::hed564979cd18fce1
                                   at /Users/davidmaple/.rustup/toolchains/nightly-aarch64-apple-darwin/lib/rustlib/src/rust/library/core/src/result.rs:1167:23
      18:        0x100343284 - test_de::test_u128_big::h08c89d4887b2bbc0
                                   at /Volumes/samsung_t9/yyaml/tests/test_de.rs:320:58
      19:        0x100385bb8 - test_de::test_u128_big::{{closure}}::hdb9f018c496b9ce7
                                   at /Volumes/samsung_t9/yyaml/tests/test_de.rs:310:19
      20:        0x10035b7c4 - core::ops::function::FnOnce::call_once::h558a5109614a9fd9
                                   at /Users/davidmaple/.rustup/toolchains/nightly-aarch64-apple-darwin/lib/rustlib/src/rust/library/core/src/ops/function.rs:250:5
      21:        0x1005cd110 - core::ops::function::FnOnce::call_once::h1d7d96894b57f1a8
                                   at /rustc/a84ab0ce6c4557a2f01a3a6c3fdb0f92098db78d/library/core/src/ops/function.rs:250:5
      22:        0x1005cd110 - test::__rust_begin_short_backtrace::h49df205d5e8fa5ed
                                   at /rustc/a84ab0ce6c4557a2f01a3a6c3fdb0f92098db78d/library/test/src/lib.rs:648:18
      23:        0x1005cc428 - test::run_test_in_process::{{closure}}::h541faf28c3f28e80
                                   at /rustc/a84ab0ce6c4557a2f01a3a6c3fdb0f92098db78d/library/test/src/lib.rs:671:74
      24:        0x1005cc428 - <core::panic::unwind_safe::AssertUnwindSafe<F> as core::ops::function::FnOnce<()>>::call_once::h236201a0c4e41711
                                   at /rustc/a84ab0ce6c4557a2f01a3a6c3fdb0f92098db78d/library/core/src/panic/unwind_safe.rs:272:9
      25:        0x1005cc428 - std::panicking::catch_unwind::do_call::hae5173175ee45e1c
                                   at /rustc/a84ab0ce6c4557a2f01a3a6c3fdb0f92098db78d/library/std/src/panicking.rs:589:40
      26:        0x1005cc428 - std::panicking::catch_unwind::h6a8d053f04cf2627
                                   at /rustc/a84ab0ce6c4557a2f01a3a6c3fdb0f92098db78d/library/std/src/panicking.rs:552:19
      27:        0x1005cc428 - std::panic::catch_unwind::hb283f1f01526f170
                                   at /rustc/a84ab0ce6c4557a2f01a3a6c3fdb0f92098db78d/library/std/src/panic.rs:359:14
      28:        0x1005cc428 - test::run_test_in_process::h9430f8627c0c1382
                                   at /rustc/a84ab0ce6c4557a2f01a3a6c3fdb0f92098db78d/library/test/src/lib.rs:671:27
      29:        0x1005cc428 - test::run_test::{{closure}}::h751bf9ca7de48114
                                   at /rustc/a84ab0ce6c4557a2f01a3a6c3fdb0f92098db78d/library/test/src/lib.rs:592:43
      30:        0x10059c6dc - test::run_test::{{closure}}::h86d6947403d809a5
                                   at /rustc/a84ab0ce6c4557a2f01a3a6c3fdb0f92098db78d/library/test/src/lib.rs:622:41
      31:        0x10059c6dc - std::sys::backtrace::__rust_begin_short_backtrace::ha06e6ebca7f7fc41
                                   at /rustc/a84ab0ce6c4557a2f01a3a6c3fdb0f92098db78d/library/std/src/sys/backtrace.rs:152:18
      32:        0x10059f720 - std::thread::Builder::spawn_unchecked_::{{closure}}::{{closure}}::h340f74199c0374be
                                   at /rustc/a84ab0ce6c4557a2f01a3a6c3fdb0f92098db78d/library/std/src/thread/mod.rs:559:17
      33:        0x10059f720 - <core::panic::unwind_safe::AssertUnwindSafe<F> as core::ops::function::FnOnce<()>>::call_once::hcab50c7bfdc5f301
                                   at /rustc/a84ab0ce6c4557a2f01a3a6c3fdb0f92098db78d/library/core/src/panic/unwind_safe.rs:272:9
      34:        0x10059f720 - std::panicking::catch_unwind::do_call::h33579d92230f25ee
                                   at /rustc/a84ab0ce6c4557a2f01a3a6c3fdb0f92098db78d/library/std/src/panicking.rs:589:40
      35:        0x10059f720 - std::panicking::catch_unwind::h3f0594f05de65a14
                                   at /rustc/a84ab0ce6c4557a2f01a3a6c3fdb0f92098db78d/library/std/src/panicking.rs:552:19
      36:        0x10059f720 - std::panic::catch_unwind::h206b182460dad7bb
                                   at /rustc/a84ab0ce6c4557a2f01a3a6c3fdb0f92098db78d/library/std/src/panic.rs:359:14
      37:        0x10059f720 - std::thread::Builder::spawn_unchecked_::{{closure}}::h65fc314577009d40
                                   at /rustc/a84ab0ce6c4557a2f01a3a6c3fdb0f92098db78d/library/std/src/thread/mod.rs:557:30
      38:        0x10059f720 - core::ops::function::FnOnce::call_once{{vtable.shim}}::h55722ca4b30b1375
                                   at /rustc/a84ab0ce6c4557a2f01a3a6c3fdb0f92098db78d/library/core/src/ops/function.rs:250:5
      39:        0x100648ca4 - <alloc::boxed::Box<F,A> as core::ops::function::FnOnce<Args>>::call_once::hc690e8f7f863e4a4
                                   at /rustc/a84ab0ce6c4557a2f01a3a6c3fdb0f92098db78d/library/alloc/src/boxed.rs:1971:9
      40:        0x100648ca4 - <alloc::boxed::Box<F,A> as core::ops::function::FnOnce<Args>>::call_once::hbd7368fd73181a81
                                   at /rustc/a84ab0ce6c4557a2f01a3a6c3fdb0f92098db78d/library/alloc/src/boxed.rs:1971:9
      41:        0x100648ca4 - std::sys::pal::unix::thread::Thread::new::thread_start::h68f6477ab49ddfa6
                                   at /rustc/a84ab0ce6c4557a2f01a3a6c3fdb0f92098db78d/library/std/src/sys/pal/unix/thread.rs:97:17
      42:        0x18cb17c0c - __pthread_cond_wait

  TRY 2 FAIL [   1.217s] yyaml::test_error test_bytes
  stdout ───

    running 1 test
    test test_bytes ... FAILED

    failures:

    failures:
        test_bytes

    test result: FAILED. 0 passed; 1 failed; 0 ignored; 0 measured; 28 filtered out; finished in 1.20s

  stderr ───

    thread 'test_bytes' panicked at tests/test_error.rs:21:5:
    assertion `left == right` failed
      left: "serialization and deserialization of bytes in YAML is not implemented"
     right: "custom: expected sequence"
    stack backtrace:
       0:        0x102b809b8 - std::backtrace_rs::backtrace::libunwind::trace::h55ff2b95044b23af
                                   at /rustc/a84ab0ce6c4557a2f01a3a6c3fdb0f92098db78d/library/std/src/../../backtrace/src/backtrace/libunwind.rs:117:9
       1:        0x102b809b8 - std::backtrace_rs::backtrace::trace_unsynchronized::h27d3915c5fade0eb
                                   at /rustc/a84ab0ce6c4557a2f01a3a6c3fdb0f92098db78d/library/std/src/../../backtrace/src/backtrace/mod.rs:66:14
       2:        0x102b809b8 - std::sys::backtrace::_print_fmt::h8814266628a35447
                                   at /rustc/a84ab0ce6c4557a2f01a3a6c3fdb0f92098db78d/library/std/src/sys/backtrace.rs:66:9
       3:        0x102b809b8 - <std::sys::backtrace::BacktraceLock::print::DisplayBacktrace as core::fmt::Display>::fmt::h5e725fe22fa64edb
                                   at /rustc/a84ab0ce6c4557a2f01a3a6c3fdb0f92098db78d/library/std/src/sys/backtrace.rs:39:26
       4:        0x102b9c5f8 - core::fmt::rt::Argument::fmt::he1ba4eb06f4d26ae
                                   at /rustc/a84ab0ce6c4557a2f01a3a6c3fdb0f92098db78d/library/core/src/fmt/rt.rs:173:76
       5:        0x102b9c5f8 - core::fmt::write::h8e1a8a4d36399bb5
                                   at /rustc/a84ab0ce6c4557a2f01a3a6c3fdb0f92098db78d/library/core/src/fmt/mod.rs:1465:25
       6:        0x102b7e6a4 - std::io::default_write_fmt::hfe5ca79aa8977266
                                   at /rustc/a84ab0ce6c4557a2f01a3a6c3fdb0f92098db78d/library/std/src/io/mod.rs:639:11
       7:        0x102b7e6a4 - std::io::Write::write_fmt::h0e6971909a7068ed
                                   at /rustc/a84ab0ce6c4557a2f01a3a6c3fdb0f92098db78d/library/std/src/io/mod.rs:1954:13
       8:        0x102b8086c - std::sys::backtrace::BacktraceLock::print::h356b93a0435479ac
                                   at /rustc/a84ab0ce6c4557a2f01a3a6c3fdb0f92098db78d/library/std/src/sys/backtrace.rs:42:9
       9:        0x102b81dcc - std::panicking::default_hook::{{closure}}::h96886c361ce2e5ed
                                   at /rustc/a84ab0ce6c4557a2f01a3a6c3fdb0f92098db78d/library/std/src/panicking.rs:300:27
      10:        0x102b81c1c - std::panicking::default_hook::h205a855c3bc7384c
                                   at /rustc/a84ab0ce6c4557a2f01a3a6c3fdb0f92098db78d/library/std/src/panicking.rs:327:9
      11:        0x102b82854 - std::panicking::rust_panic_with_hook::hf78b19a86c461f44
                                   at /rustc/a84ab0ce6c4557a2f01a3a6c3fdb0f92098db78d/library/std/src/panicking.rs:833:13
      12:        0x102b82488 - std::panicking::begin_panic_handler::{{closure}}::h05c1a3f496032da4
                                   at /rustc/a84ab0ce6c4557a2f01a3a6c3fdb0f92098db78d/library/std/src/panicking.rs:706:13
      13:        0x102b80e64 - std::sys::backtrace::__rust_end_short_backtrace::hb1ad2b94954f716c
                                   at /rustc/a84ab0ce6c4557a2f01a3a6c3fdb0f92098db78d/library/std/src/sys/backtrace.rs:168:18
      14:        0x102b82164 - __rustc[c0c724db799d4e69]::rust_begin_unwind
                                   at /rustc/a84ab0ce6c4557a2f01a3a6c3fdb0f92098db78d/library/std/src/panicking.rs:697:5
      15:        0x102ba9bd4 - core::panicking::panic_fmt::hf0f4ee38d6b2b5ec
                                   at /rustc/a84ab0ce6c4557a2f01a3a6c3fdb0f92098db78d/library/core/src/panicking.rs:75:14
      16:        0x102ba9f30 - core::panicking::assert_failed_inner::h2609a8f103a6e931
      17:        0x102ba2e20 - core::panicking::assert_failed::h446f6aaf66963ac2
                                   at /Users/davidmaple/.rustup/toolchains/nightly-aarch64-apple-darwin/lib/rustlib/src/rust/library/core/src/panicking.rs:403:5
      18:        0x102a8b29c - test_error::test_error::h43ff57e6b51eab96
                                   at /Volumes/samsung_t9/yyaml/tests/test_error.rs:21:5
      19:        0x102ac0edc - test_error::test_bytes::h9cf294db5abfc6d6
                                   at /Volumes/samsung_t9/yyaml/tests/test_error.rs:123:5
      20:        0x102a90e7c - test_error::test_bytes::{{closure}}::he30a4eed79389df1
                                   at /Volumes/samsung_t9/yyaml/tests/test_error.rs:121:16
      21:        0x102ad0d28 - core::ops::function::FnOnce::call_once::hc57b864909e39c20
                                   at /Users/davidmaple/.rustup/toolchains/nightly-aarch64-apple-darwin/lib/rustlib/src/rust/library/core/src/ops/function.rs:250:5
      22:        0x102b0988c - core::ops::function::FnOnce::call_once::h1d7d96894b57f1a8
                                   at /rustc/a84ab0ce6c4557a2f01a3a6c3fdb0f92098db78d/library/core/src/ops/function.rs:250:5
      23:        0x102b0988c - test::__rust_begin_short_backtrace::h49df205d5e8fa5ed
                                   at /rustc/a84ab0ce6c4557a2f01a3a6c3fdb0f92098db78d/library/test/src/lib.rs:648:18
      24:        0x102b08ba4 - test::run_test_in_process::{{closure}}::h541faf28c3f28e80
                                   at /rustc/a84ab0ce6c4557a2f01a3a6c3fdb0f92098db78d/library/test/src/lib.rs:671:74
      25:        0x102b08ba4 - <core::panic::unwind_safe::AssertUnwindSafe<F> as core::ops::function::FnOnce<()>>::call_once::h236201a0c4e41711
                                   at /rustc/a84ab0ce6c4557a2f01a3a6c3fdb0f92098db78d/library/core/src/panic/unwind_safe.rs:272:9
      26:        0x102b08ba4 - std::panicking::catch_unwind::do_call::hae5173175ee45e1c
                                   at /rustc/a84ab0ce6c4557a2f01a3a6c3fdb0f92098db78d/library/std/src/panicking.rs:589:40
      27:        0x102b08ba4 - std::panicking::catch_unwind::h6a8d053f04cf2627
                                   at /rustc/a84ab0ce6c4557a2f01a3a6c3fdb0f92098db78d/library/std/src/panicking.rs:552:19
      28:        0x102b08ba4 - std::panic::catch_unwind::hb283f1f01526f170
                                   at /rustc/a84ab0ce6c4557a2f01a3a6c3fdb0f92098db78d/library/std/src/panic.rs:359:14
      29:        0x102b08ba4 - test::run_test_in_process::h9430f8627c0c1382
                                   at /rustc/a84ab0ce6c4557a2f01a3a6c3fdb0f92098db78d/library/test/src/lib.rs:671:27
      30:        0x102b08ba4 - test::run_test::{{closure}}::h751bf9ca7de48114
                                   at /rustc/a84ab0ce6c4557a2f01a3a6c3fdb0f92098db78d/library/test/src/lib.rs:592:43
      31:        0x102ad8e58 - test::run_test::{{closure}}::h86d6947403d809a5
                                   at /rustc/a84ab0ce6c4557a2f01a3a6c3fdb0f92098db78d/library/test/src/lib.rs:622:41
      32:        0x102ad8e58 - std::sys::backtrace::__rust_begin_short_backtrace::ha06e6ebca7f7fc41
                                   at /rustc/a84ab0ce6c4557a2f01a3a6c3fdb0f92098db78d/library/std/src/sys/backtrace.rs:152:18
      33:        0x102adbe9c - std::thread::Builder::spawn_unchecked_::{{closure}}::{{closure}}::h340f74199c0374be
                                   at /rustc/a84ab0ce6c4557a2f01a3a6c3fdb0f92098db78d/library/std/src/thread/mod.rs:559:17
      34:        0x102adbe9c - <core::panic::unwind_safe::AssertUnwindSafe<F> as core::ops::function::FnOnce<()>>::call_once::hcab50c7bfdc5f301
                                   at /rustc/a84ab0ce6c4557a2f01a3a6c3fdb0f92098db78d/library/core/src/panic/unwind_safe.rs:272:9
      35:        0x102adbe9c - std::panicking::catch_unwind::do_call::h33579d92230f25ee
                                   at /rustc/a84ab0ce6c4557a2f01a3a6c3fdb0f92098db78d/library/std/src/panicking.rs:589:40
      36:        0x102adbe9c - std::panicking::catch_unwind::h3f0594f05de65a14
                                   at /rustc/a84ab0ce6c4557a2f01a3a6c3fdb0f92098db78d/library/std/src/panicking.rs:552:19
      37:        0x102adbe9c - std::panic::catch_unwind::h206b182460dad7bb
                                   at /rustc/a84ab0ce6c4557a2f01a3a6c3fdb0f92098db78d/library/std/src/panic.rs:359:14
      38:        0x102adbe9c - std::thread::Builder::spawn_unchecked_::{{closure}}::h65fc314577009d40
                                   at /rustc/a84ab0ce6c4557a2f01a3a6c3fdb0f92098db78d/library/std/src/thread/mod.rs:557:30
      39:        0x102adbe9c - core::ops::function::FnOnce::call_once{{vtable.shim}}::h55722ca4b30b1375
                                   at /rustc/a84ab0ce6c4557a2f01a3a6c3fdb0f92098db78d/library/core/src/ops/function.rs:250:5
      40:        0x102b84bbc - <alloc::boxed::Box<F,A> as core::ops::function::FnOnce<Args>>::call_once::hc690e8f7f863e4a4
                                   at /rustc/a84ab0ce6c4557a2f01a3a6c3fdb0f92098db78d/library/alloc/src/boxed.rs:1971:9
      41:        0x102b84bbc - <alloc::boxed::Box<F,A> as core::ops::function::FnOnce<Args>>::call_once::hbd7368fd73181a81
                                   at /rustc/a84ab0ce6c4557a2f01a3a6c3fdb0f92098db78d/library/alloc/src/boxed.rs:1971:9
      42:        0x102b84bbc - std::sys::pal::unix::thread::Thread::new::thread_start::h68f6477ab49ddfa6
                                   at /rustc/a84ab0ce6c4557a2f01a3a6c3fdb0f92098db78d/library/std/src/sys/pal/unix/thread.rs:97:17
      43:        0x18cb17c0c - __pthread_cond_wait

  TRY 2 FAIL [   1.222s] yyaml::test_error test_bad_bool
  stdout ───

    running 1 test
    test test_bad_bool ... FAILED

    failures:

    failures:
        test_bad_bool

    test result: FAILED. 0 passed; 1 failed; 0 ignored; 0 measured; 28 filtered out; finished in 1.21s

  stderr ───

    thread 'test_bad_bool' panicked at tests/test_error.rs:21:5:
    assertion `left == right` failed
      left: "invalid value: string \"str\", expected a boolean at line 2 column 1"
     right: "scan error: invalid tag handle format (must be !, !!, or !word!) at line 2 col 2"
    stack backtrace:
       0:        0x104ed09b8 - std::backtrace_rs::backtrace::libunwind::trace::h55ff2b95044b23af
                                   at /rustc/a84ab0ce6c4557a2f01a3a6c3fdb0f92098db78d/library/std/src/../../backtrace/src/backtrace/libunwind.rs:117:9
       1:        0x104ed09b8 - std::backtrace_rs::backtrace::trace_unsynchronized::h27d3915c5fade0eb
                                   at /rustc/a84ab0ce6c4557a2f01a3a6c3fdb0f92098db78d/library/std/src/../../backtrace/src/backtrace/mod.rs:66:14
       2:        0x104ed09b8 - std::sys::backtrace::_print_fmt::h8814266628a35447
                                   at /rustc/a84ab0ce6c4557a2f01a3a6c3fdb0f92098db78d/library/std/src/sys/backtrace.rs:66:9
       3:        0x104ed09b8 - <std::sys::backtrace::BacktraceLock::print::DisplayBacktrace as core::fmt::Display>::fmt::h5e725fe22fa64edb
                                   at /rustc/a84ab0ce6c4557a2f01a3a6c3fdb0f92098db78d/library/std/src/sys/backtrace.rs:39:26
       4:        0x104eec5f8 - core::fmt::rt::Argument::fmt::he1ba4eb06f4d26ae
                                   at /rustc/a84ab0ce6c4557a2f01a3a6c3fdb0f92098db78d/library/core/src/fmt/rt.rs:173:76
       5:        0x104eec5f8 - core::fmt::write::h8e1a8a4d36399bb5
                                   at /rustc/a84ab0ce6c4557a2f01a3a6c3fdb0f92098db78d/library/core/src/fmt/mod.rs:1465:25
       6:        0x104ece6a4 - std::io::default_write_fmt::hfe5ca79aa8977266
                                   at /rustc/a84ab0ce6c4557a2f01a3a6c3fdb0f92098db78d/library/std/src/io/mod.rs:639:11
       7:        0x104ece6a4 - std::io::Write::write_fmt::h0e6971909a7068ed
                                   at /rustc/a84ab0ce6c4557a2f01a3a6c3fdb0f92098db78d/library/std/src/io/mod.rs:1954:13
       8:        0x104ed086c - std::sys::backtrace::BacktraceLock::print::h356b93a0435479ac
                                   at /rustc/a84ab0ce6c4557a2f01a3a6c3fdb0f92098db78d/library/std/src/sys/backtrace.rs:42:9
       9:        0x104ed1dcc - std::panicking::default_hook::{{closure}}::h96886c361ce2e5ed
                                   at /rustc/a84ab0ce6c4557a2f01a3a6c3fdb0f92098db78d/library/std/src/panicking.rs:300:27
      10:        0x104ed1c1c - std::panicking::default_hook::h205a855c3bc7384c
                                   at /rustc/a84ab0ce6c4557a2f01a3a6c3fdb0f92098db78d/library/std/src/panicking.rs:327:9
      11:        0x104ed2854 - std::panicking::rust_panic_with_hook::hf78b19a86c461f44
                                   at /rustc/a84ab0ce6c4557a2f01a3a6c3fdb0f92098db78d/library/std/src/panicking.rs:833:13
      12:        0x104ed2488 - std::panicking::begin_panic_handler::{{closure}}::h05c1a3f496032da4
                                   at /rustc/a84ab0ce6c4557a2f01a3a6c3fdb0f92098db78d/library/std/src/panicking.rs:706:13
      13:        0x104ed0e64 - std::sys::backtrace::__rust_end_short_backtrace::hb1ad2b94954f716c
                                   at /rustc/a84ab0ce6c4557a2f01a3a6c3fdb0f92098db78d/library/std/src/sys/backtrace.rs:168:18
      14:        0x104ed2164 - __rustc[c0c724db799d4e69]::rust_begin_unwind
                                   at /rustc/a84ab0ce6c4557a2f01a3a6c3fdb0f92098db78d/library/std/src/panicking.rs:697:5
      15:        0x104ef9bd4 - core::panicking::panic_fmt::hf0f4ee38d6b2b5ec
                                   at /rustc/a84ab0ce6c4557a2f01a3a6c3fdb0f92098db78d/library/core/src/panicking.rs:75:14
      16:        0x104ef9f30 - core::panicking::assert_failed_inner::h2609a8f103a6e931
      17:        0x104ef2e20 - core::panicking::assert_failed::h446f6aaf66963ac2
                                   at /Users/davidmaple/.rustup/toolchains/nightly-aarch64-apple-darwin/lib/rustlib/src/rust/library/core/src/panicking.rs:403:5
      18:        0x104ddd768 - test_error::test_error::hc8f9aeda97c9b315
                                   at /Volumes/samsung_t9/yyaml/tests/test_error.rs:21:5
      19:        0x104e11e4c - test_error::test_bad_bool::hb03e0926aff3334c
                                   at /Volumes/samsung_t9/yyaml/tests/test_error.rs:282:5
      20:        0x104de2cdc - test_error::test_bad_bool::{{closure}}::h89b5764ed52c7cbd
                                   at /Volumes/samsung_t9/yyaml/tests/test_error.rs:276:19
      21:        0x104e205f4 - core::ops::function::FnOnce::call_once::h48092f701fa7760c
                                   at /Users/davidmaple/.rustup/toolchains/nightly-aarch64-apple-darwin/lib/rustlib/src/rust/library/core/src/ops/function.rs:250:5
      22:        0x104e5988c - core::ops::function::FnOnce::call_once::h1d7d96894b57f1a8
                                   at /rustc/a84ab0ce6c4557a2f01a3a6c3fdb0f92098db78d/library/core/src/ops/function.rs:250:5
      23:        0x104e5988c - test::__rust_begin_short_backtrace::h49df205d5e8fa5ed
                                   at /rustc/a84ab0ce6c4557a2f01a3a6c3fdb0f92098db78d/library/test/src/lib.rs:648:18
      24:        0x104e58ba4 - test::run_test_in_process::{{closure}}::h541faf28c3f28e80
                                   at /rustc/a84ab0ce6c4557a2f01a3a6c3fdb0f92098db78d/library/test/src/lib.rs:671:74
      25:        0x104e58ba4 - <core::panic::unwind_safe::AssertUnwindSafe<F> as core::ops::function::FnOnce<()>>::call_once::h236201a0c4e41711
                                   at /rustc/a84ab0ce6c4557a2f01a3a6c3fdb0f92098db78d/library/core/src/panic/unwind_safe.rs:272:9
      26:        0x104e58ba4 - std::panicking::catch_unwind::do_call::hae5173175ee45e1c
                                   at /rustc/a84ab0ce6c4557a2f01a3a6c3fdb0f92098db78d/library/std/src/panicking.rs:589:40
      27:        0x104e58ba4 - std::panicking::catch_unwind::h6a8d053f04cf2627
                                   at /rustc/a84ab0ce6c4557a2f01a3a6c3fdb0f92098db78d/library/std/src/panicking.rs:552:19
      28:        0x104e58ba4 - std::panic::catch_unwind::hb283f1f01526f170
                                   at /rustc/a84ab0ce6c4557a2f01a3a6c3fdb0f92098db78d/library/std/src/panic.rs:359:14
      29:        0x104e58ba4 - test::run_test_in_process::h9430f8627c0c1382
                                   at /rustc/a84ab0ce6c4557a2f01a3a6c3fdb0f92098db78d/library/test/src/lib.rs:671:27
      30:        0x104e58ba4 - test::run_test::{{closure}}::h751bf9ca7de48114
                                   at /rustc/a84ab0ce6c4557a2f01a3a6c3fdb0f92098db78d/library/test/src/lib.rs:592:43
      31:        0x104e28e58 - test::run_test::{{closure}}::h86d6947403d809a5
                                   at /rustc/a84ab0ce6c4557a2f01a3a6c3fdb0f92098db78d/library/test/src/lib.rs:622:41
      32:        0x104e28e58 - std::sys::backtrace::__rust_begin_short_backtrace::ha06e6ebca7f7fc41
                                   at /rustc/a84ab0ce6c4557a2f01a3a6c3fdb0f92098db78d/library/std/src/sys/backtrace.rs:152:18
      33:        0x104e2be9c - std::thread::Builder::spawn_unchecked_::{{closure}}::{{closure}}::h340f74199c0374be
                                   at /rustc/a84ab0ce6c4557a2f01a3a6c3fdb0f92098db78d/library/std/src/thread/mod.rs:559:17
      34:        0x104e2be9c - <core::panic::unwind_safe::AssertUnwindSafe<F> as core::ops::function::FnOnce<()>>::call_once::hcab50c7bfdc5f301
                                   at /rustc/a84ab0ce6c4557a2f01a3a6c3fdb0f92098db78d/library/core/src/panic/unwind_safe.rs:272:9
      35:        0x104e2be9c - std::panicking::catch_unwind::do_call::h33579d92230f25ee
                                   at /rustc/a84ab0ce6c4557a2f01a3a6c3fdb0f92098db78d/library/std/src/panicking.rs:589:40
      36:        0x104e2be9c - std::panicking::catch_unwind::h3f0594f05de65a14
                                   at /rustc/a84ab0ce6c4557a2f01a3a6c3fdb0f92098db78d/library/std/src/panicking.rs:552:19
      37:        0x104e2be9c - std::panic::catch_unwind::h206b182460dad7bb
                                   at /rustc/a84ab0ce6c4557a2f01a3a6c3fdb0f92098db78d/library/std/src/panic.rs:359:14
      38:        0x104e2be9c - std::thread::Builder::spawn_unchecked_::{{closure}}::h65fc314577009d40
                                   at /rustc/a84ab0ce6c4557a2f01a3a6c3fdb0f92098db78d/library/std/src/thread/mod.rs:557:30
      39:        0x104e2be9c - core::ops::function::FnOnce::call_once{{vtable.shim}}::h55722ca4b30b1375
                                   at /rustc/a84ab0ce6c4557a2f01a3a6c3fdb0f92098db78d/library/core/src/ops/function.rs:250:5
      40:        0x104ed4bbc - <alloc::boxed::Box<F,A> as core::ops::function::FnOnce<Args>>::call_once::hc690e8f7f863e4a4
                                   at /rustc/a84ab0ce6c4557a2f01a3a6c3fdb0f92098db78d/library/alloc/src/boxed.rs:1971:9
      41:        0x104ed4bbc - <alloc::boxed::Box<F,A> as core::ops::function::FnOnce<Args>>::call_once::hbd7368fd73181a81
                                   at /rustc/a84ab0ce6c4557a2f01a3a6c3fdb0f92098db78d/library/alloc/src/boxed.rs:1971:9
      42:        0x104ed4bbc - std::sys::pal::unix::thread::Thread::new::thread_start::h68f6477ab49ddfa6
                                   at /rustc/a84ab0ce6c4557a2f01a3a6c3fdb0f92098db78d/library/std/src/sys/pal/unix/thread.rs:97:17
      43:        0x18cb17c0c - __pthread_cond_wait

  TRY 2 FAIL [   1.223s] yyaml::test_error test_bad_int
  stdout ───

    running 1 test
    test test_bad_int ... FAILED

    failures:

    failures:
        test_bad_int

    test result: FAILED. 0 passed; 1 failed; 0 ignored; 0 measured; 28 filtered out; finished in 1.21s

  stderr ───

    thread 'test_bad_int' panicked at tests/test_error.rs:21:5:
    assertion `left == right` failed
      left: "invalid value: string \"str\", expected an integer at line 2 column 1"
     right: "scan error: invalid tag handle format (must be !, !!, or !word!) at line 2 col 2"
    stack backtrace:
       0:        0x104a909b8 - std::backtrace_rs::backtrace::libunwind::trace::h55ff2b95044b23af
                                   at /rustc/a84ab0ce6c4557a2f01a3a6c3fdb0f92098db78d/library/std/src/../../backtrace/src/backtrace/libunwind.rs:117:9
       1:        0x104a909b8 - std::backtrace_rs::backtrace::trace_unsynchronized::h27d3915c5fade0eb
                                   at /rustc/a84ab0ce6c4557a2f01a3a6c3fdb0f92098db78d/library/std/src/../../backtrace/src/backtrace/mod.rs:66:14
       2:        0x104a909b8 - std::sys::backtrace::_print_fmt::h8814266628a35447
                                   at /rustc/a84ab0ce6c4557a2f01a3a6c3fdb0f92098db78d/library/std/src/sys/backtrace.rs:66:9
       3:        0x104a909b8 - <std::sys::backtrace::BacktraceLock::print::DisplayBacktrace as core::fmt::Display>::fmt::h5e725fe22fa64edb
                                   at /rustc/a84ab0ce6c4557a2f01a3a6c3fdb0f92098db78d/library/std/src/sys/backtrace.rs:39:26
       4:        0x104aac5f8 - core::fmt::rt::Argument::fmt::he1ba4eb06f4d26ae
                                   at /rustc/a84ab0ce6c4557a2f01a3a6c3fdb0f92098db78d/library/core/src/fmt/rt.rs:173:76
       5:        0x104aac5f8 - core::fmt::write::h8e1a8a4d36399bb5
                                   at /rustc/a84ab0ce6c4557a2f01a3a6c3fdb0f92098db78d/library/core/src/fmt/mod.rs:1465:25
       6:        0x104a8e6a4 - std::io::default_write_fmt::hfe5ca79aa8977266
                                   at /rustc/a84ab0ce6c4557a2f01a3a6c3fdb0f92098db78d/library/std/src/io/mod.rs:639:11
       7:        0x104a8e6a4 - std::io::Write::write_fmt::h0e6971909a7068ed
                                   at /rustc/a84ab0ce6c4557a2f01a3a6c3fdb0f92098db78d/library/std/src/io/mod.rs:1954:13
       8:        0x104a9086c - std::sys::backtrace::BacktraceLock::print::h356b93a0435479ac
                                   at /rustc/a84ab0ce6c4557a2f01a3a6c3fdb0f92098db78d/library/std/src/sys/backtrace.rs:42:9
       9:        0x104a91dcc - std::panicking::default_hook::{{closure}}::h96886c361ce2e5ed
                                   at /rustc/a84ab0ce6c4557a2f01a3a6c3fdb0f92098db78d/library/std/src/panicking.rs:300:27
      10:        0x104a91c1c - std::panicking::default_hook::h205a855c3bc7384c
                                   at /rustc/a84ab0ce6c4557a2f01a3a6c3fdb0f92098db78d/library/std/src/panicking.rs:327:9
      11:        0x104a92854 - std::panicking::rust_panic_with_hook::hf78b19a86c461f44
                                   at /rustc/a84ab0ce6c4557a2f01a3a6c3fdb0f92098db78d/library/std/src/panicking.rs:833:13
      12:        0x104a92488 - std::panicking::begin_panic_handler::{{closure}}::h05c1a3f496032da4
                                   at /rustc/a84ab0ce6c4557a2f01a3a6c3fdb0f92098db78d/library/std/src/panicking.rs:706:13
      13:        0x104a90e64 - std::sys::backtrace::__rust_end_short_backtrace::hb1ad2b94954f716c
                                   at /rustc/a84ab0ce6c4557a2f01a3a6c3fdb0f92098db78d/library/std/src/sys/backtrace.rs:168:18
      14:        0x104a92164 - __rustc[c0c724db799d4e69]::rust_begin_unwind
                                   at /rustc/a84ab0ce6c4557a2f01a3a6c3fdb0f92098db78d/library/std/src/panicking.rs:697:5
      15:        0x104ab9bd4 - core::panicking::panic_fmt::hf0f4ee38d6b2b5ec
                                   at /rustc/a84ab0ce6c4557a2f01a3a6c3fdb0f92098db78d/library/core/src/panicking.rs:75:14
      16:        0x104ab9f30 - core::panicking::assert_failed_inner::h2609a8f103a6e931
      17:        0x104ab2e20 - core::panicking::assert_failed::h446f6aaf66963ac2
                                   at /Users/davidmaple/.rustup/toolchains/nightly-aarch64-apple-darwin/lib/rustlib/src/rust/library/core/src/panicking.rs:403:5
      18:        0x10499b9f8 - test_error::test_error::h64378f4aa02a6efe
                                   at /Volumes/samsung_t9/yyaml/tests/test_error.rs:21:5
      19:        0x1049d1ea0 - test_error::test_bad_int::h88d5a20156441851
                                   at /Volumes/samsung_t9/yyaml/tests/test_error.rs:292:5
      20:        0x1049a2d08 - test_error::test_bad_int::{{closure}}::hd4089f543239943a
                                   at /Volumes/samsung_t9/yyaml/tests/test_error.rs:286:18
      21:        0x1049e0878 - core::ops::function::FnOnce::call_once::h83443c24b38af0b7
                                   at /Users/davidmaple/.rustup/toolchains/nightly-aarch64-apple-darwin/lib/rustlib/src/rust/library/core/src/ops/function.rs:250:5
      22:        0x104a1988c - core::ops::function::FnOnce::call_once::h1d7d96894b57f1a8
                                   at /rustc/a84ab0ce6c4557a2f01a3a6c3fdb0f92098db78d/library/core/src/ops/function.rs:250:5
      23:        0x104a1988c - test::__rust_begin_short_backtrace::h49df205d5e8fa5ed
                                   at /rustc/a84ab0ce6c4557a2f01a3a6c3fdb0f92098db78d/library/test/src/lib.rs:648:18
      24:        0x104a18ba4 - test::run_test_in_process::{{closure}}::h541faf28c3f28e80
                                   at /rustc/a84ab0ce6c4557a2f01a3a6c3fdb0f92098db78d/library/test/src/lib.rs:671:74
      25:        0x104a18ba4 - <core::panic::unwind_safe::AssertUnwindSafe<F> as core::ops::function::FnOnce<()>>::call_once::h236201a0c4e41711
                                   at /rustc/a84ab0ce6c4557a2f01a3a6c3fdb0f92098db78d/library/core/src/panic/unwind_safe.rs:272:9
      26:        0x104a18ba4 - std::panicking::catch_unwind::do_call::hae5173175ee45e1c
                                   at /rustc/a84ab0ce6c4557a2f01a3a6c3fdb0f92098db78d/library/std/src/panicking.rs:589:40
      27:        0x104a18ba4 - std::panicking::catch_unwind::h6a8d053f04cf2627
                                   at /rustc/a84ab0ce6c4557a2f01a3a6c3fdb0f92098db78d/library/std/src/panicking.rs:552:19
      28:        0x104a18ba4 - std::panic::catch_unwind::hb283f1f01526f170
                                   at /rustc/a84ab0ce6c4557a2f01a3a6c3fdb0f92098db78d/library/std/src/panic.rs:359:14
      29:        0x104a18ba4 - test::run_test_in_process::h9430f8627c0c1382
                                   at /rustc/a84ab0ce6c4557a2f01a3a6c3fdb0f92098db78d/library/test/src/lib.rs:671:27
      30:        0x104a18ba4 - test::run_test::{{closure}}::h751bf9ca7de48114
                                   at /rustc/a84ab0ce6c4557a2f01a3a6c3fdb0f92098db78d/library/test/src/lib.rs:592:43
      31:        0x1049e8e58 - test::run_test::{{closure}}::h86d6947403d809a5
                                   at /rustc/a84ab0ce6c4557a2f01a3a6c3fdb0f92098db78d/library/test/src/lib.rs:622:41
      32:        0x1049e8e58 - std::sys::backtrace::__rust_begin_short_backtrace::ha06e6ebca7f7fc41
                                   at /rustc/a84ab0ce6c4557a2f01a3a6c3fdb0f92098db78d/library/std/src/sys/backtrace.rs:152:18
      33:        0x1049ebe9c - std::thread::Builder::spawn_unchecked_::{{closure}}::{{closure}}::h340f74199c0374be
                                   at /rustc/a84ab0ce6c4557a2f01a3a6c3fdb0f92098db78d/library/std/src/thread/mod.rs:559:17
      34:        0x1049ebe9c - <core::panic::unwind_safe::AssertUnwindSafe<F> as core::ops::function::FnOnce<()>>::call_once::hcab50c7bfdc5f301
                                   at /rustc/a84ab0ce6c4557a2f01a3a6c3fdb0f92098db78d/library/core/src/panic/unwind_safe.rs:272:9
      35:        0x1049ebe9c - std::panicking::catch_unwind::do_call::h33579d92230f25ee
                                   at /rustc/a84ab0ce6c4557a2f01a3a6c3fdb0f92098db78d/library/std/src/panicking.rs:589:40
      36:        0x1049ebe9c - std::panicking::catch_unwind::h3f0594f05de65a14
                                   at /rustc/a84ab0ce6c4557a2f01a3a6c3fdb0f92098db78d/library/std/src/panicking.rs:552:19
      37:        0x1049ebe9c - std::panic::catch_unwind::h206b182460dad7bb
                                   at /rustc/a84ab0ce6c4557a2f01a3a6c3fdb0f92098db78d/library/std/src/panic.rs:359:14
      38:        0x1049ebe9c - std::thread::Builder::spawn_unchecked_::{{closure}}::h65fc314577009d40
                                   at /rustc/a84ab0ce6c4557a2f01a3a6c3fdb0f92098db78d/library/std/src/thread/mod.rs:557:30
      39:        0x1049ebe9c - core::ops::function::FnOnce::call_once{{vtable.shim}}::h55722ca4b30b1375
                                   at /rustc/a84ab0ce6c4557a2f01a3a6c3fdb0f92098db78d/library/core/src/ops/function.rs:250:5
      40:        0x104a94bbc - <alloc::boxed::Box<F,A> as core::ops::function::FnOnce<Args>>::call_once::hc690e8f7f863e4a4
                                   at /rustc/a84ab0ce6c4557a2f01a3a6c3fdb0f92098db78d/library/alloc/src/boxed.rs:1971:9
      41:        0x104a94bbc - <alloc::boxed::Box<F,A> as core::ops::function::FnOnce<Args>>::call_once::hbd7368fd73181a81
                                   at /rustc/a84ab0ce6c4557a2f01a3a6c3fdb0f92098db78d/library/alloc/src/boxed.rs:1971:9
      42:        0x104a94bbc - std::sys::pal::unix::thread::Thread::new::thread_start::h68f6477ab49ddfa6
                                   at /rustc/a84ab0ce6c4557a2f01a3a6c3fdb0f92098db78d/library/std/src/sys/pal/unix/thread.rs:97:17
      43:        0x18cb17c0c - __pthread_cond_wait

  TRY 2 FAIL [   1.223s] yyaml::test_error test_bad_null
  stdout ───

    running 1 test
    test test_bad_null ... FAILED

    failures:

    failures:
        test_bad_null

    test result: FAILED. 0 passed; 1 failed; 0 ignored; 0 measured; 28 filtered out; finished in 1.21s

  stderr ───

    thread 'test_bad_null' panicked at tests/test_error.rs:21:5:
    assertion `left == right` failed
      left: "invalid value: string \"str\", expected null at line 2 column 1"
     right: "scan error: invalid tag handle format (must be !, !!, or !word!) at line 2 col 2"
    stack backtrace:
       0:        0x1007d09b8 - std::backtrace_rs::backtrace::libunwind::trace::h55ff2b95044b23af
                                   at /rustc/a84ab0ce6c4557a2f01a3a6c3fdb0f92098db78d/library/std/src/../../backtrace/src/backtrace/libunwind.rs:117:9
       1:        0x1007d09b8 - std::backtrace_rs::backtrace::trace_unsynchronized::h27d3915c5fade0eb
                                   at /rustc/a84ab0ce6c4557a2f01a3a6c3fdb0f92098db78d/library/std/src/../../backtrace/src/backtrace/mod.rs:66:14
       2:        0x1007d09b8 - std::sys::backtrace::_print_fmt::h8814266628a35447
                                   at /rustc/a84ab0ce6c4557a2f01a3a6c3fdb0f92098db78d/library/std/src/sys/backtrace.rs:66:9
       3:        0x1007d09b8 - <std::sys::backtrace::BacktraceLock::print::DisplayBacktrace as core::fmt::Display>::fmt::h5e725fe22fa64edb
                                   at /rustc/a84ab0ce6c4557a2f01a3a6c3fdb0f92098db78d/library/std/src/sys/backtrace.rs:39:26
       4:        0x1007ec5f8 - core::fmt::rt::Argument::fmt::he1ba4eb06f4d26ae
                                   at /rustc/a84ab0ce6c4557a2f01a3a6c3fdb0f92098db78d/library/core/src/fmt/rt.rs:173:76
       5:        0x1007ec5f8 - core::fmt::write::h8e1a8a4d36399bb5
                                   at /rustc/a84ab0ce6c4557a2f01a3a6c3fdb0f92098db78d/library/core/src/fmt/mod.rs:1465:25
       6:        0x1007ce6a4 - std::io::default_write_fmt::hfe5ca79aa8977266
                                   at /rustc/a84ab0ce6c4557a2f01a3a6c3fdb0f92098db78d/library/std/src/io/mod.rs:639:11
       7:        0x1007ce6a4 - std::io::Write::write_fmt::h0e6971909a7068ed
                                   at /rustc/a84ab0ce6c4557a2f01a3a6c3fdb0f92098db78d/library/std/src/io/mod.rs:1954:13
       8:        0x1007d086c - std::sys::backtrace::BacktraceLock::print::h356b93a0435479ac
                                   at /rustc/a84ab0ce6c4557a2f01a3a6c3fdb0f92098db78d/library/std/src/sys/backtrace.rs:42:9
       9:        0x1007d1dcc - std::panicking::default_hook::{{closure}}::h96886c361ce2e5ed
                                   at /rustc/a84ab0ce6c4557a2f01a3a6c3fdb0f92098db78d/library/std/src/panicking.rs:300:27
      10:        0x1007d1c1c - std::panicking::default_hook::h205a855c3bc7384c
                                   at /rustc/a84ab0ce6c4557a2f01a3a6c3fdb0f92098db78d/library/std/src/panicking.rs:327:9
      11:        0x1007d2854 - std::panicking::rust_panic_with_hook::hf78b19a86c461f44
                                   at /rustc/a84ab0ce6c4557a2f01a3a6c3fdb0f92098db78d/library/std/src/panicking.rs:833:13
      12:        0x1007d2488 - std::panicking::begin_panic_handler::{{closure}}::h05c1a3f496032da4
                                   at /rustc/a84ab0ce6c4557a2f01a3a6c3fdb0f92098db78d/library/std/src/panicking.rs:706:13
      13:        0x1007d0e64 - std::sys::backtrace::__rust_end_short_backtrace::hb1ad2b94954f716c
                                   at /rustc/a84ab0ce6c4557a2f01a3a6c3fdb0f92098db78d/library/std/src/sys/backtrace.rs:168:18
      14:        0x1007d2164 - __rustc[c0c724db799d4e69]::rust_begin_unwind
                                   at /rustc/a84ab0ce6c4557a2f01a3a6c3fdb0f92098db78d/library/std/src/panicking.rs:697:5
      15:        0x1007f9bd4 - core::panicking::panic_fmt::hf0f4ee38d6b2b5ec
                                   at /rustc/a84ab0ce6c4557a2f01a3a6c3fdb0f92098db78d/library/core/src/panicking.rs:75:14
      16:        0x1007f9f30 - core::panicking::assert_failed_inner::h2609a8f103a6e931
      17:        0x1007f2e20 - core::panicking::assert_failed::h446f6aaf66963ac2
                                   at /Users/davidmaple/.rustup/toolchains/nightly-aarch64-apple-darwin/lib/rustlib/src/rust/library/core/src/panicking.rs:403:5
      18:        0x1006dd00c - test_error::test_error::hc7dc64a434fa0e67
                                   at /Volumes/samsung_t9/yyaml/tests/test_error.rs:21:5
      19:        0x100711f48 - test_error::test_bad_null::hf0d0a1ec626149c1
                                   at /Volumes/samsung_t9/yyaml/tests/test_error.rs:312:5
      20:        0x1006e2d60 - test_error::test_bad_null::{{closure}}::haaeb8b3982ea95f5
                                   at /Volumes/samsung_t9/yyaml/tests/test_error.rs:306:19
      21:        0x100720aac - core::ops::function::FnOnce::call_once::ha697ce10843c774c
                                   at /Users/davidmaple/.rustup/toolchains/nightly-aarch64-apple-darwin/lib/rustlib/src/rust/library/core/src/ops/function.rs:250:5
      22:        0x10075988c - core::ops::function::FnOnce::call_once::h1d7d96894b57f1a8
                                   at /rustc/a84ab0ce6c4557a2f01a3a6c3fdb0f92098db78d/library/core/src/ops/function.rs:250:5
      23:        0x10075988c - test::__rust_begin_short_backtrace::h49df205d5e8fa5ed
                                   at /rustc/a84ab0ce6c4557a2f01a3a6c3fdb0f92098db78d/library/test/src/lib.rs:648:18
      24:        0x100758ba4 - test::run_test_in_process::{{closure}}::h541faf28c3f28e80
                                   at /rustc/a84ab0ce6c4557a2f01a3a6c3fdb0f92098db78d/library/test/src/lib.rs:671:74
      25:        0x100758ba4 - <core::panic::unwind_safe::AssertUnwindSafe<F> as core::ops::function::FnOnce<()>>::call_once::h236201a0c4e41711
                                   at /rustc/a84ab0ce6c4557a2f01a3a6c3fdb0f92098db78d/library/core/src/panic/unwind_safe.rs:272:9
      26:        0x100758ba4 - std::panicking::catch_unwind::do_call::hae5173175ee45e1c
                                   at /rustc/a84ab0ce6c4557a2f01a3a6c3fdb0f92098db78d/library/std/src/panicking.rs:589:40
      27:        0x100758ba4 - std::panicking::catch_unwind::h6a8d053f04cf2627
                                   at /rustc/a84ab0ce6c4557a2f01a3a6c3fdb0f92098db78d/library/std/src/panicking.rs:552:19
      28:        0x100758ba4 - std::panic::catch_unwind::hb283f1f01526f170
                                   at /rustc/a84ab0ce6c4557a2f01a3a6c3fdb0f92098db78d/library/std/src/panic.rs:359:14
      29:        0x100758ba4 - test::run_test_in_process::h9430f8627c0c1382
                                   at /rustc/a84ab0ce6c4557a2f01a3a6c3fdb0f92098db78d/library/test/src/lib.rs:671:27
      30:        0x100758ba4 - test::run_test::{{closure}}::h751bf9ca7de48114
                                   at /rustc/a84ab0ce6c4557a2f01a3a6c3fdb0f92098db78d/library/test/src/lib.rs:592:43
      31:        0x100728e58 - test::run_test::{{closure}}::h86d6947403d809a5
                                   at /rustc/a84ab0ce6c4557a2f01a3a6c3fdb0f92098db78d/library/test/src/lib.rs:622:41
      32:        0x100728e58 - std::sys::backtrace::__rust_begin_short_backtrace::ha06e6ebca7f7fc41
                                   at /rustc/a84ab0ce6c4557a2f01a3a6c3fdb0f92098db78d/library/std/src/sys/backtrace.rs:152:18
      33:        0x10072be9c - std::thread::Builder::spawn_unchecked_::{{closure}}::{{closure}}::h340f74199c0374be
                                   at /rustc/a84ab0ce6c4557a2f01a3a6c3fdb0f92098db78d/library/std/src/thread/mod.rs:559:17
      34:        0x10072be9c - <core::panic::unwind_safe::AssertUnwindSafe<F> as core::ops::function::FnOnce<()>>::call_once::hcab50c7bfdc5f301
                                   at /rustc/a84ab0ce6c4557a2f01a3a6c3fdb0f92098db78d/library/core/src/panic/unwind_safe.rs:272:9
      35:        0x10072be9c - std::panicking::catch_unwind::do_call::h33579d92230f25ee
                                   at /rustc/a84ab0ce6c4557a2f01a3a6c3fdb0f92098db78d/library/std/src/panicking.rs:589:40
      36:        0x10072be9c - std::panicking::catch_unwind::h3f0594f05de65a14
                                   at /rustc/a84ab0ce6c4557a2f01a3a6c3fdb0f92098db78d/library/std/src/panicking.rs:552:19
      37:        0x10072be9c - std::panic::catch_unwind::h206b182460dad7bb
                                   at /rustc/a84ab0ce6c4557a2f01a3a6c3fdb0f92098db78d/library/std/src/panic.rs:359:14
      38:        0x10072be9c - std::thread::Builder::spawn_unchecked_::{{closure}}::h65fc314577009d40
                                   at /rustc/a84ab0ce6c4557a2f01a3a6c3fdb0f92098db78d/library/std/src/thread/mod.rs:557:30
      39:        0x10072be9c - core::ops::function::FnOnce::call_once{{vtable.shim}}::h55722ca4b30b1375
                                   at /rustc/a84ab0ce6c4557a2f01a3a6c3fdb0f92098db78d/library/core/src/ops/function.rs:250:5
      40:        0x1007d4bbc - <alloc::boxed::Box<F,A> as core::ops::function::FnOnce<Args>>::call_once::hc690e8f7f863e4a4
                                   at /rustc/a84ab0ce6c4557a2f01a3a6c3fdb0f92098db78d/library/alloc/src/boxed.rs:1971:9
      41:        0x1007d4bbc - <alloc::boxed::Box<F,A> as core::ops::function::FnOnce<Args>>::call_once::hbd7368fd73181a81
                                   at /rustc/a84ab0ce6c4557a2f01a3a6c3fdb0f92098db78d/library/alloc/src/boxed.rs:1971:9
      42:        0x1007d4bbc - std::sys::pal::unix::thread::Thread::new::thread_start::h68f6477ab49ddfa6
                                   at /rustc/a84ab0ce6c4557a2f01a3a6c3fdb0f92098db78d/library/std/src/sys/pal/unix/thread.rs:97:17
      43:        0x18cb17c0c - __pthread_cond_wait

  TRY 2 FAIL [   1.224s] yyaml::test_error test_bad_float
  stdout ───

    running 1 test
    test test_bad_float ... FAILED

    failures:

    failures:
        test_bad_float

    test result: FAILED. 0 passed; 1 failed; 0 ignored; 0 measured; 28 filtered out; finished in 1.21s

  stderr ───

    thread 'test_bad_float' panicked at tests/test_error.rs:21:5:
    assertion `left == right` failed
      left: "invalid value: string \"str\", expected a float at line 2 column 1"
     right: "scan error: invalid tag handle format (must be !, !!, or !word!) at line 2 col 2"
    stack backtrace:
       0:        0x1044b89b8 - std::backtrace_rs::backtrace::libunwind::trace::h55ff2b95044b23af
                                   at /rustc/a84ab0ce6c4557a2f01a3a6c3fdb0f92098db78d/library/std/src/../../backtrace/src/backtrace/libunwind.rs:117:9
       1:        0x1044b89b8 - std::backtrace_rs::backtrace::trace_unsynchronized::h27d3915c5fade0eb
                                   at /rustc/a84ab0ce6c4557a2f01a3a6c3fdb0f92098db78d/library/std/src/../../backtrace/src/backtrace/mod.rs:66:14
       2:        0x1044b89b8 - std::sys::backtrace::_print_fmt::h8814266628a35447
                                   at /rustc/a84ab0ce6c4557a2f01a3a6c3fdb0f92098db78d/library/std/src/sys/backtrace.rs:66:9
       3:        0x1044b89b8 - <std::sys::backtrace::BacktraceLock::print::DisplayBacktrace as core::fmt::Display>::fmt::h5e725fe22fa64edb
                                   at /rustc/a84ab0ce6c4557a2f01a3a6c3fdb0f92098db78d/library/std/src/sys/backtrace.rs:39:26
       4:        0x1044d45f8 - core::fmt::rt::Argument::fmt::he1ba4eb06f4d26ae
                                   at /rustc/a84ab0ce6c4557a2f01a3a6c3fdb0f92098db78d/library/core/src/fmt/rt.rs:173:76
       5:        0x1044d45f8 - core::fmt::write::h8e1a8a4d36399bb5
                                   at /rustc/a84ab0ce6c4557a2f01a3a6c3fdb0f92098db78d/library/core/src/fmt/mod.rs:1465:25
       6:        0x1044b66a4 - std::io::default_write_fmt::hfe5ca79aa8977266
                                   at /rustc/a84ab0ce6c4557a2f01a3a6c3fdb0f92098db78d/library/std/src/io/mod.rs:639:11
       7:        0x1044b66a4 - std::io::Write::write_fmt::h0e6971909a7068ed
                                   at /rustc/a84ab0ce6c4557a2f01a3a6c3fdb0f92098db78d/library/std/src/io/mod.rs:1954:13
       8:        0x1044b886c - std::sys::backtrace::BacktraceLock::print::h356b93a0435479ac
                                   at /rustc/a84ab0ce6c4557a2f01a3a6c3fdb0f92098db78d/library/std/src/sys/backtrace.rs:42:9
       9:        0x1044b9dcc - std::panicking::default_hook::{{closure}}::h96886c361ce2e5ed
                                   at /rustc/a84ab0ce6c4557a2f01a3a6c3fdb0f92098db78d/library/std/src/panicking.rs:300:27
      10:        0x1044b9c1c - std::panicking::default_hook::h205a855c3bc7384c
                                   at /rustc/a84ab0ce6c4557a2f01a3a6c3fdb0f92098db78d/library/std/src/panicking.rs:327:9
      11:        0x1044ba854 - std::panicking::rust_panic_with_hook::hf78b19a86c461f44
                                   at /rustc/a84ab0ce6c4557a2f01a3a6c3fdb0f92098db78d/library/std/src/panicking.rs:833:13
      12:        0x1044ba488 - std::panicking::begin_panic_handler::{{closure}}::h05c1a3f496032da4
                                   at /rustc/a84ab0ce6c4557a2f01a3a6c3fdb0f92098db78d/library/std/src/panicking.rs:706:13
      13:        0x1044b8e64 - std::sys::backtrace::__rust_end_short_backtrace::hb1ad2b94954f716c
                                   at /rustc/a84ab0ce6c4557a2f01a3a6c3fdb0f92098db78d/library/std/src/sys/backtrace.rs:168:18
      14:        0x1044ba164 - __rustc[c0c724db799d4e69]::rust_begin_unwind
                                   at /rustc/a84ab0ce6c4557a2f01a3a6c3fdb0f92098db78d/library/std/src/panicking.rs:697:5
      15:        0x1044e1bd4 - core::panicking::panic_fmt::hf0f4ee38d6b2b5ec
                                   at /rustc/a84ab0ce6c4557a2f01a3a6c3fdb0f92098db78d/library/core/src/panicking.rs:75:14
      16:        0x1044e1f30 - core::panicking::assert_failed_inner::h2609a8f103a6e931
      17:        0x1044dae20 - core::panicking::assert_failed::h446f6aaf66963ac2
                                   at /Users/davidmaple/.rustup/toolchains/nightly-aarch64-apple-darwin/lib/rustlib/src/rust/library/core/src/panicking.rs:403:5
      18:        0x1043c3c6c - test_error::test_error::h6a79b37cdda3dc11
                                   at /Volumes/samsung_t9/yyaml/tests/test_error.rs:21:5
      19:        0x1043f9ef4 - test_error::test_bad_float::h64fa738deed56f10
                                   at /Volumes/samsung_t9/yyaml/tests/test_error.rs:302:5
      20:        0x1043cad34 - test_error::test_bad_float::{{closure}}::h4d01d794189bf7df
                                   at /Volumes/samsung_t9/yyaml/tests/test_error.rs:296:20
      21:        0x104408df8 - core::ops::function::FnOnce::call_once::hd51f328482cf8a45
                                   at /Users/davidmaple/.rustup/toolchains/nightly-aarch64-apple-darwin/lib/rustlib/src/rust/library/core/src/ops/function.rs:250:5
      22:        0x10444188c - core::ops::function::FnOnce::call_once::h1d7d96894b57f1a8
                                   at /rustc/a84ab0ce6c4557a2f01a3a6c3fdb0f92098db78d/library/core/src/ops/function.rs:250:5
      23:        0x10444188c - test::__rust_begin_short_backtrace::h49df205d5e8fa5ed
                                   at /rustc/a84ab0ce6c4557a2f01a3a6c3fdb0f92098db78d/library/test/src/lib.rs:648:18
      24:        0x104440ba4 - test::run_test_in_process::{{closure}}::h541faf28c3f28e80
                                   at /rustc/a84ab0ce6c4557a2f01a3a6c3fdb0f92098db78d/library/test/src/lib.rs:671:74
      25:        0x104440ba4 - <core::panic::unwind_safe::AssertUnwindSafe<F> as core::ops::function::FnOnce<()>>::call_once::h236201a0c4e41711
                                   at /rustc/a84ab0ce6c4557a2f01a3a6c3fdb0f92098db78d/library/core/src/panic/unwind_safe.rs:272:9
      26:        0x104440ba4 - std::panicking::catch_unwind::do_call::hae5173175ee45e1c
                                   at /rustc/a84ab0ce6c4557a2f01a3a6c3fdb0f92098db78d/library/std/src/panicking.rs:589:40
      27:        0x104440ba4 - std::panicking::catch_unwind::h6a8d053f04cf2627
                                   at /rustc/a84ab0ce6c4557a2f01a3a6c3fdb0f92098db78d/library/std/src/panicking.rs:552:19
      28:        0x104440ba4 - std::panic::catch_unwind::hb283f1f01526f170
                                   at /rustc/a84ab0ce6c4557a2f01a3a6c3fdb0f92098db78d/library/std/src/panic.rs:359:14
      29:        0x104440ba4 - test::run_test_in_process::h9430f8627c0c1382
                                   at /rustc/a84ab0ce6c4557a2f01a3a6c3fdb0f92098db78d/library/test/src/lib.rs:671:27
      30:        0x104440ba4 - test::run_test::{{closure}}::h751bf9ca7de48114
                                   at /rustc/a84ab0ce6c4557a2f01a3a6c3fdb0f92098db78d/library/test/src/lib.rs:592:43
      31:        0x104410e58 - test::run_test::{{closure}}::h86d6947403d809a5
                                   at /rustc/a84ab0ce6c4557a2f01a3a6c3fdb0f92098db78d/library/test/src/lib.rs:622:41
      32:        0x104410e58 - std::sys::backtrace::__rust_begin_short_backtrace::ha06e6ebca7f7fc41
                                   at /rustc/a84ab0ce6c4557a2f01a3a6c3fdb0f92098db78d/library/std/src/sys/backtrace.rs:152:18
      33:        0x104413e9c - std::thread::Builder::spawn_unchecked_::{{closure}}::{{closure}}::h340f74199c0374be
                                   at /rustc/a84ab0ce6c4557a2f01a3a6c3fdb0f92098db78d/library/std/src/thread/mod.rs:559:17
      34:        0x104413e9c - <core::panic::unwind_safe::AssertUnwindSafe<F> as core::ops::function::FnOnce<()>>::call_once::hcab50c7bfdc5f301
                                   at /rustc/a84ab0ce6c4557a2f01a3a6c3fdb0f92098db78d/library/core/src/panic/unwind_safe.rs:272:9
      35:        0x104413e9c - std::panicking::catch_unwind::do_call::h33579d92230f25ee
                                   at /rustc/a84ab0ce6c4557a2f01a3a6c3fdb0f92098db78d/library/std/src/panicking.rs:589:40
      36:        0x104413e9c - std::panicking::catch_unwind::h3f0594f05de65a14
                                   at /rustc/a84ab0ce6c4557a2f01a3a6c3fdb0f92098db78d/library/std/src/panicking.rs:552:19
      37:        0x104413e9c - std::panic::catch_unwind::h206b182460dad7bb
                                   at /rustc/a84ab0ce6c4557a2f01a3a6c3fdb0f92098db78d/library/std/src/panic.rs:359:14
      38:        0x104413e9c - std::thread::Builder::spawn_unchecked_::{{closure}}::h65fc314577009d40
                                   at /rustc/a84ab0ce6c4557a2f01a3a6c3fdb0f92098db78d/library/std/src/thread/mod.rs:557:30
      39:        0x104413e9c - core::ops::function::FnOnce::call_once{{vtable.shim}}::h55722ca4b30b1375
                                   at /rustc/a84ab0ce6c4557a2f01a3a6c3fdb0f92098db78d/library/core/src/ops/function.rs:250:5
      40:        0x1044bcbbc - <alloc::boxed::Box<F,A> as core::ops::function::FnOnce<Args>>::call_once::hc690e8f7f863e4a4
                                   at /rustc/a84ab0ce6c4557a2f01a3a6c3fdb0f92098db78d/library/alloc/src/boxed.rs:1971:9
      41:        0x1044bcbbc - <alloc::boxed::Box<F,A> as core::ops::function::FnOnce<Args>>::call_once::hbd7368fd73181a81
                                   at /rustc/a84ab0ce6c4557a2f01a3a6c3fdb0f92098db78d/library/alloc/src/boxed.rs:1971:9
      42:        0x1044bcbbc - std::sys::pal::unix::thread::Thread::new::thread_start::h68f6477ab49ddfa6
                                   at /rustc/a84ab0ce6c4557a2f01a3a6c3fdb0f92098db78d/library/std/src/sys/pal/unix/thread.rs:97:17
      43:        0x18cb17c0c - __pthread_cond_wait

  TRY 2 FAIL [   1.225s] yyaml::test_error test_duplicate_keys
  stdout ───

    running 1 test
    test test_duplicate_keys ... FAILED

    failures:

    failures:
        test_duplicate_keys

    test result: FAILED. 0 passed; 1 failed; 0 ignored; 0 measured; 28 filtered out; finished in 1.21s

  stderr ───

    thread 'test_duplicate_keys' panicked at tests/test_error.rs:21:33:
    called `Result::unwrap_err()` on an `Ok` value: Mapping(Mapping({String("thing"): Bool(false)}))
    stack backtrace:
       0:        0x1004dc9b8 - std::backtrace_rs::backtrace::libunwind::trace::h55ff2b95044b23af
                                   at /rustc/a84ab0ce6c4557a2f01a3a6c3fdb0f92098db78d/library/std/src/../../backtrace/src/backtrace/libunwind.rs:117:9
       1:        0x1004dc9b8 - std::backtrace_rs::backtrace::trace_unsynchronized::h27d3915c5fade0eb
                                   at /rustc/a84ab0ce6c4557a2f01a3a6c3fdb0f92098db78d/library/std/src/../../backtrace/src/backtrace/mod.rs:66:14
       2:        0x1004dc9b8 - std::sys::backtrace::_print_fmt::h8814266628a35447
                                   at /rustc/a84ab0ce6c4557a2f01a3a6c3fdb0f92098db78d/library/std/src/sys/backtrace.rs:66:9
       3:        0x1004dc9b8 - <std::sys::backtrace::BacktraceLock::print::DisplayBacktrace as core::fmt::Display>::fmt::h5e725fe22fa64edb
                                   at /rustc/a84ab0ce6c4557a2f01a3a6c3fdb0f92098db78d/library/std/src/sys/backtrace.rs:39:26
       4:        0x1004f85f8 - core::fmt::rt::Argument::fmt::he1ba4eb06f4d26ae
                                   at /rustc/a84ab0ce6c4557a2f01a3a6c3fdb0f92098db78d/library/core/src/fmt/rt.rs:173:76
       5:        0x1004f85f8 - core::fmt::write::h8e1a8a4d36399bb5
                                   at /rustc/a84ab0ce6c4557a2f01a3a6c3fdb0f92098db78d/library/core/src/fmt/mod.rs:1465:25
       6:        0x1004da6a4 - std::io::default_write_fmt::hfe5ca79aa8977266
                                   at /rustc/a84ab0ce6c4557a2f01a3a6c3fdb0f92098db78d/library/std/src/io/mod.rs:639:11
       7:        0x1004da6a4 - std::io::Write::write_fmt::h0e6971909a7068ed
                                   at /rustc/a84ab0ce6c4557a2f01a3a6c3fdb0f92098db78d/library/std/src/io/mod.rs:1954:13
       8:        0x1004dc86c - std::sys::backtrace::BacktraceLock::print::h356b93a0435479ac
                                   at /rustc/a84ab0ce6c4557a2f01a3a6c3fdb0f92098db78d/library/std/src/sys/backtrace.rs:42:9
       9:        0x1004dddcc - std::panicking::default_hook::{{closure}}::h96886c361ce2e5ed
                                   at /rustc/a84ab0ce6c4557a2f01a3a6c3fdb0f92098db78d/library/std/src/panicking.rs:300:27
      10:        0x1004ddc1c - std::panicking::default_hook::h205a855c3bc7384c
                                   at /rustc/a84ab0ce6c4557a2f01a3a6c3fdb0f92098db78d/library/std/src/panicking.rs:327:9
      11:        0x1004de854 - std::panicking::rust_panic_with_hook::hf78b19a86c461f44
                                   at /rustc/a84ab0ce6c4557a2f01a3a6c3fdb0f92098db78d/library/std/src/panicking.rs:833:13
      12:        0x1004de488 - std::panicking::begin_panic_handler::{{closure}}::h05c1a3f496032da4
                                   at /rustc/a84ab0ce6c4557a2f01a3a6c3fdb0f92098db78d/library/std/src/panicking.rs:706:13
      13:        0x1004dce64 - std::sys::backtrace::__rust_end_short_backtrace::hb1ad2b94954f716c
                                   at /rustc/a84ab0ce6c4557a2f01a3a6c3fdb0f92098db78d/library/std/src/sys/backtrace.rs:168:18
      14:        0x1004de164 - __rustc[c0c724db799d4e69]::rust_begin_unwind
                                   at /rustc/a84ab0ce6c4557a2f01a3a6c3fdb0f92098db78d/library/std/src/panicking.rs:697:5
      15:        0x100505bd4 - core::panicking::panic_fmt::hf0f4ee38d6b2b5ec
                                   at /rustc/a84ab0ce6c4557a2f01a3a6c3fdb0f92098db78d/library/core/src/panicking.rs:75:14
      16:        0x100505f8c - core::result::unwrap_failed::h3d4344ad99c2aa29
                                   at /rustc/a84ab0ce6c4557a2f01a3a6c3fdb0f92098db78d/library/core/src/result.rs:1761:5
      17:        0x100411250 - core::result::Result<T,E>::unwrap_err::hd9e9ac7c4920bdf4
                                   at /Users/davidmaple/.rustup/toolchains/nightly-aarch64-apple-darwin/lib/rustlib/src/rust/library/core/src/result.rs:1261:22
      18:        0x1003e76e8 - test_error::test_error::h63c74bbfb1c708a8
                                   at /Volumes/samsung_t9/yyaml/tests/test_error.rs:21:33
      19:        0x10041e998 - test_error::test_duplicate_keys::hd51583583482f91b
                                   at /Volumes/samsung_t9/yyaml/tests/test_error.rs:473:5
      20:        0x1003f12ec - test_error::test_duplicate_keys::{{closure}}::h9e622d91a4cfa38a
                                   at /Volumes/samsung_t9/yyaml/tests/test_error.rs:466:25
      21:        0x10042cf3c - core::ops::function::FnOnce::call_once::hef80379775c6093b
                                   at /Users/davidmaple/.rustup/toolchains/nightly-aarch64-apple-darwin/lib/rustlib/src/rust/library/core/src/ops/function.rs:250:5
      22:        0x10046588c - core::ops::function::FnOnce::call_once::h1d7d96894b57f1a8
                                   at /rustc/a84ab0ce6c4557a2f01a3a6c3fdb0f92098db78d/library/core/src/ops/function.rs:250:5
      23:        0x10046588c - test::__rust_begin_short_backtrace::h49df205d5e8fa5ed
                                   at /rustc/a84ab0ce6c4557a2f01a3a6c3fdb0f92098db78d/library/test/src/lib.rs:648:18
      24:        0x100464ba4 - test::run_test_in_process::{{closure}}::h541faf28c3f28e80
                                   at /rustc/a84ab0ce6c4557a2f01a3a6c3fdb0f92098db78d/library/test/src/lib.rs:671:74
      25:        0x100464ba4 - <core::panic::unwind_safe::AssertUnwindSafe<F> as core::ops::function::FnOnce<()>>::call_once::h236201a0c4e41711
                                   at /rustc/a84ab0ce6c4557a2f01a3a6c3fdb0f92098db78d/library/core/src/panic/unwind_safe.rs:272:9
      26:        0x100464ba4 - std::panicking::catch_unwind::do_call::hae5173175ee45e1c
                                   at /rustc/a84ab0ce6c4557a2f01a3a6c3fdb0f92098db78d/library/std/src/panicking.rs:589:40
      27:        0x100464ba4 - std::panicking::catch_unwind::h6a8d053f04cf2627
                                   at /rustc/a84ab0ce6c4557a2f01a3a6c3fdb0f92098db78d/library/std/src/panicking.rs:552:19
      28:        0x100464ba4 - std::panic::catch_unwind::hb283f1f01526f170
                                   at /rustc/a84ab0ce6c4557a2f01a3a6c3fdb0f92098db78d/library/std/src/panic.rs:359:14
      29:        0x100464ba4 - test::run_test_in_process::h9430f8627c0c1382
                                   at /rustc/a84ab0ce6c4557a2f01a3a6c3fdb0f92098db78d/library/test/src/lib.rs:671:27
      30:        0x100464ba4 - test::run_test::{{closure}}::h751bf9ca7de48114
                                   at /rustc/a84ab0ce6c4557a2f01a3a6c3fdb0f92098db78d/library/test/src/lib.rs:592:43
      31:        0x100434e58 - test::run_test::{{closure}}::h86d6947403d809a5
                                   at /rustc/a84ab0ce6c4557a2f01a3a6c3fdb0f92098db78d/library/test/src/lib.rs:622:41
      32:        0x100434e58 - std::sys::backtrace::__rust_begin_short_backtrace::ha06e6ebca7f7fc41
                                   at /rustc/a84ab0ce6c4557a2f01a3a6c3fdb0f92098db78d/library/std/src/sys/backtrace.rs:152:18
      33:        0x100437e9c - std::thread::Builder::spawn_unchecked_::{{closure}}::{{closure}}::h340f74199c0374be
                                   at /rustc/a84ab0ce6c4557a2f01a3a6c3fdb0f92098db78d/library/std/src/thread/mod.rs:559:17
      34:        0x100437e9c - <core::panic::unwind_safe::AssertUnwindSafe<F> as core::ops::function::FnOnce<()>>::call_once::hcab50c7bfdc5f301
                                   at /rustc/a84ab0ce6c4557a2f01a3a6c3fdb0f92098db78d/library/core/src/panic/unwind_safe.rs:272:9
      35:        0x100437e9c - std::panicking::catch_unwind::do_call::h33579d92230f25ee
                                   at /rustc/a84ab0ce6c4557a2f01a3a6c3fdb0f92098db78d/library/std/src/panicking.rs:589:40
      36:        0x100437e9c - std::panicking::catch_unwind::h3f0594f05de65a14
                                   at /rustc/a84ab0ce6c4557a2f01a3a6c3fdb0f92098db78d/library/std/src/panicking.rs:552:19
      37:        0x100437e9c - std::panic::catch_unwind::h206b182460dad7bb
                                   at /rustc/a84ab0ce6c4557a2f01a3a6c3fdb0f92098db78d/library/std/src/panic.rs:359:14
      38:        0x100437e9c - std::thread::Builder::spawn_unchecked_::{{closure}}::h65fc314577009d40
                                   at /rustc/a84ab0ce6c4557a2f01a3a6c3fdb0f92098db78d/library/std/src/thread/mod.rs:557:30
      39:        0x100437e9c - core::ops::function::FnOnce::call_once{{vtable.shim}}::h55722ca4b30b1375
                                   at /rustc/a84ab0ce6c4557a2f01a3a6c3fdb0f92098db78d/library/core/src/ops/function.rs:250:5
      40:        0x1004e0bbc - <alloc::boxed::Box<F,A> as core::ops::function::FnOnce<Args>>::call_once::hc690e8f7f863e4a4
                                   at /rustc/a84ab0ce6c4557a2f01a3a6c3fdb0f92098db78d/library/alloc/src/boxed.rs:1971:9
      41:        0x1004e0bbc - <alloc::boxed::Box<F,A> as core::ops::function::FnOnce<Args>>::call_once::hbd7368fd73181a81
                                   at /rustc/a84ab0ce6c4557a2f01a3a6c3fdb0f92098db78d/library/alloc/src/boxed.rs:1971:9
      42:        0x1004e0bbc - std::sys::pal::unix::thread::Thread::new::thread_start::h68f6477ab49ddfa6
                                   at /rustc/a84ab0ce6c4557a2f01a3a6c3fdb0f92098db78d/library/std/src/sys/pal/unix/thread.rs:97:17
      43:        0x18cb17c0c - __pthread_cond_wait

[> 30.000s] yyaml::debug_recursion test_recursion_debug
[> 30.000s] yyaml::test_de test_bomb
[> 30.000s] yyaml::test_de test_enum_alias
[> 30.000s] yyaml::test_de test_ignore_tag
[> 30.000s] yyaml::test_error test_billion_laughs
 TERMINATING [> 60.000s] yyaml::test_de test_bomb
 TERMINATING [> 60.000s] yyaml::debug_recursion test_recursion_debug
   TRY 1 TMT [  60.007s] yyaml::debug_recursion test_recursion_debug
  stdout ───

    running 1 test
    Testing recursion elimination with simple tagged value...
    Successfully parsed simple tagged value: Mapping(Mapping({String("test"): String("!wat 42")}))
    Failed to deserialize simple: custom: invalid type: string "!wat 42", expected usize

    Testing complex tagged structure...

    (test timed out)

   DELAY 2/2 by   0.100s yyaml::debug_recursion test_recursion_debug
 TERMINATING [> 60.000s] yyaml::test_de test_enum_alias
   TRY 1 TMT [  60.004s] yyaml::test_de test_enum_alias
  stdout ───

    running 1 test

    (test timed out)

   DELAY 2/2 by   0.100s yyaml::test_de test_enum_alias
 TERMINATING [> 60.000s] yyaml::test_de test_ignore_tag
   TRY 1 TMT [  60.003s] yyaml::test_de test_ignore_tag
  stdout ───

    running 1 test

    (test timed out)

   DELAY 2/2 by   0.100s yyaml::test_de test_ignore_tag
 TERMINATING [> 60.000s] yyaml::test_error test_billion_laughs
   TRY 1 TMT [  60.428s] yyaml::test_de test_bomb
  stdout ───

    running 1 test

    (test timed out)

   DELAY 2/2 by   0.100s yyaml::test_de test_bomb
   TRY 1 TMT [  60.426s] yyaml::test_error test_billion_laughs
  stdout ───

    running 1 test

    (test timed out)

   DELAY 2/2 by   0.100s yyaml::test_error test_billion_laughs
────────────
     Summary [  60.636s] 115/185 tests run: 97 passed, 18 failed, 0 skipped
  TRY 2 FAIL [   1.124s] yyaml::test_de test_borrowed
  TRY 2 FAIL [   1.125s] yyaml::test_de test_byte_order_mark
  TRY 2 FAIL [   1.182s] yyaml::test_de test_de_mapping
  TRY 2 FAIL [   1.105s] yyaml::test_de test_empty_string
  TRY 2 FAIL [   1.177s] yyaml::test_de test_enum_representations
  TRY 2 FAIL [   1.246s] yyaml::test_de test_i128_big
  TRY 2 FAIL [   1.221s] yyaml::test_de test_nan
  TRY 2 FAIL [   1.225s] yyaml::test_de test_no_required_fields
  TRY 2 FAIL [   1.236s] yyaml::test_de test_python_safe_dump
  TRY 2 FAIL [   1.213s] yyaml::test_de test_tag_resolution
  TRY 2 FAIL [   1.234s] yyaml::test_de test_u128_big
  TRY 2 FAIL [   1.222s] yyaml::test_error test_bad_bool
  TRY 2 FAIL [   1.224s] yyaml::test_error test_bad_float
  TRY 2 FAIL [   1.223s] yyaml::test_error test_bad_int
  TRY 2 FAIL [   1.223s] yyaml::test_error test_bad_null
  TRY 2 FAIL [   1.217s] yyaml::test_error test_bytes
  TRY 2 FAIL [   1.209s] yyaml::test_error test_deserialize_nested_enum
  TRY 2 FAIL [   1.225s] yyaml::test_error test_duplicate_keys
warning: 70/185 tests were not run due to test failure (run with --no-fail-fast to run all tests, or run with --max-fail)
error: test run failed
